C:/Users/invain/Desktop/e4ds-stm-cube-ai/quest01/en.fp-ai-sensing1/STM32CubeFunctionPack_SENSING1_V4.0.3/Middlewares/ST/STM32_MetaDataManager/MetaDataManager.c:471:6:ReseMetaDataManager	0	static
C:/Users/invain/Desktop/e4ds-stm-cube-ai/quest01/en.fp-ai-sensing1/STM32CubeFunctionPack_SENSING1_V4.0.3/Middlewares/ST/STM32_MetaDataManager/MetaDataManager.c:497:10:EraseMetaDataManager	8	static
C:/Users/invain/Desktop/e4ds-stm-cube-ai/quest01/en.fp-ai-sensing1/STM32CubeFunctionPack_SENSING1_V4.0.3/Middlewares/ST/STM32_MetaDataManager/MetaDataManager.c:510:6:SaveMetaDataManager	8	static
C:/Users/invain/Desktop/e4ds-stm-cube-ai/quest01/en.fp-ai-sensing1/STM32CubeFunctionPack_SENSING1_V4.0.3/Middlewares/ST/STM32_MetaDataManager/MetaDataManager.c:117:6:InitMetaDataManager	64	static
C:/Users/invain/Desktop/e4ds-stm-cube-ai/quest01/en.fp-ai-sensing1/STM32CubeFunctionPack_SENSING1_V4.0.3/Middlewares/ST/STM32_MetaDataManager/MetaDataManager.c:564:9:MDM_LicenseParsing	48	static
C:/Users/invain/Desktop/e4ds-stm-cube-ai/quest01/en.fp-ai-sensing1/STM32CubeFunctionPack_SENSING1_V4.0.3/Middlewares/ST/STM32_MetaDataManager/MetaDataManager.c:633:10:MetaDataLicenseStatus	0	static
C:/Users/invain/Desktop/e4ds-stm-cube-ai/quest01/en.fp-ai-sensing1/STM32CubeFunctionPack_SENSING1_V4.0.3/Middlewares/ST/STM32_MetaDataManager/MetaDataManager.c:644:10:MDM_SaveGMD	24	static
C:/Users/invain/Desktop/e4ds-stm-cube-ai/quest01/en.fp-ai-sensing1/STM32CubeFunctionPack_SENSING1_V4.0.3/Middlewares/ST/STM32_MetaDataManager/MetaDataManager.c:665:10:MDM_ReCallGMD	8	static
