C:/Users/invain/Desktop/e4ds-stm-cube-ai/quest01/en.fp-ai-sensing1/STM32CubeFunctionPack_SENSING1_V4.0.3/Projects/B-L475E-IOT01A/Applications/SENSING1/Src/hci_tl_interface.c:81:9:HCI_TL_SPI_Init	64	static
C:/Users/invain/Desktop/e4ds-stm-cube-ai/quest01/en.fp-ai-sensing1/STM32CubeFunctionPack_SENSING1_V4.0.3/Projects/B-L475E-IOT01A/Applications/SENSING1/Src/hci_tl_interface.c:168:9:HCI_TL_SPI_DeInit	8	static
C:/Users/invain/Desktop/e4ds-stm-cube-ai/quest01/en.fp-ai-sensing1/STM32CubeFunctionPack_SENSING1_V4.0.3/Projects/B-L475E-IOT01A/Applications/SENSING1/Src/hci_tl_interface.c:182:9:HCI_TL_SPI_Reset	8	static
C:/Users/invain/Desktop/e4ds-stm-cube-ai/quest01/en.fp-ai-sensing1/STM32CubeFunctionPack_SENSING1_V4.0.3/Projects/B-L475E-IOT01A/Applications/SENSING1/Src/hci_tl_interface.c:203:9:HCI_TL_SPI_Receive	40	static
C:/Users/invain/Desktop/e4ds-stm-cube-ai/quest01/en.fp-ai-sensing1/STM32CubeFunctionPack_SENSING1_V4.0.3/Projects/B-L475E-IOT01A/Applications/SENSING1/Src/hci_tl_interface.c:275:9:HCI_TL_SPI_Send	40	static
C:/Users/invain/Desktop/e4ds-stm-cube-ai/quest01/en.fp-ai-sensing1/STM32CubeFunctionPack_SENSING1_V4.0.3/Projects/B-L475E-IOT01A/Applications/SENSING1/Src/hci_tl_interface.c:401:6:hci_tl_lowlevel_init	40	static
C:/Users/invain/Desktop/e4ds-stm-cube-ai/quest01/en.fp-ai-sensing1/STM32CubeFunctionPack_SENSING1_V4.0.3/Projects/B-L475E-IOT01A/Applications/SENSING1/Src/hci_tl_interface.c:461:6:hci_tl_lowlevel_isr	8	static
