C:/Users/invain/Desktop/e4ds-stm-cube-ai/quest01/en.fp-ai-sensing1/STM32CubeFunctionPack_SENSING1_V4.0.3/Projects/B-L475E-IOT01A/Applications/SENSING1/Src/ai_common.c:411:22:aiPrintLayoutBuffer	32	static
C:/Users/invain/Desktop/e4ds-stm-cube-ai/quest01/en.fp-ai-sensing1/STM32CubeFunctionPack_SENSING1_V4.0.3/Projects/B-L475E-IOT01A/Applications/SENSING1/Src/ai_common.c:169:13:ai_mnetwork_find	32	static
C:/Users/invain/Desktop/e4ds-stm-cube-ai/quest01/en.fp-ai-sensing1/STM32CubeFunctionPack_SENSING1_V4.0.3/Projects/B-L475E-IOT01A/Applications/SENSING1/Src/ai_common.c:187:10:ai_mnetwork_create	48	static
C:/Users/invain/Desktop/e4ds-stm-cube-ai/quest01/en.fp-ai-sensing1/STM32CubeFunctionPack_SENSING1_V4.0.3/Projects/B-L475E-IOT01A/Applications/SENSING1/Src/ai_common.c:229:11:ai_mnetwork_destroy	16	static
C:/Users/invain/Desktop/e4ds-stm-cube-ai/quest01/en.fp-ai-sensing1/STM32CubeFunctionPack_SENSING1_V4.0.3/Projects/B-L475E-IOT01A/Applications/SENSING1/Src/ai_common.c:244:9:ai_mnetwork_get_info	8	static
C:/Users/invain/Desktop/e4ds-stm-cube-ai/quest01/en.fp-ai-sensing1/STM32CubeFunctionPack_SENSING1_V4.0.3/Projects/B-L475E-IOT01A/Applications/SENSING1/Src/ai_common.c:255:10:ai_mnetwork_get_error	4	static
C:/Users/invain/Desktop/e4ds-stm-cube-ai/quest01/en.fp-ai-sensing1/STM32CubeFunctionPack_SENSING1_V4.0.3/Projects/B-L475E-IOT01A/Applications/SENSING1/Src/ai_common.c:270:9:ai_mnetwork_init	72	static
C:/Users/invain/Desktop/e4ds-stm-cube-ai/quest01/en.fp-ai-sensing1/STM32CubeFunctionPack_SENSING1_V4.0.3/Projects/B-L475E-IOT01A/Applications/SENSING1/Src/ai_common.c:295:8:ai_mnetwork_run	12	static
C:/Users/invain/Desktop/e4ds-stm-cube-ai/quest01/en.fp-ai-sensing1/STM32CubeFunctionPack_SENSING1_V4.0.3/Projects/B-L475E-IOT01A/Applications/SENSING1/Src/ai_common.c:307:8:ai_mnetwork_forward	8	static
C:/Users/invain/Desktop/e4ds-stm-cube-ai/quest01/en.fp-ai-sensing1/STM32CubeFunctionPack_SENSING1_V4.0.3/Projects/B-L475E-IOT01A/Applications/SENSING1/Src/ai_common.c:318:6:ai_mnetwork_get_private_handle	12	static
C:/Users/invain/Desktop/e4ds-stm-cube-ai/quest01/en.fp-ai-sensing1/STM32CubeFunctionPack_SENSING1_V4.0.3/Projects/B-L475E-IOT01A/Applications/SENSING1/Src/ai_common.c:334:5:ai_mnetwork_get_ext_data_activations	12	static
C:/Users/invain/Desktop/e4ds-stm-cube-ai/quest01/en.fp-ai-sensing1/STM32CubeFunctionPack_SENSING1_V4.0.3/Projects/B-L475E-IOT01A/Applications/SENSING1/Src/ai_common.c:377:6:aiLogErr	0	static
C:/Users/invain/Desktop/e4ds-stm-cube-ai/quest01/en.fp-ai-sensing1/STM32CubeFunctionPack_SENSING1_V4.0.3/Projects/B-L475E-IOT01A/Applications/SENSING1/Src/ai_common.c:386:8:aiBufferSize	0	static
C:/Users/invain/Desktop/e4ds-stm-cube-ai/quest01/en.fp-ai-sensing1/STM32CubeFunctionPack_SENSING1_V4.0.3/Projects/B-L475E-IOT01A/Applications/SENSING1/Src/ai_common.c:391:8:aiNetworkRetrieveDataWeightsAddress	16	static
C:/Users/invain/Desktop/e4ds-stm-cube-ai/quest01/en.fp-ai-sensing1/STM32CubeFunctionPack_SENSING1_V4.0.3/Projects/B-L475E-IOT01A/Applications/SENSING1/Src/ai_common.c:474:5:aiConvertInputFloat_2_Int8	24	static,ignoring_inline_asm
C:/Users/invain/Desktop/e4ds-stm-cube-ai/quest01/en.fp-ai-sensing1/STM32CubeFunctionPack_SENSING1_V4.0.3/Projects/B-L475E-IOT01A/Applications/SENSING1/Src/ai_common.c:518:5:aiConvertOutputInt8_2_Float	16	static
C:/Users/invain/Desktop/e4ds-stm-cube-ai/quest01/en.fp-ai-sensing1/STM32CubeFunctionPack_SENSING1_V4.0.3/Projects/B-L475E-IOT01A/Applications/SENSING1/Src/ai_common.c:554:5:aiRun	96	static
C:/Users/invain/Desktop/e4ds-stm-cube-ai/quest01/en.fp-ai-sensing1/STM32CubeFunctionPack_SENSING1_V4.0.3/Projects/B-L475E-IOT01A/Applications/SENSING1/Src/ai_common.c:584:5:aiInit	112	static
C:/Users/invain/Desktop/e4ds-stm-cube-ai/quest01/en.fp-ai-sensing1/STM32CubeFunctionPack_SENSING1_V4.0.3/Projects/B-L475E-IOT01A/Applications/SENSING1/Src/ai_common.c:646:5:aiDeInit	24	static
C:/Users/invain/Desktop/e4ds-stm-cube-ai/quest01/en.fp-ai-sensing1/STM32CubeFunctionPack_SENSING1_V4.0.3/Projects/B-L475E-IOT01A/Applications/SENSING1/Src/ai_common.c:659:26:aiGetReport	0	static
