C:/Users/invain/Desktop/e4ds-stm-cube-ai/quest01/en.fp-ai-sensing1/STM32CubeFunctionPack_SENSING1_V4.0.3/Middlewares/Third_Party/FreeRTOS/Source/timers.c:894:13:prvCheckForValidListAndQueue	24	static
C:/Users/invain/Desktop/e4ds-stm-cube-ai/quest01/en.fp-ai-sensing1/STM32CubeFunctionPack_SENSING1_V4.0.3/Middlewares/Third_Party/FreeRTOS/Source/timers.c:647:19:prvInsertTimerInActiveList	8	static
C:/Users/invain/Desktop/e4ds-stm-cube-ai/quest01/en.fp-ai-sensing1/STM32CubeFunctionPack_SENSING1_V4.0.3/Middlewares/Third_Party/FreeRTOS/Source/timers.c:223:12:xTimerCreateTimerTask	16	static,ignoring_inline_asm
C:/Users/invain/Desktop/e4ds-stm-cube-ai/quest01/en.fp-ai-sensing1/STM32CubeFunctionPack_SENSING1_V4.0.3/Middlewares/Third_Party/FreeRTOS/Source/timers.c:278:16:xTimerCreate	24	static,ignoring_inline_asm
C:/Users/invain/Desktop/e4ds-stm-cube-ai/quest01/en.fp-ai-sensing1/STM32CubeFunctionPack_SENSING1_V4.0.3/Middlewares/Third_Party/FreeRTOS/Source/timers.c:381:12:xTimerGenericCommand	32	static,ignoring_inline_asm
C:/Users/invain/Desktop/e4ds-stm-cube-ai/quest01/en.fp-ai-sensing1/STM32CubeFunctionPack_SENSING1_V4.0.3/Middlewares/Third_Party/FreeRTOS/Source/timers.c:624:19:prvSampleTimeNow	48	static,ignoring_inline_asm
C:/Users/invain/Desktop/e4ds-stm-cube-ai/quest01/en.fp-ai-sensing1/STM32CubeFunctionPack_SENSING1_V4.0.3/Middlewares/Third_Party/FreeRTOS/Source/timers.c:502:13:prvTimerTask	56	static,ignoring_inline_asm
C:/Users/invain/Desktop/e4ds-stm-cube-ai/quest01/en.fp-ai-sensing1/STM32CubeFunctionPack_SENSING1_V4.0.3/Middlewares/Third_Party/FreeRTOS/Source/timers.c:424:14:xTimerGetTimerDaemonTaskHandle	0	static,ignoring_inline_asm
C:/Users/invain/Desktop/e4ds-stm-cube-ai/quest01/en.fp-ai-sensing1/STM32CubeFunctionPack_SENSING1_V4.0.3/Middlewares/Third_Party/FreeRTOS/Source/timers.c:433:12:xTimerGetPeriod	0	static,ignoring_inline_asm
C:/Users/invain/Desktop/e4ds-stm-cube-ai/quest01/en.fp-ai-sensing1/STM32CubeFunctionPack_SENSING1_V4.0.3/Middlewares/Third_Party/FreeRTOS/Source/timers.c:442:12:xTimerGetExpiryTime	0	static,ignoring_inline_asm
C:/Users/invain/Desktop/e4ds-stm-cube-ai/quest01/en.fp-ai-sensing1/STM32CubeFunctionPack_SENSING1_V4.0.3/Middlewares/Third_Party/FreeRTOS/Source/timers.c:453:14:pcTimerGetName	0	static,ignoring_inline_asm
C:/Users/invain/Desktop/e4ds-stm-cube-ai/quest01/en.fp-ai-sensing1/STM32CubeFunctionPack_SENSING1_V4.0.3/Middlewares/Third_Party/FreeRTOS/Source/timers.c:945:12:xTimerIsTimerActive	16	static,ignoring_inline_asm
C:/Users/invain/Desktop/e4ds-stm-cube-ai/quest01/en.fp-ai-sensing1/STM32CubeFunctionPack_SENSING1_V4.0.3/Middlewares/Third_Party/FreeRTOS/Source/timers.c:966:7:pvTimerGetTimerID	16	static,ignoring_inline_asm
C:/Users/invain/Desktop/e4ds-stm-cube-ai/quest01/en.fp-ai-sensing1/STM32CubeFunctionPack_SENSING1_V4.0.3/Middlewares/Third_Party/FreeRTOS/Source/timers.c:983:6:vTimerSetTimerID	16	static,ignoring_inline_asm
