C:/Users/invain/Desktop/e4ds-stm-cube-ai/quest01/en.fp-ai-sensing1/STM32CubeFunctionPack_SENSING1_V4.0.3/Middlewares/ST/STM32_USB_Device_Library/Core/Src/usbd_ctlreq.c:782:6:USBD_CtlError.constprop	8	static
C:/Users/invain/Desktop/e4ds-stm-cube-ai/quest01/en.fp-ai-sensing1/STM32CubeFunctionPack_SENSING1_V4.0.3/Middlewares/ST/STM32_USB_Device_Library/Core/Src/usbd_ctlreq.c:111:21:USBD_StdDevReq	24	static
C:/Users/invain/Desktop/e4ds-stm-cube-ai/quest01/en.fp-ai-sensing1/STM32CubeFunctionPack_SENSING1_V4.0.3/Middlewares/ST/STM32_USB_Device_Library/Core/Src/usbd_ctlreq.c:177:21:USBD_StdItfReq	16	static
C:/Users/invain/Desktop/e4ds-stm-cube-ai/quest01/en.fp-ai-sensing1/STM32CubeFunctionPack_SENSING1_V4.0.3/Middlewares/ST/STM32_USB_Device_Library/Core/Src/usbd_ctlreq.c:228:21:USBD_StdEPReq	16	static
C:/Users/invain/Desktop/e4ds-stm-cube-ai/quest01/en.fp-ai-sensing1/STM32CubeFunctionPack_SENSING1_V4.0.3/Middlewares/ST/STM32_USB_Device_Library/Core/Src/usbd_ctlreq.c:764:6:USBD_ParseSetupRequest	0	static
C:/Users/invain/Desktop/e4ds-stm-cube-ai/quest01/en.fp-ai-sensing1/STM32CubeFunctionPack_SENSING1_V4.0.3/Middlewares/ST/STM32_USB_Device_Library/Core/Src/usbd_ctlreq.c:782:6:USBD_CtlError	8	static
C:/Users/invain/Desktop/e4ds-stm-cube-ai/quest01/en.fp-ai-sensing1/STM32CubeFunctionPack_SENSING1_V4.0.3/Middlewares/ST/STM32_USB_Device_Library/Core/Src/usbd_ctlreq.c:798:6:USBD_GetString	12	static
