C:/Users/invain/Desktop/e4ds-stm-cube-ai/quest01/en.fp-ai-sensing1/STM32CubeFunctionPack_SENSING1_V4.0.3/Drivers/STM32L4xx_HAL_Driver/Src/stm32l4xx_hal_rcc.c:1716:26:RCC_SetFlashLatencyFromMSIRange	24	static
C:/Users/invain/Desktop/e4ds-stm-cube-ai/quest01/en.fp-ai-sensing1/STM32CubeFunctionPack_SENSING1_V4.0.3/Drivers/STM32L4xx_HAL_Driver/Src/stm32l4xx_hal_rcc.c:264:19:HAL_RCC_DeInit	24	static
C:/Users/invain/Desktop/e4ds-stm-cube-ai/quest01/en.fp-ai-sensing1/STM32CubeFunctionPack_SENSING1_V4.0.3/Drivers/STM32L4xx_HAL_Driver/Src/stm32l4xx_hal_rcc.c:1287:6:HAL_RCC_MCOConfig	40	static
C:/Users/invain/Desktop/e4ds-stm-cube-ai/quest01/en.fp-ai-sensing1/STM32CubeFunctionPack_SENSING1_V4.0.3/Drivers/STM32L4xx_HAL_Driver/Src/stm32l4xx_hal_rcc.c:1346:10:HAL_RCC_GetSysClockFreq	0	static
C:/Users/invain/Desktop/e4ds-stm-cube-ai/quest01/en.fp-ai-sensing1/STM32CubeFunctionPack_SENSING1_V4.0.3/Drivers/STM32L4xx_HAL_Driver/Src/stm32l4xx_hal_rcc.c:401:19:HAL_RCC_OscConfig	40	static
C:/Users/invain/Desktop/e4ds-stm-cube-ai/quest01/en.fp-ai-sensing1/STM32CubeFunctionPack_SENSING1_V4.0.3/Drivers/STM32L4xx_HAL_Driver/Src/stm32l4xx_hal_rcc.c:1055:19:HAL_RCC_ClockConfig	24	static
C:/Users/invain/Desktop/e4ds-stm-cube-ai/quest01/en.fp-ai-sensing1/STM32CubeFunctionPack_SENSING1_V4.0.3/Drivers/STM32L4xx_HAL_Driver/Src/stm32l4xx_hal_rcc.c:1434:10:HAL_RCC_GetHCLKFreq	0	static
C:/Users/invain/Desktop/e4ds-stm-cube-ai/quest01/en.fp-ai-sensing1/STM32CubeFunctionPack_SENSING1_V4.0.3/Drivers/STM32L4xx_HAL_Driver/Src/stm32l4xx_hal_rcc.c:1445:10:HAL_RCC_GetPCLK1Freq	0	static
C:/Users/invain/Desktop/e4ds-stm-cube-ai/quest01/en.fp-ai-sensing1/STM32CubeFunctionPack_SENSING1_V4.0.3/Drivers/STM32L4xx_HAL_Driver/Src/stm32l4xx_hal_rcc.c:1457:10:HAL_RCC_GetPCLK2Freq	0	static
C:/Users/invain/Desktop/e4ds-stm-cube-ai/quest01/en.fp-ai-sensing1/STM32CubeFunctionPack_SENSING1_V4.0.3/Drivers/STM32L4xx_HAL_Driver/Src/stm32l4xx_hal_rcc.c:1470:6:HAL_RCC_GetOscConfig	0	static
C:/Users/invain/Desktop/e4ds-stm-cube-ai/quest01/en.fp-ai-sensing1/STM32CubeFunctionPack_SENSING1_V4.0.3/Drivers/STM32L4xx_HAL_Driver/Src/stm32l4xx_hal_rcc.c:1629:6:HAL_RCC_GetClockConfig	4	static
C:/Users/invain/Desktop/e4ds-stm-cube-ai/quest01/en.fp-ai-sensing1/STM32CubeFunctionPack_SENSING1_V4.0.3/Drivers/STM32L4xx_HAL_Driver/Src/stm32l4xx_hal_rcc.c:1664:6:HAL_RCC_EnableCSS	0	static
C:/Users/invain/Desktop/e4ds-stm-cube-ai/quest01/en.fp-ai-sensing1/STM32CubeFunctionPack_SENSING1_V4.0.3/Drivers/STM32L4xx_HAL_Driver/Src/stm32l4xx_hal_rcc.c:1691:13:HAL_RCC_CSSCallback	0	static
C:/Users/invain/Desktop/e4ds-stm-cube-ai/quest01/en.fp-ai-sensing1/STM32CubeFunctionPack_SENSING1_V4.0.3/Drivers/STM32L4xx_HAL_Driver/Src/stm32l4xx_hal_rcc.c:1674:6:HAL_RCC_NMI_IRQHandler	8	static
