C:/Users/invain/Desktop/e4ds-stm-cube-ai/quest01/en.fp-ai-sensing1/STM32CubeFunctionPack_SENSING1_V4.0.3/Middlewares/ST/STM32_USB_Device_Library/Class/MSC/Src/usbd_msc.c:549:11:USBD_MSC_GetHSCfgDesc	0	static
C:/Users/invain/Desktop/e4ds-stm-cube-ai/quest01/en.fp-ai-sensing1/STM32CubeFunctionPack_SENSING1_V4.0.3/Middlewares/ST/STM32_USB_Device_Library/Class/MSC/Src/usbd_msc.c:561:11:USBD_MSC_GetFSCfgDesc	0	static
C:/Users/invain/Desktop/e4ds-stm-cube-ai/quest01/en.fp-ai-sensing1/STM32CubeFunctionPack_SENSING1_V4.0.3/Middlewares/ST/STM32_USB_Device_Library/Class/MSC/Src/usbd_msc.c:573:11:USBD_MSC_GetOtherSpeedCfgDesc	0	static
C:/Users/invain/Desktop/e4ds-stm-cube-ai/quest01/en.fp-ai-sensing1/STM32CubeFunctionPack_SENSING1_V4.0.3/Middlewares/ST/STM32_USB_Device_Library/Class/MSC/Src/usbd_msc.c:584:11:USBD_MSC_GetDeviceQualifierDescriptor	0	static
C:/Users/invain/Desktop/e4ds-stm-cube-ai/quest01/en.fp-ai-sensing1/STM32CubeFunctionPack_SENSING1_V4.0.3/Middlewares/ST/STM32_USB_Device_Library/Class/MSC/Src/usbd_msc.c:296:10:USBD_MSC_Init	16	static
C:/Users/invain/Desktop/e4ds-stm-cube-ai/quest01/en.fp-ai-sensing1/STM32CubeFunctionPack_SENSING1_V4.0.3/Middlewares/ST/STM32_USB_Device_Library/Class/MSC/Src/usbd_msc.c:338:10:USBD_MSC_DeInit	16	static
C:/Users/invain/Desktop/e4ds-stm-cube-ai/quest01/en.fp-ai-sensing1/STM32CubeFunctionPack_SENSING1_V4.0.3/Middlewares/ST/STM32_USB_Device_Library/Class/MSC/Src/usbd_msc.c:367:10:USBD_MSC_Setup	32	static
C:/Users/invain/Desktop/e4ds-stm-cube-ai/quest01/en.fp-ai-sensing1/STM32CubeFunctionPack_SENSING1_V4.0.3/Middlewares/ST/STM32_USB_Device_Library/Class/MSC/Src/usbd_msc.c:522:10:USBD_MSC_DataIn	8	static
C:/Users/invain/Desktop/e4ds-stm-cube-ai/quest01/en.fp-ai-sensing1/STM32CubeFunctionPack_SENSING1_V4.0.3/Middlewares/ST/STM32_USB_Device_Library/Class/MSC/Src/usbd_msc.c:536:10:USBD_MSC_DataOut	8	static
C:/Users/invain/Desktop/e4ds-stm-cube-ai/quest01/en.fp-ai-sensing1/STM32CubeFunctionPack_SENSING1_V4.0.3/Middlewares/ST/STM32_USB_Device_Library/Class/MSC/Src/usbd_msc.c:595:10:USBD_MSC_RegisterStorage	0	static
