04:24:58 **** Incremental Build of configuration B-L475E-IOT01A for project B-L475E-IOT01A ****
make all 
arm-none-eabi-size   B-L475E-IOT01A.elf 
   text	   data	    bss	    dec	    hex	filename
 423008	   9608	  83512	 516128	  7e020	B-L475E-IOT01A.elf
Finished building: default.size.stdout
 
arm-none-eabi-objcopy -O binary "B-L475E-IOT01A.elf" "../../SENSING1.bin"
arm-none-eabi-size "B-L475E-IOT01A.elf"
   text	   data	    bss	    dec	    hex	filename
 423008	   9608	  83512	 516128	  7e020	B-L475E-IOT01A.elf
 

04:25:08 Build Finished. 0 errors, 0 warnings. (took 10s.10ms)

