C:/Users/invain/Desktop/e4ds-stm-cube-ai/quest01/en.fp-ai-sensing1/STM32CubeFunctionPack_SENSING1_V4.0.3/Drivers/STM32L4xx_HAL_Driver/Src/stm32l4xx_ll_usb.c:82:19:USB_CoreInit	0	static
C:/Users/invain/Desktop/e4ds-stm-cube-ai/quest01/en.fp-ai-sensing1/STM32CubeFunctionPack_SENSING1_V4.0.3/Drivers/STM32L4xx_HAL_Driver/Src/stm32l4xx_ll_usb.c:132:19:USB_SetTurnaroundTime	0	static
C:/Users/invain/Desktop/e4ds-stm-cube-ai/quest01/en.fp-ai-sensing1/STM32CubeFunctionPack_SENSING1_V4.0.3/Drivers/STM32L4xx_HAL_Driver/Src/stm32l4xx_ll_usb.c:211:19:USB_EnableGlobalInt	0	static
C:/Users/invain/Desktop/e4ds-stm-cube-ai/quest01/en.fp-ai-sensing1/STM32CubeFunctionPack_SENSING1_V4.0.3/Drivers/STM32L4xx_HAL_Driver/Src/stm32l4xx_ll_usb.c:223:19:USB_DisableGlobalInt	0	static
C:/Users/invain/Desktop/e4ds-stm-cube-ai/quest01/en.fp-ai-sensing1/STM32CubeFunctionPack_SENSING1_V4.0.3/Drivers/STM32L4xx_HAL_Driver/Src/stm32l4xx_ll_usb.c:239:19:USB_SetCurrentMode	8	static
C:/Users/invain/Desktop/e4ds-stm-cube-ai/quest01/en.fp-ai-sensing1/STM32CubeFunctionPack_SENSING1_V4.0.3/Drivers/STM32L4xx_HAL_Driver/Src/stm32l4xx_ll_usb.c:268:19:USB_DevInit	28	static
C:/Users/invain/Desktop/e4ds-stm-cube-ai/quest01/en.fp-ai-sensing1/STM32CubeFunctionPack_SENSING1_V4.0.3/Drivers/STM32L4xx_HAL_Driver/Src/stm32l4xx_ll_usb.c:402:19:USB_FlushTxFifo	0	static
C:/Users/invain/Desktop/e4ds-stm-cube-ai/quest01/en.fp-ai-sensing1/STM32CubeFunctionPack_SENSING1_V4.0.3/Drivers/STM32L4xx_HAL_Driver/Src/stm32l4xx_ll_usb.c:425:19:USB_FlushRxFifo	0	static
C:/Users/invain/Desktop/e4ds-stm-cube-ai/quest01/en.fp-ai-sensing1/STM32CubeFunctionPack_SENSING1_V4.0.3/Drivers/STM32L4xx_HAL_Driver/Src/stm32l4xx_ll_usb.c:452:19:USB_SetDevSpeed	0	static
C:/Users/invain/Desktop/e4ds-stm-cube-ai/quest01/en.fp-ai-sensing1/STM32CubeFunctionPack_SENSING1_V4.0.3/Drivers/STM32L4xx_HAL_Driver/Src/stm32l4xx_ll_usb.c:467:9:USB_GetDevSpeed	0	static
C:/Users/invain/Desktop/e4ds-stm-cube-ai/quest01/en.fp-ai-sensing1/STM32CubeFunctionPack_SENSING1_V4.0.3/Drivers/STM32L4xx_HAL_Driver/Src/stm32l4xx_ll_usb.c:492:19:USB_ActivateEndpoint	8	static
C:/Users/invain/Desktop/e4ds-stm-cube-ai/quest01/en.fp-ai-sensing1/STM32CubeFunctionPack_SENSING1_V4.0.3/Drivers/STM32L4xx_HAL_Driver/Src/stm32l4xx_ll_usb.c:530:19:USB_ActivateDedicatedEndpoint	4	static
C:/Users/invain/Desktop/e4ds-stm-cube-ai/quest01/en.fp-ai-sensing1/STM32CubeFunctionPack_SENSING1_V4.0.3/Drivers/STM32L4xx_HAL_Driver/Src/stm32l4xx_ll_usb.c:569:19:USB_DeactivateEndpoint	0	static
C:/Users/invain/Desktop/e4ds-stm-cube-ai/quest01/en.fp-ai-sensing1/STM32CubeFunctionPack_SENSING1_V4.0.3/Drivers/STM32L4xx_HAL_Driver/Src/stm32l4xx_ll_usb.c:604:19:USB_DeactivateDedicatedEndpoint	0	static
C:/Users/invain/Desktop/e4ds-stm-cube-ai/quest01/en.fp-ai-sensing1/STM32CubeFunctionPack_SENSING1_V4.0.3/Drivers/STM32L4xx_HAL_Driver/Src/stm32l4xx_ll_usb.c:630:19:USB_EPStartXfer	20	static
C:/Users/invain/Desktop/e4ds-stm-cube-ai/quest01/en.fp-ai-sensing1/STM32CubeFunctionPack_SENSING1_V4.0.3/Drivers/STM32L4xx_HAL_Driver/Src/stm32l4xx_ll_usb.c:734:19:USB_EP0StartXfer	12	static
C:/Users/invain/Desktop/e4ds-stm-cube-ai/quest01/en.fp-ai-sensing1/STM32CubeFunctionPack_SENSING1_V4.0.3/Drivers/STM32L4xx_HAL_Driver/Src/stm32l4xx_ll_usb.c:809:19:USB_WritePacket	0	static
C:/Users/invain/Desktop/e4ds-stm-cube-ai/quest01/en.fp-ai-sensing1/STM32CubeFunctionPack_SENSING1_V4.0.3/Drivers/STM32L4xx_HAL_Driver/Src/stm32l4xx_ll_usb.c:832:7:USB_ReadPacket	0	static
C:/Users/invain/Desktop/e4ds-stm-cube-ai/quest01/en.fp-ai-sensing1/STM32CubeFunctionPack_SENSING1_V4.0.3/Drivers/STM32L4xx_HAL_Driver/Src/stm32l4xx_ll_usb.c:854:19:USB_EPSetStall	0	static
C:/Users/invain/Desktop/e4ds-stm-cube-ai/quest01/en.fp-ai-sensing1/STM32CubeFunctionPack_SENSING1_V4.0.3/Drivers/STM32L4xx_HAL_Driver/Src/stm32l4xx_ll_usb.c:885:19:USB_EPClearStall	0	static
C:/Users/invain/Desktop/e4ds-stm-cube-ai/quest01/en.fp-ai-sensing1/STM32CubeFunctionPack_SENSING1_V4.0.3/Drivers/STM32L4xx_HAL_Driver/Src/stm32l4xx_ll_usb.c:914:19:USB_StopDevice	4	static
C:/Users/invain/Desktop/e4ds-stm-cube-ai/quest01/en.fp-ai-sensing1/STM32CubeFunctionPack_SENSING1_V4.0.3/Drivers/STM32L4xx_HAL_Driver/Src/stm32l4xx_ll_usb.c:955:20:USB_SetDevAddress	0	static
C:/Users/invain/Desktop/e4ds-stm-cube-ai/quest01/en.fp-ai-sensing1/STM32CubeFunctionPack_SENSING1_V4.0.3/Drivers/STM32L4xx_HAL_Driver/Src/stm32l4xx_ll_usb.c:970:20:USB_DevConnect	8	static
C:/Users/invain/Desktop/e4ds-stm-cube-ai/quest01/en.fp-ai-sensing1/STM32CubeFunctionPack_SENSING1_V4.0.3/Drivers/STM32L4xx_HAL_Driver/Src/stm32l4xx_ll_usb.c:985:20:USB_DevDisconnect	8	static
C:/Users/invain/Desktop/e4ds-stm-cube-ai/quest01/en.fp-ai-sensing1/STM32CubeFunctionPack_SENSING1_V4.0.3/Drivers/STM32L4xx_HAL_Driver/Src/stm32l4xx_ll_usb.c:1000:11:USB_ReadInterrupts	0	static
C:/Users/invain/Desktop/e4ds-stm-cube-ai/quest01/en.fp-ai-sensing1/STM32CubeFunctionPack_SENSING1_V4.0.3/Drivers/STM32L4xx_HAL_Driver/Src/stm32l4xx_ll_usb.c:1015:10:USB_ReadDevAllOutEpInterrupt	0	static
C:/Users/invain/Desktop/e4ds-stm-cube-ai/quest01/en.fp-ai-sensing1/STM32CubeFunctionPack_SENSING1_V4.0.3/Drivers/STM32L4xx_HAL_Driver/Src/stm32l4xx_ll_usb.c:1031:10:USB_ReadDevAllInEpInterrupt	0	static
C:/Users/invain/Desktop/e4ds-stm-cube-ai/quest01/en.fp-ai-sensing1/STM32CubeFunctionPack_SENSING1_V4.0.3/Drivers/STM32L4xx_HAL_Driver/Src/stm32l4xx_ll_usb.c:1049:10:USB_ReadDevOutEPInterrupt	0	static
C:/Users/invain/Desktop/e4ds-stm-cube-ai/quest01/en.fp-ai-sensing1/STM32CubeFunctionPack_SENSING1_V4.0.3/Drivers/STM32L4xx_HAL_Driver/Src/stm32l4xx_ll_usb.c:1067:10:USB_ReadDevInEPInterrupt	0	static
C:/Users/invain/Desktop/e4ds-stm-cube-ai/quest01/en.fp-ai-sensing1/STM32CubeFunctionPack_SENSING1_V4.0.3/Drivers/STM32L4xx_HAL_Driver/Src/stm32l4xx_ll_usb.c:1086:7:USB_ClearInterrupts	0	static
C:/Users/invain/Desktop/e4ds-stm-cube-ai/quest01/en.fp-ai-sensing1/STM32CubeFunctionPack_SENSING1_V4.0.3/Drivers/STM32L4xx_HAL_Driver/Src/stm32l4xx_ll_usb.c:1099:10:USB_GetMode	0	static
C:/Users/invain/Desktop/e4ds-stm-cube-ai/quest01/en.fp-ai-sensing1/STM32CubeFunctionPack_SENSING1_V4.0.3/Drivers/STM32L4xx_HAL_Driver/Src/stm32l4xx_ll_usb.c:1109:20:USB_ActivateSetup	0	static
C:/Users/invain/Desktop/e4ds-stm-cube-ai/quest01/en.fp-ai-sensing1/STM32CubeFunctionPack_SENSING1_V4.0.3/Drivers/STM32L4xx_HAL_Driver/Src/stm32l4xx_ll_usb.c:1131:19:USB_EP0_OutStart	0	static
C:/Users/invain/Desktop/e4ds-stm-cube-ai/quest01/en.fp-ai-sensing1/STM32CubeFunctionPack_SENSING1_V4.0.3/Drivers/STM32L4xx_HAL_Driver/Src/stm32l4xx_ll_usb.c:1260:19:USB_InitFSLSPClkSel	0	static
C:/Users/invain/Desktop/e4ds-stm-cube-ai/quest01/en.fp-ai-sensing1/STM32CubeFunctionPack_SENSING1_V4.0.3/Drivers/STM32L4xx_HAL_Driver/Src/stm32l4xx_ll_usb.c:1290:19:USB_ResetPort	24	static
C:/Users/invain/Desktop/e4ds-stm-cube-ai/quest01/en.fp-ai-sensing1/STM32CubeFunctionPack_SENSING1_V4.0.3/Drivers/STM32L4xx_HAL_Driver/Src/stm32l4xx_ll_usb.c:1317:19:USB_DriveVbus	8	static
C:/Users/invain/Desktop/e4ds-stm-cube-ai/quest01/en.fp-ai-sensing1/STM32CubeFunctionPack_SENSING1_V4.0.3/Drivers/STM32L4xx_HAL_Driver/Src/stm32l4xx_ll_usb.c:1196:19:USB_HostInit	16	static
C:/Users/invain/Desktop/e4ds-stm-cube-ai/quest01/en.fp-ai-sensing1/STM32CubeFunctionPack_SENSING1_V4.0.3/Drivers/STM32L4xx_HAL_Driver/Src/stm32l4xx_ll_usb.c:1346:10:USB_GetHostSpeed	8	static
C:/Users/invain/Desktop/e4ds-stm-cube-ai/quest01/en.fp-ai-sensing1/STM32CubeFunctionPack_SENSING1_V4.0.3/Drivers/STM32L4xx_HAL_Driver/Src/stm32l4xx_ll_usb.c:1360:10:USB_GetCurrentFrame	0	static
C:/Users/invain/Desktop/e4ds-stm-cube-ai/quest01/en.fp-ai-sensing1/STM32CubeFunctionPack_SENSING1_V4.0.3/Drivers/STM32L4xx_HAL_Driver/Src/stm32l4xx_ll_usb.c:1390:19:USB_HC_Init	20	static
C:/Users/invain/Desktop/e4ds-stm-cube-ai/quest01/en.fp-ai-sensing1/STM32CubeFunctionPack_SENSING1_V4.0.3/Drivers/STM32L4xx_HAL_Driver/Src/stm32l4xx_ll_usb.c:1500:19:USB_HC_StartXfer	16	static
C:/Users/invain/Desktop/e4ds-stm-cube-ai/quest01/en.fp-ai-sensing1/STM32CubeFunctionPack_SENSING1_V4.0.3/Drivers/STM32L4xx_HAL_Driver/Src/stm32l4xx_ll_usb.c:1601:10:USB_HC_ReadInterrupt	0	static
C:/Users/invain/Desktop/e4ds-stm-cube-ai/quest01/en.fp-ai-sensing1/STM32CubeFunctionPack_SENSING1_V4.0.3/Drivers/STM32L4xx_HAL_Driver/Src/stm32l4xx_ll_usb.c:1615:19:USB_HC_Halt	0	static
C:/Users/invain/Desktop/e4ds-stm-cube-ai/quest01/en.fp-ai-sensing1/STM32CubeFunctionPack_SENSING1_V4.0.3/Drivers/STM32L4xx_HAL_Driver/Src/stm32l4xx_ll_usb.c:1680:19:USB_DoPing	0	static
C:/Users/invain/Desktop/e4ds-stm-cube-ai/quest01/en.fp-ai-sensing1/STM32CubeFunctionPack_SENSING1_V4.0.3/Drivers/STM32L4xx_HAL_Driver/Src/stm32l4xx_ll_usb.c:1704:19:USB_StopHost	0	static
C:/Users/invain/Desktop/e4ds-stm-cube-ai/quest01/en.fp-ai-sensing1/STM32CubeFunctionPack_SENSING1_V4.0.3/Drivers/STM32L4xx_HAL_Driver/Src/stm32l4xx_ll_usb.c:1760:19:USB_ActivateRemoteWakeup	0	static
C:/Users/invain/Desktop/e4ds-stm-cube-ai/quest01/en.fp-ai-sensing1/STM32CubeFunctionPack_SENSING1_V4.0.3/Drivers/STM32L4xx_HAL_Driver/Src/stm32l4xx_ll_usb.c:1778:19:USB_DeActivateRemoteWakeup	0	static
