C:/Users/invain/Desktop/e4ds-stm-cube-ai/quest01/en.fp-ai-sensing1/STM32CubeFunctionPack_SENSING1_V4.0.3/Drivers/STM32L4xx_HAL_Driver/Src/stm32l4xx_hal_exti.c:144:19:HAL_EXTI_SetConfigLine	16	static
C:/Users/invain/Desktop/e4ds-stm-cube-ai/quest01/en.fp-ai-sensing1/STM32CubeFunctionPack_SENSING1_V4.0.3/Drivers/STM32L4xx_HAL_Driver/Src/stm32l4xx_hal_exti.c:269:19:HAL_EXTI_GetConfigLine	8	static
C:/Users/invain/Desktop/e4ds-stm-cube-ai/quest01/en.fp-ai-sensing1/STM32CubeFunctionPack_SENSING1_V4.0.3/Drivers/STM32L4xx_HAL_Driver/Src/stm32l4xx_hal_exti.c:372:19:HAL_EXTI_ClearConfigLine	12	static
C:/Users/invain/Desktop/e4ds-stm-cube-ai/quest01/en.fp-ai-sensing1/STM32CubeFunctionPack_SENSING1_V4.0.3/Drivers/STM32L4xx_HAL_Driver/Src/stm32l4xx_hal_exti.c:438:19:HAL_EXTI_RegisterCallback	0	static
C:/Users/invain/Desktop/e4ds-stm-cube-ai/quest01/en.fp-ai-sensing1/STM32CubeFunctionPack_SENSING1_V4.0.3/Drivers/STM32L4xx_HAL_Driver/Src/stm32l4xx_hal_exti.c:464:19:HAL_EXTI_GetHandle	0	static
C:/Users/invain/Desktop/e4ds-stm-cube-ai/quest01/en.fp-ai-sensing1/STM32CubeFunctionPack_SENSING1_V4.0.3/Drivers/STM32L4xx_HAL_Driver/Src/stm32l4xx_hal_exti.c:505:6:HAL_EXTI_IRQHandler	4	static
C:/Users/invain/Desktop/e4ds-stm-cube-ai/quest01/en.fp-ai-sensing1/STM32CubeFunctionPack_SENSING1_V4.0.3/Drivers/STM32L4xx_HAL_Driver/Src/stm32l4xx_hal_exti.c:543:10:HAL_EXTI_GetPending	0	static
C:/Users/invain/Desktop/e4ds-stm-cube-ai/quest01/en.fp-ai-sensing1/STM32CubeFunctionPack_SENSING1_V4.0.3/Drivers/STM32L4xx_HAL_Driver/Src/stm32l4xx_hal_exti.c:579:6:HAL_EXTI_ClearPending	4	static
C:/Users/invain/Desktop/e4ds-stm-cube-ai/quest01/en.fp-ai-sensing1/STM32CubeFunctionPack_SENSING1_V4.0.3/Drivers/STM32L4xx_HAL_Driver/Src/stm32l4xx_hal_exti.c:607:6:HAL_EXTI_GenerateSWI	4	static
