C:/Users/invain/Desktop/e4ds-stm-cube-ai/quest01/en.fp-ai-sensing1/STM32CubeFunctionPack_SENSING1_V4.0.3/Projects/B-L475E-IOT01A/Applications/SENSING1/Src/har_ign_wsdm.c:391:9:ai_har_ign_wsdm_get_info	136	static
C:/Users/invain/Desktop/e4ds-stm-cube-ai/quest01/en.fp-ai-sensing1/STM32CubeFunctionPack_SENSING1_V4.0.3/Projects/B-L475E-IOT01A/Applications/SENSING1/Src/har_ign_wsdm.c:438:10:ai_har_ign_wsdm_get_error	0	static
C:/Users/invain/Desktop/e4ds-stm-cube-ai/quest01/en.fp-ai-sensing1/STM32CubeFunctionPack_SENSING1_V4.0.3/Projects/B-L475E-IOT01A/Applications/SENSING1/Src/har_ign_wsdm.c:444:10:ai_har_ign_wsdm_create	16	static
C:/Users/invain/Desktop/e4ds-stm-cube-ai/quest01/en.fp-ai-sensing1/STM32CubeFunctionPack_SENSING1_V4.0.3/Projects/B-L475E-IOT01A/Applications/SENSING1/Src/har_ign_wsdm.c:454:11:ai_har_ign_wsdm_destroy	0	static
C:/Users/invain/Desktop/e4ds-stm-cube-ai/quest01/en.fp-ai-sensing1/STM32CubeFunctionPack_SENSING1_V4.0.3/Projects/B-L475E-IOT01A/Applications/SENSING1/Src/har_ign_wsdm.c:460:9:ai_har_ign_wsdm_init	8	static
C:/Users/invain/Desktop/e4ds-stm-cube-ai/quest01/en.fp-ai-sensing1/STM32CubeFunctionPack_SENSING1_V4.0.3/Projects/B-L475E-IOT01A/Applications/SENSING1/Src/har_ign_wsdm.c:475:8:ai_har_ign_wsdm_run	0	static
C:/Users/invain/Desktop/e4ds-stm-cube-ai/quest01/en.fp-ai-sensing1/STM32CubeFunctionPack_SENSING1_V4.0.3/Projects/B-L475E-IOT01A/Applications/SENSING1/Src/har_ign_wsdm.c:482:8:ai_har_ign_wsdm_forward	0	static
