C:/Users/invain/Desktop/e4ds-stm-cube-ai/quest01/en.fp-ai-sensing1/STM32CubeFunctionPack_SENSING1_V4.0.3/Drivers/BSP/Components/mx25r6435f/mx25r6435f.c:44:9:MX25R6435F_GetFlashInfo	0	static
C:/Users/invain/Desktop/e4ds-stm-cube-ai/quest01/en.fp-ai-sensing1/STM32CubeFunctionPack_SENSING1_V4.0.3/Drivers/BSP/Components/mx25r6435f/mx25r6435f.c:68:9:MX25R6435F_AutoPollingMemReady	88	static
C:/Users/invain/Desktop/e4ds-stm-cube-ai/quest01/en.fp-ai-sensing1/STM32CubeFunctionPack_SENSING1_V4.0.3/Drivers/BSP/Components/mx25r6435f/mx25r6435f.c:112:9:MX25R6435F_Read	72	static
C:/Users/invain/Desktop/e4ds-stm-cube-ai/quest01/en.fp-ai-sensing1/STM32CubeFunctionPack_SENSING1_V4.0.3/Drivers/BSP/Components/mx25r6435f/mx25r6435f.c:196:9:MX25R6435F_PageProgram	72	static
C:/Users/invain/Desktop/e4ds-stm-cube-ai/quest01/en.fp-ai-sensing1/STM32CubeFunctionPack_SENSING1_V4.0.3/Drivers/BSP/Components/mx25r6435f/mx25r6435f.c:254:9:MX25R6435F_BlockErase	64	static
C:/Users/invain/Desktop/e4ds-stm-cube-ai/quest01/en.fp-ai-sensing1/STM32CubeFunctionPack_SENSING1_V4.0.3/Drivers/BSP/Components/mx25r6435f/mx25r6435f.c:305:9:MX25R6435F_ChipErase	64	static
C:/Users/invain/Desktop/e4ds-stm-cube-ai/quest01/en.fp-ai-sensing1/STM32CubeFunctionPack_SENSING1_V4.0.3/Drivers/BSP/Components/mx25r6435f/mx25r6435f.c:338:9:MX25R6435F_EnableMemoryMappedMode	72	static
C:/Users/invain/Desktop/e4ds-stm-cube-ai/quest01/en.fp-ai-sensing1/STM32CubeFunctionPack_SENSING1_V4.0.3/Drivers/BSP/Components/mx25r6435f/mx25r6435f.c:410:9:MX25R6435F_Suspend	64	static
C:/Users/invain/Desktop/e4ds-stm-cube-ai/quest01/en.fp-ai-sensing1/STM32CubeFunctionPack_SENSING1_V4.0.3/Drivers/BSP/Components/mx25r6435f/mx25r6435f.c:441:9:MX25R6435F_Resume	64	static
C:/Users/invain/Desktop/e4ds-stm-cube-ai/quest01/en.fp-ai-sensing1/STM32CubeFunctionPack_SENSING1_V4.0.3/Drivers/BSP/Components/mx25r6435f/mx25r6435f.c:473:9:MX25R6435F_WriteEnable	88	static
C:/Users/invain/Desktop/e4ds-stm-cube-ai/quest01/en.fp-ai-sensing1/STM32CubeFunctionPack_SENSING1_V4.0.3/Drivers/BSP/Components/mx25r6435f/mx25r6435f.c:521:9:MX25R6435F_WriteDisable	64	static
C:/Users/invain/Desktop/e4ds-stm-cube-ai/quest01/en.fp-ai-sensing1/STM32CubeFunctionPack_SENSING1_V4.0.3/Drivers/BSP/Components/mx25r6435f/mx25r6435f.c:553:9:MX25R6435F_ReadStatusRegister	72	static
C:/Users/invain/Desktop/e4ds-stm-cube-ai/quest01/en.fp-ai-sensing1/STM32CubeFunctionPack_SENSING1_V4.0.3/Drivers/BSP/Components/mx25r6435f/mx25r6435f.c:698:9:MX25R6435F_ReadCfgRegister	80	static
C:/Users/invain/Desktop/e4ds-stm-cube-ai/quest01/en.fp-ai-sensing1/STM32CubeFunctionPack_SENSING1_V4.0.3/Drivers/BSP/Components/mx25r6435f/mx25r6435f.c:793:9:MX25R6435F_ReadCfg2Register	80	static
C:/Users/invain/Desktop/e4ds-stm-cube-ai/quest01/en.fp-ai-sensing1/STM32CubeFunctionPack_SENSING1_V4.0.3/Drivers/BSP/Components/mx25r6435f/mx25r6435f.c:592:9:MX25R6435F_WriteStatusRegister	80	static
C:/Users/invain/Desktop/e4ds-stm-cube-ai/quest01/en.fp-ai-sensing1/STM32CubeFunctionPack_SENSING1_V4.0.3/Drivers/BSP/Components/mx25r6435f/mx25r6435f.c:645:9:MX25R6435F_WriteCfgRegister	80	static
C:/Users/invain/Desktop/e4ds-stm-cube-ai/quest01/en.fp-ai-sensing1/STM32CubeFunctionPack_SENSING1_V4.0.3/Drivers/BSP/Components/mx25r6435f/mx25r6435f.c:740:9:MX25R6435F_WriteCfg2Register	80	static
C:/Users/invain/Desktop/e4ds-stm-cube-ai/quest01/en.fp-ai-sensing1/STM32CubeFunctionPack_SENSING1_V4.0.3/Drivers/BSP/Components/mx25r6435f/mx25r6435f.c:835:9:MX25R6435F_WriteSecurityRegister	72	static
C:/Users/invain/Desktop/e4ds-stm-cube-ai/quest01/en.fp-ai-sensing1/STM32CubeFunctionPack_SENSING1_V4.0.3/Drivers/BSP/Components/mx25r6435f/mx25r6435f.c:874:9:MX25R6435F_ReadSecurityRegister	72	static
C:/Users/invain/Desktop/e4ds-stm-cube-ai/quest01/en.fp-ai-sensing1/STM32CubeFunctionPack_SENSING1_V4.0.3/Drivers/BSP/Components/mx25r6435f/mx25r6435f.c:916:9:MX25R6435F_ReadID	72	static
C:/Users/invain/Desktop/e4ds-stm-cube-ai/quest01/en.fp-ai-sensing1/STM32CubeFunctionPack_SENSING1_V4.0.3/Drivers/BSP/Components/mx25r6435f/mx25r6435f.c:955:9:MX25R6435F_ResetEnable	64	static
C:/Users/invain/Desktop/e4ds-stm-cube-ai/quest01/en.fp-ai-sensing1/STM32CubeFunctionPack_SENSING1_V4.0.3/Drivers/BSP/Components/mx25r6435f/mx25r6435f.c:986:9:MX25R6435F_ResetMemory	64	static
C:/Users/invain/Desktop/e4ds-stm-cube-ai/quest01/en.fp-ai-sensing1/STM32CubeFunctionPack_SENSING1_V4.0.3/Drivers/BSP/Components/mx25r6435f/mx25r6435f.c:1017:9:MX25R6435F_NoOperation	64	static
C:/Users/invain/Desktop/e4ds-stm-cube-ai/quest01/en.fp-ai-sensing1/STM32CubeFunctionPack_SENSING1_V4.0.3/Drivers/BSP/Components/mx25r6435f/mx25r6435f.c:1048:9:MX25R6435F_EnterPowerDown	64	static
