C:/Users/invain/Desktop/e4ds-stm-cube-ai/quest01/en.fp-ai-sensing1/STM32CubeFunctionPack_SENSING1_V4.0.3/Middlewares/ST/STM32_AI_AudioPreprocessing_Library/Src/mel_filterbank.c:269:23:InverseMelScale	8	static
C:/Users/invain/Desktop/e4ds-stm-cube-ai/quest01/en.fp-ai-sensing1/STM32CubeFunctionPack_SENSING1_V4.0.3/Middlewares/ST/STM32_AI_AudioPreprocessing_Library/Src/mel_filterbank.c:239:23:MelScale	8	static
C:/Users/invain/Desktop/e4ds-stm-cube-ai/quest01/en.fp-ai-sensing1/STM32CubeFunctionPack_SENSING1_V4.0.3/Middlewares/ST/STM32_AI_AudioPreprocessing_Library/Src/mel_filterbank.c:61:6:MelFilterbank_Init	96	static
C:/Users/invain/Desktop/e4ds-stm-cube-ai/quest01/en.fp-ai-sensing1/STM32CubeFunctionPack_SENSING1_V4.0.3/Middlewares/ST/STM32_AI_AudioPreprocessing_Library/Src/mel_filterbank.c:213:6:MelFilterbank	20	static
