C:/Users/invain/Desktop/e4ds-stm-cube-ai/quest01/en.fp-ai-sensing1/STM32CubeFunctionPack_SENSING1_V4.0.3/Projects/B-L475E-IOT01A/Applications/SENSING1/Src/stm32l4xx_it.c:70:6:NMI_Handler	0	static
C:/Users/invain/Desktop/e4ds-stm-cube-ai/quest01/en.fp-ai-sensing1/STM32CubeFunctionPack_SENSING1_V4.0.3/Projects/B-L475E-IOT01A/Applications/SENSING1/Src/stm32l4xx_it.c:79:6:HardFault_Handler	0	static
C:/Users/invain/Desktop/e4ds-stm-cube-ai/quest01/en.fp-ai-sensing1/STM32CubeFunctionPack_SENSING1_V4.0.3/Projects/B-L475E-IOT01A/Applications/SENSING1/Src/stm32l4xx_it.c:92:6:MemManage_Handler	0	static
C:/Users/invain/Desktop/e4ds-stm-cube-ai/quest01/en.fp-ai-sensing1/STM32CubeFunctionPack_SENSING1_V4.0.3/Projects/B-L475E-IOT01A/Applications/SENSING1/Src/stm32l4xx_it.c:105:6:BusFault_Handler	0	static
C:/Users/invain/Desktop/e4ds-stm-cube-ai/quest01/en.fp-ai-sensing1/STM32CubeFunctionPack_SENSING1_V4.0.3/Projects/B-L475E-IOT01A/Applications/SENSING1/Src/stm32l4xx_it.c:118:6:UsageFault_Handler	0	static
C:/Users/invain/Desktop/e4ds-stm-cube-ai/quest01/en.fp-ai-sensing1/STM32CubeFunctionPack_SENSING1_V4.0.3/Projects/B-L475E-IOT01A/Applications/SENSING1/Src/stm32l4xx_it.c:140:6:DebugMon_Handler	0	static
C:/Users/invain/Desktop/e4ds-stm-cube-ai/quest01/en.fp-ai-sensing1/STM32CubeFunctionPack_SENSING1_V4.0.3/Projects/B-L475E-IOT01A/Applications/SENSING1/Src/stm32l4xx_it.c:160:6:SysTick_Handler	8	static
C:/Users/invain/Desktop/e4ds-stm-cube-ai/quest01/en.fp-ai-sensing1/STM32CubeFunctionPack_SENSING1_V4.0.3/Projects/B-L475E-IOT01A/Applications/SENSING1/Src/stm32l4xx_it.c:192:6:DMA1_Channel4_IRQHandler	0	static
C:/Users/invain/Desktop/e4ds-stm-cube-ai/quest01/en.fp-ai-sensing1/STM32CubeFunctionPack_SENSING1_V4.0.3/Projects/B-L475E-IOT01A/Applications/SENSING1/Src/stm32l4xx_it.c:213:6:OTG_FS_IRQHandler	0	static
C:/Users/invain/Desktop/e4ds-stm-cube-ai/quest01/en.fp-ai-sensing1/STM32CubeFunctionPack_SENSING1_V4.0.3/Projects/B-L475E-IOT01A/Applications/SENSING1/Src/stm32l4xx_it.c:296:6:EXTI9_5_IRQHandler	0	static
C:/Users/invain/Desktop/e4ds-stm-cube-ai/quest01/en.fp-ai-sensing1/STM32CubeFunctionPack_SENSING1_V4.0.3/Projects/B-L475E-IOT01A/Applications/SENSING1/Src/stm32l4xx_it.c:306:6:EXTI15_10_IRQHandler	0	static
C:/Users/invain/Desktop/e4ds-stm-cube-ai/quest01/en.fp-ai-sensing1/STM32CubeFunctionPack_SENSING1_V4.0.3/Projects/B-L475E-IOT01A/Applications/SENSING1/Src/stm32l4xx_it.c:311:6:USART1_IRQHandler	0	static
C:/Users/invain/Desktop/e4ds-stm-cube-ai/quest01/en.fp-ai-sensing1/STM32CubeFunctionPack_SENSING1_V4.0.3/Projects/B-L475E-IOT01A/Applications/SENSING1/Src/stm32l4xx_it.c:391:6:RTC_WKUP_IRQHandler	0	static
