23:14:55 **** Incremental Build of configuration B-L475E-IOT01A for project B-L475E-IOT01A ****
make all 
arm-none-eabi-gcc "C:/Users/invain/Desktop/e4ds-stm-cube-ai/quest01/en.fp-ai-sensing1/STM32CubeFunctionPack_SENSING1_V4.0.3/Projects/B-L475E-IOT01A/Applications/SENSING1/Src/har_Postprocessing.c" -mcpu=cortex-m4 -std=c99 -g3 -DSTM32L475xx -DUSE_HAL_DRIVER -DUSE_STM32L475E_IOT01 -DPRIORITY_RTOS -DARM_MATH_CM4 -D__FPU_PRESENT=1 -c -O2 -ffunction-sections -Wall -fstack-usage -MMD -MP -MF"SENSING1/User/HAR/har_Postprocessing.d" -MT"SENSING1/User/HAR/har_Postprocessing.o" --specs=nano.specs -mfpu=fpv4-sp-d16 -mfloat-abi=hard -mthumb -o "SENSING1/User/HAR/har_Postprocessing.o" @"SENSING1/User/HAR/har_Postprocessing.c_includes.args"
arm-none-eabi-gcc "C:/Users/invain/Desktop/e4ds-stm-cube-ai/quest01/en.fp-ai-sensing1/STM32CubeFunctionPack_SENSING1_V4.0.3/Projects/B-L475E-IOT01A/Applications/SENSING1/Src/har_Preprocessing.c" -mcpu=cortex-m4 -std=c99 -g3 -DSTM32L475xx -DUSE_HAL_DRIVER -DUSE_STM32L475E_IOT01 -DPRIORITY_RTOS -DARM_MATH_CM4 -D__FPU_PRESENT=1 -c -O2 -ffunction-sections -Wall -fstack-usage -MMD -MP -MF"SENSING1/User/HAR/har_Preprocessing.d" -MT"SENSING1/User/HAR/har_Preprocessing.o" --specs=nano.specs -mfpu=fpv4-sp-d16 -mfloat-abi=hard -mthumb -o "SENSING1/User/HAR/har_Preprocessing.o" @"SENSING1/User/HAR/har_Preprocessing.c_includes.args"
arm-none-eabi-gcc "C:/Users/invain/Desktop/e4ds-stm-cube-ai/quest01/en.fp-ai-sensing1/STM32CubeFunctionPack_SENSING1_V4.0.3/Projects/B-L475E-IOT01A/Applications/SENSING1/Src/har_Processing.c" -mcpu=cortex-m4 -std=c99 -g3 -DSTM32L475xx -DUSE_HAL_DRIVER -DUSE_STM32L475E_IOT01 -DPRIORITY_RTOS -DARM_MATH_CM4 -D__FPU_PRESENT=1 -c -O2 -ffunction-sections -Wall -fstack-usage -MMD -MP -MF"SENSING1/User/HAR/har_Processing.d" -MT"SENSING1/User/HAR/har_Processing.o" --specs=nano.specs -mfpu=fpv4-sp-d16 -mfloat-abi=hard -mthumb -o "SENSING1/User/HAR/har_Processing.o" @"SENSING1/User/HAR/har_Processing.c_includes.args"
arm-none-eabi-gcc "C:/Users/invain/Desktop/e4ds-stm-cube-ai/quest01/en.fp-ai-sensing1/STM32CubeFunctionPack_SENSING1_V4.0.3/Projects/B-L475E-IOT01A/Applications/SENSING1/Src/har_ProcessingTest.c" -mcpu=cortex-m4 -std=c99 -g3 -DSTM32L475xx -DUSE_HAL_DRIVER -DUSE_STM32L475E_IOT01 -DPRIORITY_RTOS -DARM_MATH_CM4 -D__FPU_PRESENT=1 -c -O2 -ffunction-sections -Wall -fstack-usage -MMD -MP -MF"SENSING1/User/HAR/har_ProcessingTest.d" -MT"SENSING1/User/HAR/har_ProcessingTest.o" --specs=nano.specs -mfpu=fpv4-sp-d16 -mfloat-abi=hard -mthumb -o "SENSING1/User/HAR/har_ProcessingTest.o" @"SENSING1/User/HAR/har_ProcessingTest.c_includes.args"
arm-none-eabi-gcc "C:/Users/invain/Desktop/e4ds-stm-cube-ai/quest01/en.fp-ai-sensing1/STM32CubeFunctionPack_SENSING1_V4.0.3/Projects/B-L475E-IOT01A/Applications/SENSING1/Src/asc_data.c" -mcpu=cortex-m4 -std=c99 -g3 -DSTM32L475xx -DUSE_HAL_DRIVER -DUSE_STM32L475E_IOT01 -DPRIORITY_RTOS -DARM_MATH_CM4 -D__FPU_PRESENT=1 -c -O2 -ffunction-sections -Wall -fstack-usage -MMD -MP -MF"SENSING1/User/ASC/asc_data.d" -MT"SENSING1/User/ASC/asc_data.o" --specs=nano.specs -mfpu=fpv4-sp-d16 -mfloat-abi=hard -mthumb -o "SENSING1/User/ASC/asc_data.o" @"SENSING1/User/ASC/asc_data.c_includes.args"
arm-none-eabi-gcc "C:/Users/invain/Desktop/e4ds-stm-cube-ai/quest01/en.fp-ai-sensing1/STM32CubeFunctionPack_SENSING1_V4.0.3/Projects/B-L475E-IOT01A/Applications/SENSING1/Src/asc_postprocessing.c" -mcpu=cortex-m4 -std=c99 -g3 -DSTM32L475xx -DUSE_HAL_DRIVER -DUSE_STM32L475E_IOT01 -DPRIORITY_RTOS -DARM_MATH_CM4 -D__FPU_PRESENT=1 -c -O2 -ffunction-sections -Wall -fstack-usage -MMD -MP -MF"SENSING1/User/ASC/asc_postprocessing.d" -MT"SENSING1/User/ASC/asc_postprocessing.o" --specs=nano.specs -mfpu=fpv4-sp-d16 -mfloat-abi=hard -mthumb -o "SENSING1/User/ASC/asc_postprocessing.o" @"SENSING1/User/ASC/asc_postprocessing.c_includes.args"
arm-none-eabi-gcc "C:/Users/invain/Desktop/e4ds-stm-cube-ai/quest01/en.fp-ai-sensing1/STM32CubeFunctionPack_SENSING1_V4.0.3/Projects/B-L475E-IOT01A/Applications/SENSING1/Src/asc_processing.c" -mcpu=cortex-m4 -std=c99 -g3 -DSTM32L475xx -DUSE_HAL_DRIVER -DUSE_STM32L475E_IOT01 -DPRIORITY_RTOS -DARM_MATH_CM4 -D__FPU_PRESENT=1 -c -O2 -ffunction-sections -Wall -fstack-usage -MMD -MP -MF"SENSING1/User/ASC/asc_processing.d" -MT"SENSING1/User/ASC/asc_processing.o" --specs=nano.specs -mfpu=fpv4-sp-d16 -mfloat-abi=hard -mthumb -o "SENSING1/User/ASC/asc_processing.o" @"SENSING1/User/ASC/asc_processing.c_includes.args"
arm-none-eabi-gcc "C:/Users/invain/Desktop/e4ds-stm-cube-ai/quest01/en.fp-ai-sensing1/STM32CubeFunctionPack_SENSING1_V4.0.3/Projects/B-L475E-IOT01A/Applications/SENSING1/Src/DataLog_Manager.c" -mcpu=cortex-m4 -std=c99 -g3 -DSTM32L475xx -DUSE_HAL_DRIVER -DUSE_STM32L475E_IOT01 -DPRIORITY_RTOS -DARM_MATH_CM4 -D__FPU_PRESENT=1 -c -O2 -ffunction-sections -Wall -fstack-usage -MMD -MP -MF"SENSING1/User/DataLog_Manager.d" -MT"SENSING1/User/DataLog_Manager.o" --specs=nano.specs -mfpu=fpv4-sp-d16 -mfloat-abi=hard -mthumb -o "SENSING1/User/DataLog_Manager.o" @"SENSING1/User/DataLog_Manager.c_includes.args"
arm-none-eabi-gcc "C:/Users/invain/Desktop/e4ds-stm-cube-ai/quest01/en.fp-ai-sensing1/STM32CubeFunctionPack_SENSING1_V4.0.3/Projects/B-L475E-IOT01A/Applications/SENSING1/Src/OTA.c" -mcpu=cortex-m4 -std=c99 -g3 -DSTM32L475xx -DUSE_HAL_DRIVER -DUSE_STM32L475E_IOT01 -DPRIORITY_RTOS -DARM_MATH_CM4 -D__FPU_PRESENT=1 -c -O2 -ffunction-sections -Wall -fstack-usage -MMD -MP -MF"SENSING1/User/OTA.d" -MT"SENSING1/User/OTA.o" --specs=nano.specs -mfpu=fpv4-sp-d16 -mfloat-abi=hard -mthumb -o "SENSING1/User/OTA.o" @"SENSING1/User/OTA.c_includes.args"
arm-none-eabi-gcc "C:/Users/invain/Desktop/e4ds-stm-cube-ai/quest01/en.fp-ai-sensing1/STM32CubeFunctionPack_SENSING1_V4.0.3/Projects/B-L475E-IOT01A/Applications/SENSING1/Src/PowerControl.c" -mcpu=cortex-m4 -std=c99 -g3 -DSTM32L475xx -DUSE_HAL_DRIVER -DUSE_STM32L475E_IOT01 -DPRIORITY_RTOS -DARM_MATH_CM4 -D__FPU_PRESENT=1 -c -O2 -ffunction-sections -Wall -fstack-usage -MMD -MP -MF"SENSING1/User/PowerControl.d" -MT"SENSING1/User/PowerControl.o" --specs=nano.specs -mfpu=fpv4-sp-d16 -mfloat-abi=hard -mthumb -o "SENSING1/User/PowerControl.o" @"SENSING1/User/PowerControl.c_includes.args"
arm-none-eabi-gcc "C:/Users/invain/Desktop/e4ds-stm-cube-ai/quest01/en.fp-ai-sensing1/STM32CubeFunctionPack_SENSING1_V4.0.3/Projects/B-L475E-IOT01A/Applications/SENSING1/Src/TargetPlatform.c" -mcpu=cortex-m4 -std=c99 -g3 -DSTM32L475xx -DUSE_HAL_DRIVER -DUSE_STM32L475E_IOT01 -DPRIORITY_RTOS -DARM_MATH_CM4 -D__FPU_PRESENT=1 -c -O2 -ffunction-sections -Wall -fstack-usage -MMD -MP -MF"SENSING1/User/TargetPlatform.d" -MT"SENSING1/User/TargetPlatform.o" --specs=nano.specs -mfpu=fpv4-sp-d16 -mfloat-abi=hard -mthumb -o "SENSING1/User/TargetPlatform.o" @"SENSING1/User/TargetPlatform.c_includes.args"
arm-none-eabi-gcc "C:/Users/invain/Desktop/e4ds-stm-cube-ai/quest01/en.fp-ai-sensing1/STM32CubeFunctionPack_SENSING1_V4.0.3/Projects/B-L475E-IOT01A/Applications/SENSING1/Src/ai_common.c" -mcpu=cortex-m4 -std=c99 -g3 -DSTM32L475xx -DUSE_HAL_DRIVER -DUSE_STM32L475E_IOT01 -DPRIORITY_RTOS -DARM_MATH_CM4 -D__FPU_PRESENT=1 -c -O2 -ffunction-sections -Wall -fstack-usage -MMD -MP -MF"SENSING1/User/ai_common.d" -MT"SENSING1/User/ai_common.o" --specs=nano.specs -mfpu=fpv4-sp-d16 -mfloat-abi=hard -mthumb -o "SENSING1/User/ai_common.o" @"SENSING1/User/ai_common.c_includes.args"
arm-none-eabi-gcc "C:/Users/invain/Desktop/e4ds-stm-cube-ai/quest01/en.fp-ai-sensing1/STM32CubeFunctionPack_SENSING1_V4.0.3/Projects/B-L475E-IOT01A/Applications/SENSING1/Src/cli_commands.c" -mcpu=cortex-m4 -std=c99 -g3 -DSTM32L475xx -DUSE_HAL_DRIVER -DUSE_STM32L475E_IOT01 -DPRIORITY_RTOS -DARM_MATH_CM4 -D__FPU_PRESENT=1 -c -O2 -ffunction-sections -Wall -fstack-usage -MMD -MP -MF"SENSING1/User/cli_commands.d" -MT"SENSING1/User/cli_commands.o" --specs=nano.specs -mfpu=fpv4-sp-d16 -mfloat-abi=hard -mthumb -o "SENSING1/User/cli_commands.o" @"SENSING1/User/cli_commands.c_includes.args"
arm-none-eabi-gcc "C:/Users/invain/Desktop/e4ds-stm-cube-ai/quest01/en.fp-ai-sensing1/STM32CubeFunctionPack_SENSING1_V4.0.3/Projects/B-L475E-IOT01A/Applications/SENSING1/Src/console.c" -mcpu=cortex-m4 -std=c99 -g3 -DSTM32L475xx -DUSE_HAL_DRIVER -DUSE_STM32L475E_IOT01 -DPRIORITY_RTOS -DARM_MATH_CM4 -D__FPU_PRESENT=1 -c -O2 -ffunction-sections -Wall -fstack-usage -MMD -MP -MF"SENSING1/User/console.d" -MT"SENSING1/User/console.o" --specs=nano.specs -mfpu=fpv4-sp-d16 -mfloat-abi=hard -mthumb -o "SENSING1/User/console.o" @"SENSING1/User/console.c_includes.args"
arm-none-eabi-gcc "C:/Users/invain/Desktop/e4ds-stm-cube-ai/quest01/en.fp-ai-sensing1/STM32CubeFunctionPack_SENSING1_V4.0.3/Projects/B-L475E-IOT01A/Applications/SENSING1/Src/main.c" -mcpu=cortex-m4 -std=c99 -g3 -DSTM32L475xx -DUSE_HAL_DRIVER -DUSE_STM32L475E_IOT01 -DPRIORITY_RTOS -DARM_MATH_CM4 -D__FPU_PRESENT=1 -c -O2 -ffunction-sections -Wall -fstack-usage -MMD -MP -MF"SENSING1/User/main.d" -MT"SENSING1/User/main.o" --specs=nano.specs -mfpu=fpv4-sp-d16 -mfloat-abi=hard -mthumb -o "SENSING1/User/main.o" @"SENSING1/User/main.c_includes.args"
arm-none-eabi-gcc "C:/Users/invain/Desktop/e4ds-stm-cube-ai/quest01/en.fp-ai-sensing1/STM32CubeFunctionPack_SENSING1_V4.0.3/Projects/B-L475E-IOT01A/Applications/SENSING1/Src/qspi_diskio_iot01.c" -mcpu=cortex-m4 -std=c99 -g3 -DSTM32L475xx -DUSE_HAL_DRIVER -DUSE_STM32L475E_IOT01 -DPRIORITY_RTOS -DARM_MATH_CM4 -D__FPU_PRESENT=1 -c -O2 -ffunction-sections -Wall -fstack-usage -MMD -MP -MF"SENSING1/User/qspi_diskio_iot01.d" -MT"SENSING1/User/qspi_diskio_iot01.o" --specs=nano.specs -mfpu=fpv4-sp-d16 -mfloat-abi=hard -mthumb -o "SENSING1/User/qspi_diskio_iot01.o" @"SENSING1/User/qspi_diskio_iot01.c_includes.args"
arm-none-eabi-gcc "C:/Users/invain/Desktop/e4ds-stm-cube-ai/quest01/en.fp-ai-sensing1/STM32CubeFunctionPack_SENSING1_V4.0.3/Projects/B-L475E-IOT01A/Applications/SENSING1/Src/sensor_service.c" -mcpu=cortex-m4 -std=c99 -g3 -DSTM32L475xx -DUSE_HAL_DRIVER -DUSE_STM32L475E_IOT01 -DPRIORITY_RTOS -DARM_MATH_CM4 -D__FPU_PRESENT=1 -c -O2 -ffunction-sections -Wall -fstack-usage -MMD -MP -MF"SENSING1/User/sensor_service.d" -MT"SENSING1/User/sensor_service.o" --specs=nano.specs -mfpu=fpv4-sp-d16 -mfloat-abi=hard -mthumb -o "SENSING1/User/sensor_service.o" @"SENSING1/User/sensor_service.c_includes.args"
arm-none-eabi-gcc "C:/Users/invain/Desktop/e4ds-stm-cube-ai/quest01/en.fp-ai-sensing1/STM32CubeFunctionPack_SENSING1_V4.0.3/Projects/B-L475E-IOT01A/Applications/SENSING1/Src/stm32l4xx_it.c" -mcpu=cortex-m4 -std=c99 -g3 -DSTM32L475xx -DUSE_HAL_DRIVER -DUSE_STM32L475E_IOT01 -DPRIORITY_RTOS -DARM_MATH_CM4 -D__FPU_PRESENT=1 -c -O2 -ffunction-sections -Wall -fstack-usage -MMD -MP -MF"SENSING1/User/stm32l4xx_it.d" -MT"SENSING1/User/stm32l4xx_it.o" --specs=nano.specs -mfpu=fpv4-sp-d16 -mfloat-abi=hard -mthumb -o "SENSING1/User/stm32l4xx_it.o" @"SENSING1/User/stm32l4xx_it.c_includes.args"
arm-none-eabi-gcc "C:/Users/invain/Desktop/e4ds-stm-cube-ai/quest01/en.fp-ai-sensing1/STM32CubeFunctionPack_SENSING1_V4.0.3/Projects/B-L475E-IOT01A/Applications/SENSING1/Src/usbd_audio_if.c" -mcpu=cortex-m4 -std=c99 -g3 -DSTM32L475xx -DUSE_HAL_DRIVER -DUSE_STM32L475E_IOT01 -DPRIORITY_RTOS -DARM_MATH_CM4 -D__FPU_PRESENT=1 -c -O2 -ffunction-sections -Wall -fstack-usage -MMD -MP -MF"SENSING1/User/usbd_audio_if.d" -MT"SENSING1/User/usbd_audio_if.o" --specs=nano.specs -mfpu=fpv4-sp-d16 -mfloat-abi=hard -mthumb -o "SENSING1/User/usbd_audio_if.o" @"SENSING1/User/usbd_audio_if.c_includes.args"
arm-none-eabi-gcc "C:/Users/invain/Desktop/e4ds-stm-cube-ai/quest01/en.fp-ai-sensing1/STM32CubeFunctionPack_SENSING1_V4.0.3/Projects/B-L475E-IOT01A/Applications/SENSING1/Src/usbd_desc.c" -mcpu=cortex-m4 -std=c99 -g3 -DSTM32L475xx -DUSE_HAL_DRIVER -DUSE_STM32L475E_IOT01 -DPRIORITY_RTOS -DARM_MATH_CM4 -D__FPU_PRESENT=1 -c -O2 -ffunction-sections -Wall -fstack-usage -MMD -MP -MF"SENSING1/User/usbd_desc.d" -MT"SENSING1/User/usbd_desc.o" --specs=nano.specs -mfpu=fpv4-sp-d16 -mfloat-abi=hard -mthumb -o "SENSING1/User/usbd_desc.o" @"SENSING1/User/usbd_desc.c_includes.args"
arm-none-eabi-gcc "C:/Users/invain/Desktop/e4ds-stm-cube-ai/quest01/en.fp-ai-sensing1/STM32CubeFunctionPack_SENSING1_V4.0.3/Middlewares/Third_Party/FatFs/src/option/syscall.c" -mcpu=cortex-m4 -std=c99 -g3 -DSTM32L475xx -DUSE_HAL_DRIVER -DUSE_STM32L475E_IOT01 -DPRIORITY_RTOS -DARM_MATH_CM4 -D__FPU_PRESENT=1 -c -O2 -ffunction-sections -Wall -fstack-usage -MMD -MP -MF"Middlewares/FatFs/Options/syscall.d" -MT"Middlewares/FatFs/Options/syscall.o" --specs=nano.specs -mfpu=fpv4-sp-d16 -mfloat-abi=hard -mthumb -o "Middlewares/FatFs/Options/syscall.o" @"Middlewares/FatFs/Options/syscall.c_includes.args"
arm-none-eabi-gcc "C:/Users/invain/Desktop/e4ds-stm-cube-ai/quest01/en.fp-ai-sensing1/STM32CubeFunctionPack_SENSING1_V4.0.3/Middlewares/Third_Party/FatFs/src/option/unicode.c" -mcpu=cortex-m4 -std=c99 -g3 -DSTM32L475xx -DUSE_HAL_DRIVER -DUSE_STM32L475E_IOT01 -DPRIORITY_RTOS -DARM_MATH_CM4 -D__FPU_PRESENT=1 -c -O2 -ffunction-sections -Wall -fstack-usage -MMD -MP -MF"Middlewares/FatFs/Options/unicode.d" -MT"Middlewares/FatFs/Options/unicode.o" --specs=nano.specs -mfpu=fpv4-sp-d16 -mfloat-abi=hard -mthumb -o "Middlewares/FatFs/Options/unicode.o" @"Middlewares/FatFs/Options/unicode.c_includes.args"
arm-none-eabi-gcc "C:/Users/invain/Desktop/e4ds-stm-cube-ai/quest01/en.fp-ai-sensing1/STM32CubeFunctionPack_SENSING1_V4.0.3/Middlewares/Third_Party/FatFs/src/diskio.c" -mcpu=cortex-m4 -std=c99 -g3 -DSTM32L475xx -DUSE_HAL_DRIVER -DUSE_STM32L475E_IOT01 -DPRIORITY_RTOS -DARM_MATH_CM4 -D__FPU_PRESENT=1 -c -O2 -ffunction-sections -Wall -fstack-usage -MMD -MP -MF"Middlewares/FatFs/Core/diskio.d" -MT"Middlewares/FatFs/Core/diskio.o" --specs=nano.specs -mfpu=fpv4-sp-d16 -mfloat-abi=hard -mthumb -o "Middlewares/FatFs/Core/diskio.o" @"Middlewares/FatFs/Core/diskio.c_includes.args"
arm-none-eabi-gcc "C:/Users/invain/Desktop/e4ds-stm-cube-ai/quest01/en.fp-ai-sensing1/STM32CubeFunctionPack_SENSING1_V4.0.3/Middlewares/Third_Party/FatFs/src/ff.c" -mcpu=cortex-m4 -std=c99 -g3 -DSTM32L475xx -DUSE_HAL_DRIVER -DUSE_STM32L475E_IOT01 -DPRIORITY_RTOS -DARM_MATH_CM4 -D__FPU_PRESENT=1 -c -O2 -ffunction-sections -Wall -fstack-usage -MMD -MP -MF"Middlewares/FatFs/Core/ff.d" -MT"Middlewares/FatFs/Core/ff.o" --specs=nano.specs -mfpu=fpv4-sp-d16 -mfloat-abi=hard -mthumb -o "Middlewares/FatFs/Core/ff.o" @"Middlewares/FatFs/Core/ff.c_includes.args"
arm-none-eabi-gcc "C:/Users/invain/Desktop/e4ds-stm-cube-ai/quest01/en.fp-ai-sensing1/STM32CubeFunctionPack_SENSING1_V4.0.3/Middlewares/Third_Party/FatFs/src/ff_gen_drv.c" -mcpu=cortex-m4 -std=c99 -g3 -DSTM32L475xx -DUSE_HAL_DRIVER -DUSE_STM32L475E_IOT01 -DPRIORITY_RTOS -DARM_MATH_CM4 -D__FPU_PRESENT=1 -c -O2 -ffunction-sections -Wall -fstack-usage -MMD -MP -MF"Middlewares/FatFs/Core/ff_gen_drv.d" -MT"Middlewares/FatFs/Core/ff_gen_drv.o" --specs=nano.specs -mfpu=fpv4-sp-d16 -mfloat-abi=hard -mthumb -o "Middlewares/FatFs/Core/ff_gen_drv.o" @"Middlewares/FatFs/Core/ff_gen_drv.c_includes.args"
arm-none-eabi-gcc -o "B-L475E-IOT01A.elf" @"objects.list"  -l:NetworkRuntime410_CM4_GCC.a -larm_cortexM4lf_math -mcpu=cortex-m4 -T"../LinkerScript.ld" --specs=nosys.specs -Wl,-Map="B-L475E-IOT01A.map" -Wl,--gc-sections -static -L../../../../../../../Middlewares/ST/STM32_AI_Library/lib -L../../../../../../../Drivers/CMSIS/Lib/GCC --specs=nano.specs -mfpu=fpv4-sp-d16 -mfloat-abi=hard -mthumb -u _printf_float -Wl,--start-group -lc -lm -Wl,--end-group
Finished building target: B-L475E-IOT01A.elf
 
arm-none-eabi-size   B-L475E-IOT01A.elf 
   text	   data	    bss	    dec	    hex	filename
 344528	   8696	  83424	 436648	  6a9a8	B-L475E-IOT01A.elf
Finished building: default.size.stdout
 
arm-none-eabi-objdump -h -S  B-L475E-IOT01A.elf  > "B-L475E-IOT01A.list"
Finished building: B-L475E-IOT01A.list
 
arm-none-eabi-objcopy -O binary "B-L475E-IOT01A.elf" "../../SENSING1.bin"
arm-none-eabi-size "B-L475E-IOT01A.elf"
   text	   data	    bss	    dec	    hex	filename
 344528	   8696	  83424	 436648	  6a9a8	B-L475E-IOT01A.elf
 

23:15:57 Build Finished. 0 errors, 0 warnings. (took 1m:1s.999ms)

