23:13:13 **** Build of configuration B-L475E-IOT01A for project B-L475E-IOT01A ****
make all 
arm-none-eabi-gcc "C:/Users/invain/Desktop/e4ds-stm-cube-ai/quest01/en.fp-ai-sensing1/STM32CubeFunctionPack_SENSING1_V4.0.3/Projects/B-L475E-IOT01A/Applications/SENSING1/Patch/usbd_audio_patch.c" -mcpu=cortex-m4 -std=c99 -g3 -DSTM32L475xx -DUSE_HAL_DRIVER -DUSE_STM32L475E_IOT01 -DPRIORITY_RTOS -DARM_MATH_CM4 -D__FPU_PRESENT=1 -c -O2 -ffunction-sections -Wall -fstack-usage -MMD -MP -MF"SENSING1/User/Patch/usbd_audio_patch.d" -MT"SENSING1/User/Patch/usbd_audio_patch.o" --specs=nano.specs -mfpu=fpv4-sp-d16 -mfloat-abi=hard -mthumb -o "SENSING1/User/Patch/usbd_audio_patch.o" @"SENSING1/User/Patch/usbd_audio_patch.c_includes.args"
arm-none-eabi-gcc "C:/Users/invain/Desktop/e4ds-stm-cube-ai/quest01/en.fp-ai-sensing1/STM32CubeFunctionPack_SENSING1_V4.0.3/Projects/B-L475E-IOT01A/Applications/SENSING1/Src/har_Postprocessing.c" -mcpu=cortex-m4 -std=c99 -g3 -DSTM32L475xx -DUSE_HAL_DRIVER -DUSE_STM32L475E_IOT01 -DPRIORITY_RTOS -DARM_MATH_CM4 -D__FPU_PRESENT=1 -c -O2 -ffunction-sections -Wall -fstack-usage -MMD -MP -MF"SENSING1/User/HAR/har_Postprocessing.d" -MT"SENSING1/User/HAR/har_Postprocessing.o" --specs=nano.specs -mfpu=fpv4-sp-d16 -mfloat-abi=hard -mthumb -o "SENSING1/User/HAR/har_Postprocessing.o" @"SENSING1/User/HAR/har_Postprocessing.c_includes.args"
arm-none-eabi-gcc "C:/Users/invain/Desktop/e4ds-stm-cube-ai/quest01/en.fp-ai-sensing1/STM32CubeFunctionPack_SENSING1_V4.0.3/Projects/B-L475E-IOT01A/Applications/SENSING1/Src/har_Preprocessing.c" -mcpu=cortex-m4 -std=c99 -g3 -DSTM32L475xx -DUSE_HAL_DRIVER -DUSE_STM32L475E_IOT01 -DPRIORITY_RTOS -DARM_MATH_CM4 -D__FPU_PRESENT=1 -c -O2 -ffunction-sections -Wall -fstack-usage -MMD -MP -MF"SENSING1/User/HAR/har_Preprocessing.d" -MT"SENSING1/User/HAR/har_Preprocessing.o" --specs=nano.specs -mfpu=fpv4-sp-d16 -mfloat-abi=hard -mthumb -o "SENSING1/User/HAR/har_Preprocessing.o" @"SENSING1/User/HAR/har_Preprocessing.c_includes.args"
arm-none-eabi-gcc "C:/Users/invain/Desktop/e4ds-stm-cube-ai/quest01/en.fp-ai-sensing1/STM32CubeFunctionPack_SENSING1_V4.0.3/Projects/B-L475E-IOT01A/Applications/SENSING1/Src/har_Processing.c" -mcpu=cortex-m4 -std=c99 -g3 -DSTM32L475xx -DUSE_HAL_DRIVER -DUSE_STM32L475E_IOT01 -DPRIORITY_RTOS -DARM_MATH_CM4 -D__FPU_PRESENT=1 -c -O2 -ffunction-sections -Wall -fstack-usage -MMD -MP -MF"SENSING1/User/HAR/har_Processing.d" -MT"SENSING1/User/HAR/har_Processing.o" --specs=nano.specs -mfpu=fpv4-sp-d16 -mfloat-abi=hard -mthumb -o "SENSING1/User/HAR/har_Processing.o" @"SENSING1/User/HAR/har_Processing.c_includes.args"
arm-none-eabi-gcc "C:/Users/invain/Desktop/e4ds-stm-cube-ai/quest01/en.fp-ai-sensing1/STM32CubeFunctionPack_SENSING1_V4.0.3/Projects/B-L475E-IOT01A/Applications/SENSING1/Src/har_ProcessingTest.c" -mcpu=cortex-m4 -std=c99 -g3 -DSTM32L475xx -DUSE_HAL_DRIVER -DUSE_STM32L475E_IOT01 -DPRIORITY_RTOS -DARM_MATH_CM4 -D__FPU_PRESENT=1 -c -O2 -ffunction-sections -Wall -fstack-usage -MMD -MP -MF"SENSING1/User/HAR/har_ProcessingTest.d" -MT"SENSING1/User/HAR/har_ProcessingTest.o" --specs=nano.specs -mfpu=fpv4-sp-d16 -mfloat-abi=hard -mthumb -o "SENSING1/User/HAR/har_ProcessingTest.o" @"SENSING1/User/HAR/har_ProcessingTest.c_includes.args"
arm-none-eabi-gcc "C:/Users/invain/Desktop/e4ds-stm-cube-ai/quest01/en.fp-ai-sensing1/STM32CubeFunctionPack_SENSING1_V4.0.3/Projects/B-L475E-IOT01A/Applications/SENSING1/Src/har_gmp.c" -mcpu=cortex-m4 -std=c99 -g3 -DSTM32L475xx -DUSE_HAL_DRIVER -DUSE_STM32L475E_IOT01 -DPRIORITY_RTOS -DARM_MATH_CM4 -D__FPU_PRESENT=1 -c -O2 -ffunction-sections -Wall -fstack-usage -MMD -MP -MF"SENSING1/User/HAR/har_gmp.d" -MT"SENSING1/User/HAR/har_gmp.o" --specs=nano.specs -mfpu=fpv4-sp-d16 -mfloat-abi=hard -mthumb -o "SENSING1/User/HAR/har_gmp.o" @"SENSING1/User/HAR/har_gmp.c_includes.args"
arm-none-eabi-gcc "C:/Users/invain/Desktop/e4ds-stm-cube-ai/quest01/en.fp-ai-sensing1/STM32CubeFunctionPack_SENSING1_V4.0.3/Projects/B-L475E-IOT01A/Applications/SENSING1/Src/har_gmp_data.c" -mcpu=cortex-m4 -std=c99 -g3 -DSTM32L475xx -DUSE_HAL_DRIVER -DUSE_STM32L475E_IOT01 -DPRIORITY_RTOS -DARM_MATH_CM4 -D__FPU_PRESENT=1 -c -O2 -ffunction-sections -Wall -fstack-usage -MMD -MP -MF"SENSING1/User/HAR/har_gmp_data.d" -MT"SENSING1/User/HAR/har_gmp_data.o" --specs=nano.specs -mfpu=fpv4-sp-d16 -mfloat-abi=hard -mthumb -o "SENSING1/User/HAR/har_gmp_data.o" @"SENSING1/User/HAR/har_gmp_data.c_includes.args"
arm-none-eabi-gcc "C:/Users/invain/Desktop/e4ds-stm-cube-ai/quest01/en.fp-ai-sensing1/STM32CubeFunctionPack_SENSING1_V4.0.3/Projects/B-L475E-IOT01A/Applications/SENSING1/Src/har_ign.c" -mcpu=cortex-m4 -std=c99 -g3 -DSTM32L475xx -DUSE_HAL_DRIVER -DUSE_STM32L475E_IOT01 -DPRIORITY_RTOS -DARM_MATH_CM4 -D__FPU_PRESENT=1 -c -O2 -ffunction-sections -Wall -fstack-usage -MMD -MP -MF"SENSING1/User/HAR/har_ign.d" -MT"SENSING1/User/HAR/har_ign.o" --specs=nano.specs -mfpu=fpv4-sp-d16 -mfloat-abi=hard -mthumb -o "SENSING1/User/HAR/har_ign.o" @"SENSING1/User/HAR/har_ign.c_includes.args"
arm-none-eabi-gcc "C:/Users/invain/Desktop/e4ds-stm-cube-ai/quest01/en.fp-ai-sensing1/STM32CubeFunctionPack_SENSING1_V4.0.3/Projects/B-L475E-IOT01A/Applications/SENSING1/Src/har_ign_data.c" -mcpu=cortex-m4 -std=c99 -g3 -DSTM32L475xx -DUSE_HAL_DRIVER -DUSE_STM32L475E_IOT01 -DPRIORITY_RTOS -DARM_MATH_CM4 -D__FPU_PRESENT=1 -c -O2 -ffunction-sections -Wall -fstack-usage -MMD -MP -MF"SENSING1/User/HAR/har_ign_data.d" -MT"SENSING1/User/HAR/har_ign_data.o" --specs=nano.specs -mfpu=fpv4-sp-d16 -mfloat-abi=hard -mthumb -o "SENSING1/User/HAR/har_ign_data.o" @"SENSING1/User/HAR/har_ign_data.c_includes.args"
arm-none-eabi-gcc "C:/Users/invain/Desktop/e4ds-stm-cube-ai/quest01/en.fp-ai-sensing1/STM32CubeFunctionPack_SENSING1_V4.0.3/Projects/B-L475E-IOT01A/Applications/SENSING1/Src/har_ign_wsdm.c" -mcpu=cortex-m4 -std=c99 -g3 -DSTM32L475xx -DUSE_HAL_DRIVER -DUSE_STM32L475E_IOT01 -DPRIORITY_RTOS -DARM_MATH_CM4 -D__FPU_PRESENT=1 -c -O2 -ffunction-sections -Wall -fstack-usage -MMD -MP -MF"SENSING1/User/HAR/har_ign_wsdm.d" -MT"SENSING1/User/HAR/har_ign_wsdm.o" --specs=nano.specs -mfpu=fpv4-sp-d16 -mfloat-abi=hard -mthumb -o "SENSING1/User/HAR/har_ign_wsdm.o" @"SENSING1/User/HAR/har_ign_wsdm.c_includes.args"
arm-none-eabi-gcc "C:/Users/invain/Desktop/e4ds-stm-cube-ai/quest01/en.fp-ai-sensing1/STM32CubeFunctionPack_SENSING1_V4.0.3/Projects/B-L475E-IOT01A/Applications/SENSING1/Src/har_ign_wsdm_data.c" -mcpu=cortex-m4 -std=c99 -g3 -DSTM32L475xx -DUSE_HAL_DRIVER -DUSE_STM32L475E_IOT01 -DPRIORITY_RTOS -DARM_MATH_CM4 -D__FPU_PRESENT=1 -c -O2 -ffunction-sections -Wall -fstack-usage -MMD -MP -MF"SENSING1/User/HAR/har_ign_wsdm_data.d" -MT"SENSING1/User/HAR/har_ign_wsdm_data.o" --specs=nano.specs -mfpu=fpv4-sp-d16 -mfloat-abi=hard -mthumb -o "SENSING1/User/HAR/har_ign_wsdm_data.o" @"SENSING1/User/HAR/har_ign_wsdm_data.c_includes.args"
arm-none-eabi-gcc "C:/Users/invain/Desktop/e4ds-stm-cube-ai/quest01/en.fp-ai-sensing1/STM32CubeFunctionPack_SENSING1_V4.0.3/Projects/B-L475E-IOT01A/Applications/SENSING1/Src/asc.c" -mcpu=cortex-m4 -std=c99 -g3 -DSTM32L475xx -DUSE_HAL_DRIVER -DUSE_STM32L475E_IOT01 -DPRIORITY_RTOS -DARM_MATH_CM4 -D__FPU_PRESENT=1 -c -O2 -ffunction-sections -Wall -fstack-usage -MMD -MP -MF"SENSING1/User/ASC/asc.d" -MT"SENSING1/User/ASC/asc.o" --specs=nano.specs -mfpu=fpv4-sp-d16 -mfloat-abi=hard -mthumb -o "SENSING1/User/ASC/asc.o" @"SENSING1/User/ASC/asc.c_includes.args"
arm-none-eabi-gcc "C:/Users/invain/Desktop/e4ds-stm-cube-ai/quest01/en.fp-ai-sensing1/STM32CubeFunctionPack_SENSING1_V4.0.3/Projects/B-L475E-IOT01A/Applications/SENSING1/Src/asc_data.c" -mcpu=cortex-m4 -std=c99 -g3 -DSTM32L475xx -DUSE_HAL_DRIVER -DUSE_STM32L475E_IOT01 -DPRIORITY_RTOS -DARM_MATH_CM4 -D__FPU_PRESENT=1 -c -O2 -ffunction-sections -Wall -fstack-usage -MMD -MP -MF"SENSING1/User/ASC/asc_data.d" -MT"SENSING1/User/ASC/asc_data.o" --specs=nano.specs -mfpu=fpv4-sp-d16 -mfloat-abi=hard -mthumb -o "SENSING1/User/ASC/asc_data.o" @"SENSING1/User/ASC/asc_data.c_includes.args"
arm-none-eabi-gcc "C:/Users/invain/Desktop/e4ds-stm-cube-ai/quest01/en.fp-ai-sensing1/STM32CubeFunctionPack_SENSING1_V4.0.3/Projects/B-L475E-IOT01A/Applications/SENSING1/Src/asc_featurescaler.c" -mcpu=cortex-m4 -std=c99 -g3 -DSTM32L475xx -DUSE_HAL_DRIVER -DUSE_STM32L475E_IOT01 -DPRIORITY_RTOS -DARM_MATH_CM4 -D__FPU_PRESENT=1 -c -O2 -ffunction-sections -Wall -fstack-usage -MMD -MP -MF"SENSING1/User/ASC/asc_featurescaler.d" -MT"SENSING1/User/ASC/asc_featurescaler.o" --specs=nano.specs -mfpu=fpv4-sp-d16 -mfloat-abi=hard -mthumb -o "SENSING1/User/ASC/asc_featurescaler.o" @"SENSING1/User/ASC/asc_featurescaler.c_includes.args"
arm-none-eabi-gcc "C:/Users/invain/Desktop/e4ds-stm-cube-ai/quest01/en.fp-ai-sensing1/STM32CubeFunctionPack_SENSING1_V4.0.3/Projects/B-L475E-IOT01A/Applications/SENSING1/Src/asc_postprocessing.c" -mcpu=cortex-m4 -std=c99 -g3 -DSTM32L475xx -DUSE_HAL_DRIVER -DUSE_STM32L475E_IOT01 -DPRIORITY_RTOS -DARM_MATH_CM4 -D__FPU_PRESENT=1 -c -O2 -ffunction-sections -Wall -fstack-usage -MMD -MP -MF"SENSING1/User/ASC/asc_postprocessing.d" -MT"SENSING1/User/ASC/asc_postprocessing.o" --specs=nano.specs -mfpu=fpv4-sp-d16 -mfloat-abi=hard -mthumb -o "SENSING1/User/ASC/asc_postprocessing.o" @"SENSING1/User/ASC/asc_postprocessing.c_includes.args"
arm-none-eabi-gcc "C:/Users/invain/Desktop/e4ds-stm-cube-ai/quest01/en.fp-ai-sensing1/STM32CubeFunctionPack_SENSING1_V4.0.3/Projects/B-L475E-IOT01A/Applications/SENSING1/Src/asc_processing.c" -mcpu=cortex-m4 -std=c99 -g3 -DSTM32L475xx -DUSE_HAL_DRIVER -DUSE_STM32L475E_IOT01 -DPRIORITY_RTOS -DARM_MATH_CM4 -D__FPU_PRESENT=1 -c -O2 -ffunction-sections -Wall -fstack-usage -MMD -MP -MF"SENSING1/User/ASC/asc_processing.d" -MT"SENSING1/User/ASC/asc_processing.o" --specs=nano.specs -mfpu=fpv4-sp-d16 -mfloat-abi=hard -mthumb -o "SENSING1/User/ASC/asc_processing.o" @"SENSING1/User/ASC/asc_processing.c_includes.args"
arm-none-eabi-gcc "C:/Users/invain/Desktop/e4ds-stm-cube-ai/quest01/en.fp-ai-sensing1/STM32CubeFunctionPack_SENSING1_V4.0.3/Projects/B-L475E-IOT01A/Applications/SENSING1/Src/DataLog_Manager.c" -mcpu=cortex-m4 -std=c99 -g3 -DSTM32L475xx -DUSE_HAL_DRIVER -DUSE_STM32L475E_IOT01 -DPRIORITY_RTOS -DARM_MATH_CM4 -D__FPU_PRESENT=1 -c -O2 -ffunction-sections -Wall -fstack-usage -MMD -MP -MF"SENSING1/User/DataLog_Manager.d" -MT"SENSING1/User/DataLog_Manager.o" --specs=nano.specs -mfpu=fpv4-sp-d16 -mfloat-abi=hard -mthumb -o "SENSING1/User/DataLog_Manager.o" @"SENSING1/User/DataLog_Manager.c_includes.args"
arm-none-eabi-gcc "C:/Users/invain/Desktop/e4ds-stm-cube-ai/quest01/en.fp-ai-sensing1/STM32CubeFunctionPack_SENSING1_V4.0.3/Projects/B-L475E-IOT01A/Applications/SENSING1/Src/FreeRTOS_CLI.c" -mcpu=cortex-m4 -std=c99 -g3 -DSTM32L475xx -DUSE_HAL_DRIVER -DUSE_STM32L475E_IOT01 -DPRIORITY_RTOS -DARM_MATH_CM4 -D__FPU_PRESENT=1 -c -O2 -ffunction-sections -Wall -fstack-usage -MMD -MP -MF"SENSING1/User/FreeRTOS_CLI.d" -MT"SENSING1/User/FreeRTOS_CLI.o" --specs=nano.specs -mfpu=fpv4-sp-d16 -mfloat-abi=hard -mthumb -o "SENSING1/User/FreeRTOS_CLI.o" @"SENSING1/User/FreeRTOS_CLI.c_includes.args"
arm-none-eabi-gcc "C:/Users/invain/Desktop/e4ds-stm-cube-ai/quest01/en.fp-ai-sensing1/STM32CubeFunctionPack_SENSING1_V4.0.3/Projects/B-L475E-IOT01A/Applications/SENSING1/Src/OTA.c" -mcpu=cortex-m4 -std=c99 -g3 -DSTM32L475xx -DUSE_HAL_DRIVER -DUSE_STM32L475E_IOT01 -DPRIORITY_RTOS -DARM_MATH_CM4 -D__FPU_PRESENT=1 -c -O2 -ffunction-sections -Wall -fstack-usage -MMD -MP -MF"SENSING1/User/OTA.d" -MT"SENSING1/User/OTA.o" --specs=nano.specs -mfpu=fpv4-sp-d16 -mfloat-abi=hard -mthumb -o "SENSING1/User/OTA.o" @"SENSING1/User/OTA.c_includes.args"
arm-none-eabi-gcc "C:/Users/invain/Desktop/e4ds-stm-cube-ai/quest01/en.fp-ai-sensing1/STM32CubeFunctionPack_SENSING1_V4.0.3/Projects/B-L475E-IOT01A/Applications/SENSING1/Src/PowerControl.c" -mcpu=cortex-m4 -std=c99 -g3 -DSTM32L475xx -DUSE_HAL_DRIVER -DUSE_STM32L475E_IOT01 -DPRIORITY_RTOS -DARM_MATH_CM4 -D__FPU_PRESENT=1 -c -O2 -ffunction-sections -Wall -fstack-usage -MMD -MP -MF"SENSING1/User/PowerControl.d" -MT"SENSING1/User/PowerControl.o" --specs=nano.specs -mfpu=fpv4-sp-d16 -mfloat-abi=hard -mthumb -o "SENSING1/User/PowerControl.o" @"SENSING1/User/PowerControl.c_includes.args"
arm-none-eabi-gcc "C:/Users/invain/Desktop/e4ds-stm-cube-ai/quest01/en.fp-ai-sensing1/STM32CubeFunctionPack_SENSING1_V4.0.3/Projects/B-L475E-IOT01A/Applications/SENSING1/Src/TargetPlatform.c" -mcpu=cortex-m4 -std=c99 -g3 -DSTM32L475xx -DUSE_HAL_DRIVER -DUSE_STM32L475E_IOT01 -DPRIORITY_RTOS -DARM_MATH_CM4 -D__FPU_PRESENT=1 -c -O2 -ffunction-sections -Wall -fstack-usage -MMD -MP -MF"SENSING1/User/TargetPlatform.d" -MT"SENSING1/User/TargetPlatform.o" --specs=nano.specs -mfpu=fpv4-sp-d16 -mfloat-abi=hard -mthumb -o "SENSING1/User/TargetPlatform.o" @"SENSING1/User/TargetPlatform.c_includes.args"
arm-none-eabi-gcc "C:/Users/invain/Desktop/e4ds-stm-cube-ai/quest01/en.fp-ai-sensing1/STM32CubeFunctionPack_SENSING1_V4.0.3/Projects/B-L475E-IOT01A/Applications/SENSING1/Src/ai_common.c" -mcpu=cortex-m4 -std=c99 -g3 -DSTM32L475xx -DUSE_HAL_DRIVER -DUSE_STM32L475E_IOT01 -DPRIORITY_RTOS -DARM_MATH_CM4 -D__FPU_PRESENT=1 -c -O2 -ffunction-sections -Wall -fstack-usage -MMD -MP -MF"SENSING1/User/ai_common.d" -MT"SENSING1/User/ai_common.o" --specs=nano.specs -mfpu=fpv4-sp-d16 -mfloat-abi=hard -mthumb -o "SENSING1/User/ai_common.o" @"SENSING1/User/ai_common.c_includes.args"
arm-none-eabi-gcc "C:/Users/invain/Desktop/e4ds-stm-cube-ai/quest01/en.fp-ai-sensing1/STM32CubeFunctionPack_SENSING1_V4.0.3/Projects/B-L475E-IOT01A/Applications/SENSING1/Src/cli_commands.c" -mcpu=cortex-m4 -std=c99 -g3 -DSTM32L475xx -DUSE_HAL_DRIVER -DUSE_STM32L475E_IOT01 -DPRIORITY_RTOS -DARM_MATH_CM4 -D__FPU_PRESENT=1 -c -O2 -ffunction-sections -Wall -fstack-usage -MMD -MP -MF"SENSING1/User/cli_commands.d" -MT"SENSING1/User/cli_commands.o" --specs=nano.specs -mfpu=fpv4-sp-d16 -mfloat-abi=hard -mthumb -o "SENSING1/User/cli_commands.o" @"SENSING1/User/cli_commands.c_includes.args"
arm-none-eabi-gcc "C:/Users/invain/Desktop/e4ds-stm-cube-ai/quest01/en.fp-ai-sensing1/STM32CubeFunctionPack_SENSING1_V4.0.3/Projects/B-L475E-IOT01A/Applications/SENSING1/Src/console.c" -mcpu=cortex-m4 -std=c99 -g3 -DSTM32L475xx -DUSE_HAL_DRIVER -DUSE_STM32L475E_IOT01 -DPRIORITY_RTOS -DARM_MATH_CM4 -D__FPU_PRESENT=1 -c -O2 -ffunction-sections -Wall -fstack-usage -MMD -MP -MF"SENSING1/User/console.d" -MT"SENSING1/User/console.o" --specs=nano.specs -mfpu=fpv4-sp-d16 -mfloat-abi=hard -mthumb -o "SENSING1/User/console.o" @"SENSING1/User/console.c_includes.args"
arm-none-eabi-gcc "C:/Users/invain/Desktop/e4ds-stm-cube-ai/quest01/en.fp-ai-sensing1/STM32CubeFunctionPack_SENSING1_V4.0.3/Projects/B-L475E-IOT01A/Applications/SENSING1/Src/hci_tl_interface.c" -mcpu=cortex-m4 -std=c99 -g3 -DSTM32L475xx -DUSE_HAL_DRIVER -DUSE_STM32L475E_IOT01 -DPRIORITY_RTOS -DARM_MATH_CM4 -D__FPU_PRESENT=1 -c -O2 -ffunction-sections -Wall -fstack-usage -MMD -MP -MF"SENSING1/User/hci_tl_interface.d" -MT"SENSING1/User/hci_tl_interface.o" --specs=nano.specs -mfpu=fpv4-sp-d16 -mfloat-abi=hard -mthumb -o "SENSING1/User/hci_tl_interface.o" @"SENSING1/User/hci_tl_interface.c_includes.args"
arm-none-eabi-gcc "C:/Users/invain/Desktop/e4ds-stm-cube-ai/quest01/en.fp-ai-sensing1/STM32CubeFunctionPack_SENSING1_V4.0.3/Projects/B-L475E-IOT01A/Applications/SENSING1/Src/main.c" -mcpu=cortex-m4 -std=c99 -g3 -DSTM32L475xx -DUSE_HAL_DRIVER -DUSE_STM32L475E_IOT01 -DPRIORITY_RTOS -DARM_MATH_CM4 -D__FPU_PRESENT=1 -c -O2 -ffunction-sections -Wall -fstack-usage -MMD -MP -MF"SENSING1/User/main.d" -MT"SENSING1/User/main.o" --specs=nano.specs -mfpu=fpv4-sp-d16 -mfloat-abi=hard -mthumb -o "SENSING1/User/main.o" @"SENSING1/User/main.c_includes.args"
arm-none-eabi-gcc "C:/Users/invain/Desktop/e4ds-stm-cube-ai/quest01/en.fp-ai-sensing1/STM32CubeFunctionPack_SENSING1_V4.0.3/Projects/B-L475E-IOT01A/Applications/SENSING1/Src/qspi_diskio_iot01.c" -mcpu=cortex-m4 -std=c99 -g3 -DSTM32L475xx -DUSE_HAL_DRIVER -DUSE_STM32L475E_IOT01 -DPRIORITY_RTOS -DARM_MATH_CM4 -D__FPU_PRESENT=1 -c -O2 -ffunction-sections -Wall -fstack-usage -MMD -MP -MF"SENSING1/User/qspi_diskio_iot01.d" -MT"SENSING1/User/qspi_diskio_iot01.o" --specs=nano.specs -mfpu=fpv4-sp-d16 -mfloat-abi=hard -mthumb -o "SENSING1/User/qspi_diskio_iot01.o" @"SENSING1/User/qspi_diskio_iot01.c_includes.args"
arm-none-eabi-gcc "C:/Users/invain/Desktop/e4ds-stm-cube-ai/quest01/en.fp-ai-sensing1/STM32CubeFunctionPack_SENSING1_V4.0.3/Projects/B-L475E-IOT01A/Applications/SENSING1/Src/sensor_service.c" -mcpu=cortex-m4 -std=c99 -g3 -DSTM32L475xx -DUSE_HAL_DRIVER -DUSE_STM32L475E_IOT01 -DPRIORITY_RTOS -DARM_MATH_CM4 -D__FPU_PRESENT=1 -c -O2 -ffunction-sections -Wall -fstack-usage -MMD -MP -MF"SENSING1/User/sensor_service.d" -MT"SENSING1/User/sensor_service.o" --specs=nano.specs -mfpu=fpv4-sp-d16 -mfloat-abi=hard -mthumb -o "SENSING1/User/sensor_service.o" @"SENSING1/User/sensor_service.c_includes.args"
arm-none-eabi-gcc "C:/Users/invain/Desktop/e4ds-stm-cube-ai/quest01/en.fp-ai-sensing1/STM32CubeFunctionPack_SENSING1_V4.0.3/Projects/B-L475E-IOT01A/Applications/SENSING1/Src/stm32l475e_iot01_bus_ex.c" -mcpu=cortex-m4 -std=c99 -g3 -DSTM32L475xx -DUSE_HAL_DRIVER -DUSE_STM32L475E_IOT01 -DPRIORITY_RTOS -DARM_MATH_CM4 -D__FPU_PRESENT=1 -c -O2 -ffunction-sections -Wall -fstack-usage -MMD -MP -MF"SENSING1/User/stm32l475e_iot01_bus_ex.d" -MT"SENSING1/User/stm32l475e_iot01_bus_ex.o" --specs=nano.specs -mfpu=fpv4-sp-d16 -mfloat-abi=hard -mthumb -o "SENSING1/User/stm32l475e_iot01_bus_ex.o" @"SENSING1/User/stm32l475e_iot01_bus_ex.c_includes.args"
arm-none-eabi-gcc "C:/Users/invain/Desktop/e4ds-stm-cube-ai/quest01/en.fp-ai-sensing1/STM32CubeFunctionPack_SENSING1_V4.0.3/Projects/B-L475E-IOT01A/Applications/SENSING1/Src/stm32l475e_iot01_env_sensors_ex.c" -mcpu=cortex-m4 -std=c99 -g3 -DSTM32L475xx -DUSE_HAL_DRIVER -DUSE_STM32L475E_IOT01 -DPRIORITY_RTOS -DARM_MATH_CM4 -D__FPU_PRESENT=1 -c -O2 -ffunction-sections -Wall -fstack-usage -MMD -MP -MF"SENSING1/User/stm32l475e_iot01_env_sensors_ex.d" -MT"SENSING1/User/stm32l475e_iot01_env_sensors_ex.o" --specs=nano.specs -mfpu=fpv4-sp-d16 -mfloat-abi=hard -mthumb -o "SENSING1/User/stm32l475e_iot01_env_sensors_ex.o" @"SENSING1/User/stm32l475e_iot01_env_sensors_ex.c_includes.args"
arm-none-eabi-gcc "C:/Users/invain/Desktop/e4ds-stm-cube-ai/quest01/en.fp-ai-sensing1/STM32CubeFunctionPack_SENSING1_V4.0.3/Projects/B-L475E-IOT01A/Applications/SENSING1/Src/stm32l475e_iot01_qspi_ex.c" -mcpu=cortex-m4 -std=c99 -g3 -DSTM32L475xx -DUSE_HAL_DRIVER -DUSE_STM32L475E_IOT01 -DPRIORITY_RTOS -DARM_MATH_CM4 -D__FPU_PRESENT=1 -c -O2 -ffunction-sections -Wall -fstack-usage -MMD -MP -MF"SENSING1/User/stm32l475e_iot01_qspi_ex.d" -MT"SENSING1/User/stm32l475e_iot01_qspi_ex.o" --specs=nano.specs -mfpu=fpv4-sp-d16 -mfloat-abi=hard -mthumb -o "SENSING1/User/stm32l475e_iot01_qspi_ex.o" @"SENSING1/User/stm32l475e_iot01_qspi_ex.c_includes.args"
arm-none-eabi-gcc "C:/Users/invain/Desktop/e4ds-stm-cube-ai/quest01/en.fp-ai-sensing1/STM32CubeFunctionPack_SENSING1_V4.0.3/Projects/B-L475E-IOT01A/Applications/SENSING1/Src/stm32l4xx_hal_msp.c" -mcpu=cortex-m4 -std=c99 -g3 -DSTM32L475xx -DUSE_HAL_DRIVER -DUSE_STM32L475E_IOT01 -DPRIORITY_RTOS -DARM_MATH_CM4 -D__FPU_PRESENT=1 -c -O2 -ffunction-sections -Wall -fstack-usage -MMD -MP -MF"SENSING1/User/stm32l4xx_hal_msp.d" -MT"SENSING1/User/stm32l4xx_hal_msp.o" --specs=nano.specs -mfpu=fpv4-sp-d16 -mfloat-abi=hard -mthumb -o "SENSING1/User/stm32l4xx_hal_msp.o" @"SENSING1/User/stm32l4xx_hal_msp.c_includes.args"
arm-none-eabi-gcc "C:/Users/invain/Desktop/e4ds-stm-cube-ai/quest01/en.fp-ai-sensing1/STM32CubeFunctionPack_SENSING1_V4.0.3/Projects/B-L475E-IOT01A/Applications/SENSING1/Src/stm32l4xx_it.c" -mcpu=cortex-m4 -std=c99 -g3 -DSTM32L475xx -DUSE_HAL_DRIVER -DUSE_STM32L475E_IOT01 -DPRIORITY_RTOS -DARM_MATH_CM4 -D__FPU_PRESENT=1 -c -O2 -ffunction-sections -Wall -fstack-usage -MMD -MP -MF"SENSING1/User/stm32l4xx_it.d" -MT"SENSING1/User/stm32l4xx_it.o" --specs=nano.specs -mfpu=fpv4-sp-d16 -mfloat-abi=hard -mthumb -o "SENSING1/User/stm32l4xx_it.o" @"SENSING1/User/stm32l4xx_it.c_includes.args"
arm-none-eabi-gcc "C:/Users/invain/Desktop/e4ds-stm-cube-ai/quest01/en.fp-ai-sensing1/STM32CubeFunctionPack_SENSING1_V4.0.3/Projects/B-L475E-IOT01A/Applications/SENSING1/Src/usbd_audio_if.c" -mcpu=cortex-m4 -std=c99 -g3 -DSTM32L475xx -DUSE_HAL_DRIVER -DUSE_STM32L475E_IOT01 -DPRIORITY_RTOS -DARM_MATH_CM4 -D__FPU_PRESENT=1 -c -O2 -ffunction-sections -Wall -fstack-usage -MMD -MP -MF"SENSING1/User/usbd_audio_if.d" -MT"SENSING1/User/usbd_audio_if.o" --specs=nano.specs -mfpu=fpv4-sp-d16 -mfloat-abi=hard -mthumb -o "SENSING1/User/usbd_audio_if.o" @"SENSING1/User/usbd_audio_if.c_includes.args"
arm-none-eabi-gcc "C:/Users/invain/Desktop/e4ds-stm-cube-ai/quest01/en.fp-ai-sensing1/STM32CubeFunctionPack_SENSING1_V4.0.3/Projects/B-L475E-IOT01A/Applications/SENSING1/Src/usbd_conf.c" -mcpu=cortex-m4 -std=c99 -g3 -DSTM32L475xx -DUSE_HAL_DRIVER -DUSE_STM32L475E_IOT01 -DPRIORITY_RTOS -DARM_MATH_CM4 -D__FPU_PRESENT=1 -c -O2 -ffunction-sections -Wall -fstack-usage -MMD -MP -MF"SENSING1/User/usbd_conf.d" -MT"SENSING1/User/usbd_conf.o" --specs=nano.specs -mfpu=fpv4-sp-d16 -mfloat-abi=hard -mthumb -o "SENSING1/User/usbd_conf.o" @"SENSING1/User/usbd_conf.c_includes.args"
arm-none-eabi-gcc "C:/Users/invain/Desktop/e4ds-stm-cube-ai/quest01/en.fp-ai-sensing1/STM32CubeFunctionPack_SENSING1_V4.0.3/Projects/B-L475E-IOT01A/Applications/SENSING1/Src/usbd_desc.c" -mcpu=cortex-m4 -std=c99 -g3 -DSTM32L475xx -DUSE_HAL_DRIVER -DUSE_STM32L475E_IOT01 -DPRIORITY_RTOS -DARM_MATH_CM4 -D__FPU_PRESENT=1 -c -O2 -ffunction-sections -Wall -fstack-usage -MMD -MP -MF"SENSING1/User/usbd_desc.d" -MT"SENSING1/User/usbd_desc.o" --specs=nano.specs -mfpu=fpv4-sp-d16 -mfloat-abi=hard -mthumb -o "SENSING1/User/usbd_desc.o" @"SENSING1/User/usbd_desc.c_includes.args"
arm-none-eabi-gcc "C:/Users/invain/Desktop/e4ds-stm-cube-ai/quest01/en.fp-ai-sensing1/STM32CubeFunctionPack_SENSING1_V4.0.3/Projects/B-L475E-IOT01A/Applications/SENSING1/Src/usbd_storage_if.c" -mcpu=cortex-m4 -std=c99 -g3 -DSTM32L475xx -DUSE_HAL_DRIVER -DUSE_STM32L475E_IOT01 -DPRIORITY_RTOS -DARM_MATH_CM4 -D__FPU_PRESENT=1 -c -O2 -ffunction-sections -Wall -fstack-usage -MMD -MP -MF"SENSING1/User/usbd_storage_if.d" -MT"SENSING1/User/usbd_storage_if.o" --specs=nano.specs -mfpu=fpv4-sp-d16 -mfloat-abi=hard -mthumb -o "SENSING1/User/usbd_storage_if.o" @"SENSING1/User/usbd_storage_if.c_includes.args"
arm-none-eabi-gcc -mcpu=cortex-m4 -g3 -c -x assembler-with-cpp -MMD -MP -MF"SENSING1/SW4STM32/startup_stm32l475xx.d" -MT"SENSING1/SW4STM32/startup_stm32l475xx.o" --specs=nano.specs -mfpu=fpv4-sp-d16 -mfloat-abi=hard -mthumb -o "SENSING1/SW4STM32/startup_stm32l475xx.o" "C:/Users/invain/Desktop/e4ds-stm-cube-ai/quest01/en.fp-ai-sensing1/STM32CubeFunctionPack_SENSING1_V4.0.3/Projects/B-L475E-IOT01A/Applications/SENSING1/STM32CubeIDE/startup_stm32l475xx.s"
arm-none-eabi-gcc "C:/Users/invain/Desktop/e4ds-stm-cube-ai/quest01/en.fp-ai-sensing1/STM32CubeFunctionPack_SENSING1_V4.0.3/Projects/B-L475E-IOT01A/Applications/SENSING1/Src/syscalls.c" -mcpu=cortex-m4 -std=c99 -g3 -DSTM32L475xx -DUSE_HAL_DRIVER -DUSE_STM32L475E_IOT01 -DPRIORITY_RTOS -DARM_MATH_CM4 -D__FPU_PRESENT=1 -c -O2 -ffunction-sections -Wall -fstack-usage -MMD -MP -MF"SENSING1/SW4STM32/syscalls.d" -MT"SENSING1/SW4STM32/syscalls.o" --specs=nano.specs -mfpu=fpv4-sp-d16 -mfloat-abi=hard -mthumb -o "SENSING1/SW4STM32/syscalls.o" @"SENSING1/SW4STM32/syscalls.c_includes.args"
arm-none-eabi-gcc "C:/Users/invain/Desktop/e4ds-stm-cube-ai/quest01/en.fp-ai-sensing1/STM32CubeFunctionPack_SENSING1_V4.0.3/Middlewares/ST/STM32_USB_Device_Library/Core/Src/usbd_core.c" -mcpu=cortex-m4 -std=c99 -g3 -DSTM32L475xx -DUSE_HAL_DRIVER -DUSE_STM32L475E_IOT01 -DPRIORITY_RTOS -DARM_MATH_CM4 -D__FPU_PRESENT=1 -c -O2 -ffunction-sections -Wall -fstack-usage -MMD -MP -MF"Middlewares/STM32_USB_Device_Library/Core/usbd_core.d" -MT"Middlewares/STM32_USB_Device_Library/Core/usbd_core.o" --specs=nano.specs -mfpu=fpv4-sp-d16 -mfloat-abi=hard -mthumb -o "Middlewares/STM32_USB_Device_Library/Core/usbd_core.o" @"Middlewares/STM32_USB_Device_Library/Core/usbd_core.c_includes.args"
arm-none-eabi-gcc "C:/Users/invain/Desktop/e4ds-stm-cube-ai/quest01/en.fp-ai-sensing1/STM32CubeFunctionPack_SENSING1_V4.0.3/Middlewares/ST/STM32_USB_Device_Library/Core/Src/usbd_ctlreq.c" -mcpu=cortex-m4 -std=c99 -g3 -DSTM32L475xx -DUSE_HAL_DRIVER -DUSE_STM32L475E_IOT01 -DPRIORITY_RTOS -DARM_MATH_CM4 -D__FPU_PRESENT=1 -c -O2 -ffunction-sections -Wall -fstack-usage -MMD -MP -MF"Middlewares/STM32_USB_Device_Library/Core/usbd_ctlreq.d" -MT"Middlewares/STM32_USB_Device_Library/Core/usbd_ctlreq.o" --specs=nano.specs -mfpu=fpv4-sp-d16 -mfloat-abi=hard -mthumb -o "Middlewares/STM32_USB_Device_Library/Core/usbd_ctlreq.o" @"Middlewares/STM32_USB_Device_Library/Core/usbd_ctlreq.c_includes.args"
arm-none-eabi-gcc "C:/Users/invain/Desktop/e4ds-stm-cube-ai/quest01/en.fp-ai-sensing1/STM32CubeFunctionPack_SENSING1_V4.0.3/Middlewares/ST/STM32_USB_Device_Library/Core/Src/usbd_ioreq.c" -mcpu=cortex-m4 -std=c99 -g3 -DSTM32L475xx -DUSE_HAL_DRIVER -DUSE_STM32L475E_IOT01 -DPRIORITY_RTOS -DARM_MATH_CM4 -D__FPU_PRESENT=1 -c -O2 -ffunction-sections -Wall -fstack-usage -MMD -MP -MF"Middlewares/STM32_USB_Device_Library/Core/usbd_ioreq.d" -MT"Middlewares/STM32_USB_Device_Library/Core/usbd_ioreq.o" --specs=nano.specs -mfpu=fpv4-sp-d16 -mfloat-abi=hard -mthumb -o "Middlewares/STM32_USB_Device_Library/Core/usbd_ioreq.o" @"Middlewares/STM32_USB_Device_Library/Core/usbd_ioreq.c_includes.args"
arm-none-eabi-gcc "C:/Users/invain/Desktop/e4ds-stm-cube-ai/quest01/en.fp-ai-sensing1/STM32CubeFunctionPack_SENSING1_V4.0.3/Middlewares/ST/STM32_USB_Device_Library/Class/MSC/Src/usbd_msc.c" -mcpu=cortex-m4 -std=c99 -g3 -DSTM32L475xx -DUSE_HAL_DRIVER -DUSE_STM32L475E_IOT01 -DPRIORITY_RTOS -DARM_MATH_CM4 -D__FPU_PRESENT=1 -c -O2 -ffunction-sections -Wall -fstack-usage -MMD -MP -MF"Middlewares/STM32_USB_Device_Library/Class/MSC/usbd_msc.d" -MT"Middlewares/STM32_USB_Device_Library/Class/MSC/usbd_msc.o" --specs=nano.specs -mfpu=fpv4-sp-d16 -mfloat-abi=hard -mthumb -o "Middlewares/STM32_USB_Device_Library/Class/MSC/usbd_msc.o" @"Middlewares/STM32_USB_Device_Library/Class/MSC/usbd_msc.c_includes.args"
arm-none-eabi-gcc "C:/Users/invain/Desktop/e4ds-stm-cube-ai/quest01/en.fp-ai-sensing1/STM32CubeFunctionPack_SENSING1_V4.0.3/Middlewares/ST/STM32_USB_Device_Library/Class/MSC/Src/usbd_msc_bot.c" -mcpu=cortex-m4 -std=c99 -g3 -DSTM32L475xx -DUSE_HAL_DRIVER -DUSE_STM32L475E_IOT01 -DPRIORITY_RTOS -DARM_MATH_CM4 -D__FPU_PRESENT=1 -c -O2 -ffunction-sections -Wall -fstack-usage -MMD -MP -MF"Middlewares/STM32_USB_Device_Library/Class/MSC/usbd_msc_bot.d" -MT"Middlewares/STM32_USB_Device_Library/Class/MSC/usbd_msc_bot.o" --specs=nano.specs -mfpu=fpv4-sp-d16 -mfloat-abi=hard -mthumb -o "Middlewares/STM32_USB_Device_Library/Class/MSC/usbd_msc_bot.o" @"Middlewares/STM32_USB_Device_Library/Class/MSC/usbd_msc_bot.c_includes.args"
arm-none-eabi-gcc "C:/Users/invain/Desktop/e4ds-stm-cube-ai/quest01/en.fp-ai-sensing1/STM32CubeFunctionPack_SENSING1_V4.0.3/Middlewares/ST/STM32_USB_Device_Library/Class/MSC/Src/usbd_msc_data.c" -mcpu=cortex-m4 -std=c99 -g3 -DSTM32L475xx -DUSE_HAL_DRIVER -DUSE_STM32L475E_IOT01 -DPRIORITY_RTOS -DARM_MATH_CM4 -D__FPU_PRESENT=1 -c -O2 -ffunction-sections -Wall -fstack-usage -MMD -MP -MF"Middlewares/STM32_USB_Device_Library/Class/MSC/usbd_msc_data.d" -MT"Middlewares/STM32_USB_Device_Library/Class/MSC/usbd_msc_data.o" --specs=nano.specs -mfpu=fpv4-sp-d16 -mfloat-abi=hard -mthumb -o "Middlewares/STM32_USB_Device_Library/Class/MSC/usbd_msc_data.o" @"Middlewares/STM32_USB_Device_Library/Class/MSC/usbd_msc_data.c_includes.args"
arm-none-eabi-gcc "C:/Users/invain/Desktop/e4ds-stm-cube-ai/quest01/en.fp-ai-sensing1/STM32CubeFunctionPack_SENSING1_V4.0.3/Middlewares/ST/STM32_USB_Device_Library/Class/MSC/Src/usbd_msc_scsi.c" -mcpu=cortex-m4 -std=c99 -g3 -DSTM32L475xx -DUSE_HAL_DRIVER -DUSE_STM32L475E_IOT01 -DPRIORITY_RTOS -DARM_MATH_CM4 -D__FPU_PRESENT=1 -c -O2 -ffunction-sections -Wall -fstack-usage -MMD -MP -MF"Middlewares/STM32_USB_Device_Library/Class/MSC/usbd_msc_scsi.d" -MT"Middlewares/STM32_USB_Device_Library/Class/MSC/usbd_msc_scsi.o" --specs=nano.specs -mfpu=fpv4-sp-d16 -mfloat-abi=hard -mthumb -o "Middlewares/STM32_USB_Device_Library/Class/MSC/usbd_msc_scsi.o" @"Middlewares/STM32_USB_Device_Library/Class/MSC/usbd_msc_scsi.c_includes.args"
arm-none-eabi-gcc "C:/Users/invain/Desktop/e4ds-stm-cube-ai/quest01/en.fp-ai-sensing1/STM32CubeFunctionPack_SENSING1_V4.0.3/Middlewares/ST/BlueNRG-MS/utils/ble_list.c" -mcpu=cortex-m4 -std=c99 -g3 -DSTM32L475xx -DUSE_HAL_DRIVER -DUSE_STM32L475E_IOT01 -DPRIORITY_RTOS -DARM_MATH_CM4 -D__FPU_PRESENT=1 -c -O2 -ffunction-sections -Wall -fstack-usage -MMD -MP -MF"Middlewares/STM32_BlueNRG/ble_list.d" -MT"Middlewares/STM32_BlueNRG/ble_list.o" --specs=nano.specs -mfpu=fpv4-sp-d16 -mfloat-abi=hard -mthumb -o "Middlewares/STM32_BlueNRG/ble_list.o" @"Middlewares/STM32_BlueNRG/ble_list.c_includes.args"
arm-none-eabi-gcc "C:/Users/invain/Desktop/e4ds-stm-cube-ai/quest01/en.fp-ai-sensing1/STM32CubeFunctionPack_SENSING1_V4.0.3/Middlewares/ST/BlueNRG-MS/hci/controller/bluenrg_gap_aci.c" -mcpu=cortex-m4 -std=c99 -g3 -DSTM32L475xx -DUSE_HAL_DRIVER -DUSE_STM32L475E_IOT01 -DPRIORITY_RTOS -DARM_MATH_CM4 -D__FPU_PRESENT=1 -c -O2 -ffunction-sections -Wall -fstack-usage -MMD -MP -MF"Middlewares/STM32_BlueNRG/bluenrg_gap_aci.d" -MT"Middlewares/STM32_BlueNRG/bluenrg_gap_aci.o" --specs=nano.specs -mfpu=fpv4-sp-d16 -mfloat-abi=hard -mthumb -o "Middlewares/STM32_BlueNRG/bluenrg_gap_aci.o" @"Middlewares/STM32_BlueNRG/bluenrg_gap_aci.c_includes.args"
arm-none-eabi-gcc "C:/Users/invain/Desktop/e4ds-stm-cube-ai/quest01/en.fp-ai-sensing1/STM32CubeFunctionPack_SENSING1_V4.0.3/Middlewares/ST/BlueNRG-MS/hci/controller/bluenrg_gatt_aci.c" -mcpu=cortex-m4 -std=c99 -g3 -DSTM32L475xx -DUSE_HAL_DRIVER -DUSE_STM32L475E_IOT01 -DPRIORITY_RTOS -DARM_MATH_CM4 -D__FPU_PRESENT=1 -c -O2 -ffunction-sections -Wall -fstack-usage -MMD -MP -MF"Middlewares/STM32_BlueNRG/bluenrg_gatt_aci.d" -MT"Middlewares/STM32_BlueNRG/bluenrg_gatt_aci.o" --specs=nano.specs -mfpu=fpv4-sp-d16 -mfloat-abi=hard -mthumb -o "Middlewares/STM32_BlueNRG/bluenrg_gatt_aci.o" @"Middlewares/STM32_BlueNRG/bluenrg_gatt_aci.c_includes.args"
arm-none-eabi-gcc "C:/Users/invain/Desktop/e4ds-stm-cube-ai/quest01/en.fp-ai-sensing1/STM32CubeFunctionPack_SENSING1_V4.0.3/Middlewares/ST/BlueNRG-MS/hci/controller/bluenrg_hal_aci.c" -mcpu=cortex-m4 -std=c99 -g3 -DSTM32L475xx -DUSE_HAL_DRIVER -DUSE_STM32L475E_IOT01 -DPRIORITY_RTOS -DARM_MATH_CM4 -D__FPU_PRESENT=1 -c -O2 -ffunction-sections -Wall -fstack-usage -MMD -MP -MF"Middlewares/STM32_BlueNRG/bluenrg_hal_aci.d" -MT"Middlewares/STM32_BlueNRG/bluenrg_hal_aci.o" --specs=nano.specs -mfpu=fpv4-sp-d16 -mfloat-abi=hard -mthumb -o "Middlewares/STM32_BlueNRG/bluenrg_hal_aci.o" @"Middlewares/STM32_BlueNRG/bluenrg_hal_aci.c_includes.args"
arm-none-eabi-gcc "C:/Users/invain/Desktop/e4ds-stm-cube-ai/quest01/en.fp-ai-sensing1/STM32CubeFunctionPack_SENSING1_V4.0.3/Middlewares/ST/BlueNRG-MS/hci/controller/bluenrg_l2cap_aci.c" -mcpu=cortex-m4 -std=c99 -g3 -DSTM32L475xx -DUSE_HAL_DRIVER -DUSE_STM32L475E_IOT01 -DPRIORITY_RTOS -DARM_MATH_CM4 -D__FPU_PRESENT=1 -c -O2 -ffunction-sections -Wall -fstack-usage -MMD -MP -MF"Middlewares/STM32_BlueNRG/bluenrg_l2cap_aci.d" -MT"Middlewares/STM32_BlueNRG/bluenrg_l2cap_aci.o" --specs=nano.specs -mfpu=fpv4-sp-d16 -mfloat-abi=hard -mthumb -o "Middlewares/STM32_BlueNRG/bluenrg_l2cap_aci.o" @"Middlewares/STM32_BlueNRG/bluenrg_l2cap_aci.c_includes.args"
arm-none-eabi-gcc "C:/Users/invain/Desktop/e4ds-stm-cube-ai/quest01/en.fp-ai-sensing1/STM32CubeFunctionPack_SENSING1_V4.0.3/Middlewares/ST/BlueNRG-MS/hci/controller/bluenrg_utils_small.c" -mcpu=cortex-m4 -std=c99 -g3 -DSTM32L475xx -DUSE_HAL_DRIVER -DUSE_STM32L475E_IOT01 -DPRIORITY_RTOS -DARM_MATH_CM4 -D__FPU_PRESENT=1 -c -O2 -ffunction-sections -Wall -fstack-usage -MMD -MP -MF"Middlewares/STM32_BlueNRG/bluenrg_utils_small.d" -MT"Middlewares/STM32_BlueNRG/bluenrg_utils_small.o" --specs=nano.specs -mfpu=fpv4-sp-d16 -mfloat-abi=hard -mthumb -o "Middlewares/STM32_BlueNRG/bluenrg_utils_small.o" @"Middlewares/STM32_BlueNRG/bluenrg_utils_small.c_includes.args"
arm-none-eabi-gcc "C:/Users/invain/Desktop/e4ds-stm-cube-ai/quest01/en.fp-ai-sensing1/STM32CubeFunctionPack_SENSING1_V4.0.3/Middlewares/ST/BlueNRG-MS/hci/hci_le.c" -mcpu=cortex-m4 -std=c99 -g3 -DSTM32L475xx -DUSE_HAL_DRIVER -DUSE_STM32L475E_IOT01 -DPRIORITY_RTOS -DARM_MATH_CM4 -D__FPU_PRESENT=1 -c -O2 -ffunction-sections -Wall -fstack-usage -MMD -MP -MF"Middlewares/STM32_BlueNRG/hci_le.d" -MT"Middlewares/STM32_BlueNRG/hci_le.o" --specs=nano.specs -mfpu=fpv4-sp-d16 -mfloat-abi=hard -mthumb -o "Middlewares/STM32_BlueNRG/hci_le.o" @"Middlewares/STM32_BlueNRG/hci_le.c_includes.args"
arm-none-eabi-gcc "C:/Users/invain/Desktop/e4ds-stm-cube-ai/quest01/en.fp-ai-sensing1/STM32CubeFunctionPack_SENSING1_V4.0.3/Middlewares/ST/BlueNRG-MS/hci/hci_tl_patterns/Basic/hci_tl.c" -mcpu=cortex-m4 -std=c99 -g3 -DSTM32L475xx -DUSE_HAL_DRIVER -DUSE_STM32L475E_IOT01 -DPRIORITY_RTOS -DARM_MATH_CM4 -D__FPU_PRESENT=1 -c -O2 -ffunction-sections -Wall -fstack-usage -MMD -MP -MF"Middlewares/STM32_BlueNRG/hci_tl.d" -MT"Middlewares/STM32_BlueNRG/hci_tl.o" --specs=nano.specs -mfpu=fpv4-sp-d16 -mfloat-abi=hard -mthumb -o "Middlewares/STM32_BlueNRG/hci_tl.o" @"Middlewares/STM32_BlueNRG/hci_tl.c_includes.args"
arm-none-eabi-gcc "C:/Users/invain/Desktop/e4ds-stm-cube-ai/quest01/en.fp-ai-sensing1/STM32CubeFunctionPack_SENSING1_V4.0.3/Middlewares/ST/STM32_AI_AudioPreprocessing_Library/Src/common_tables.c" -mcpu=cortex-m4 -std=c99 -g3 -DSTM32L475xx -DUSE_HAL_DRIVER -DUSE_STM32L475E_IOT01 -DPRIORITY_RTOS -DARM_MATH_CM4 -D__FPU_PRESENT=1 -c -O2 -ffunction-sections -Wall -fstack-usage -MMD -MP -MF"Middlewares/STM32_AI_AudioPreprocessing_Library/common_tables.d" -MT"Middlewares/STM32_AI_AudioPreprocessing_Library/common_tables.o" --specs=nano.specs -mfpu=fpv4-sp-d16 -mfloat-abi=hard -mthumb -o "Middlewares/STM32_AI_AudioPreprocessing_Library/common_tables.o" @"Middlewares/STM32_AI_AudioPreprocessing_Library/common_tables.c_includes.args"
arm-none-eabi-gcc "C:/Users/invain/Desktop/e4ds-stm-cube-ai/quest01/en.fp-ai-sensing1/STM32CubeFunctionPack_SENSING1_V4.0.3/Middlewares/ST/STM32_AI_AudioPreprocessing_Library/Src/dct.c" -mcpu=cortex-m4 -std=c99 -g3 -DSTM32L475xx -DUSE_HAL_DRIVER -DUSE_STM32L475E_IOT01 -DPRIORITY_RTOS -DARM_MATH_CM4 -D__FPU_PRESENT=1 -c -O2 -ffunction-sections -Wall -fstack-usage -MMD -MP -MF"Middlewares/STM32_AI_AudioPreprocessing_Library/dct.d" -MT"Middlewares/STM32_AI_AudioPreprocessing_Library/dct.o" --specs=nano.specs -mfpu=fpv4-sp-d16 -mfloat-abi=hard -mthumb -o "Middlewares/STM32_AI_AudioPreprocessing_Library/dct.o" @"Middlewares/STM32_AI_AudioPreprocessing_Library/dct.c_includes.args"
arm-none-eabi-gcc "C:/Users/invain/Desktop/e4ds-stm-cube-ai/quest01/en.fp-ai-sensing1/STM32CubeFunctionPack_SENSING1_V4.0.3/Middlewares/ST/STM32_AI_AudioPreprocessing_Library/Src/feature_extraction.c" -mcpu=cortex-m4 -std=c99 -g3 -DSTM32L475xx -DUSE_HAL_DRIVER -DUSE_STM32L475E_IOT01 -DPRIORITY_RTOS -DARM_MATH_CM4 -D__FPU_PRESENT=1 -c -O2 -ffunction-sections -Wall -fstack-usage -MMD -MP -MF"Middlewares/STM32_AI_AudioPreprocessing_Library/feature_extraction.d" -MT"Middlewares/STM32_AI_AudioPreprocessing_Library/feature_extraction.o" --specs=nano.specs -mfpu=fpv4-sp-d16 -mfloat-abi=hard -mthumb -o "Middlewares/STM32_AI_AudioPreprocessing_Library/feature_extraction.o" @"Middlewares/STM32_AI_AudioPreprocessing_Library/feature_extraction.c_includes.args"
arm-none-eabi-gcc "C:/Users/invain/Desktop/e4ds-stm-cube-ai/quest01/en.fp-ai-sensing1/STM32CubeFunctionPack_SENSING1_V4.0.3/Middlewares/ST/STM32_AI_AudioPreprocessing_Library/Src/mel_filterbank.c" -mcpu=cortex-m4 -std=c99 -g3 -DSTM32L475xx -DUSE_HAL_DRIVER -DUSE_STM32L475E_IOT01 -DPRIORITY_RTOS -DARM_MATH_CM4 -D__FPU_PRESENT=1 -c -O2 -ffunction-sections -Wall -fstack-usage -MMD -MP -MF"Middlewares/STM32_AI_AudioPreprocessing_Library/mel_filterbank.d" -MT"Middlewares/STM32_AI_AudioPreprocessing_Library/mel_filterbank.o" --specs=nano.specs -mfpu=fpv4-sp-d16 -mfloat-abi=hard -mthumb -o "Middlewares/STM32_AI_AudioPreprocessing_Library/mel_filterbank.o" @"Middlewares/STM32_AI_AudioPreprocessing_Library/mel_filterbank.c_includes.args"
arm-none-eabi-gcc "C:/Users/invain/Desktop/e4ds-stm-cube-ai/quest01/en.fp-ai-sensing1/STM32CubeFunctionPack_SENSING1_V4.0.3/Middlewares/ST/STM32_AI_AudioPreprocessing_Library/Src/window.c" -mcpu=cortex-m4 -std=c99 -g3 -DSTM32L475xx -DUSE_HAL_DRIVER -DUSE_STM32L475E_IOT01 -DPRIORITY_RTOS -DARM_MATH_CM4 -D__FPU_PRESENT=1 -c -O2 -ffunction-sections -Wall -fstack-usage -MMD -MP -MF"Middlewares/STM32_AI_AudioPreprocessing_Library/window.d" -MT"Middlewares/STM32_AI_AudioPreprocessing_Library/window.o" --specs=nano.specs -mfpu=fpv4-sp-d16 -mfloat-abi=hard -mthumb -o "Middlewares/STM32_AI_AudioPreprocessing_Library/window.o" @"Middlewares/STM32_AI_AudioPreprocessing_Library/window.c_includes.args"
arm-none-eabi-gcc "C:/Users/invain/Desktop/e4ds-stm-cube-ai/quest01/en.fp-ai-sensing1/STM32CubeFunctionPack_SENSING1_V4.0.3/Middlewares/ST/STM32_MetaDataManager/MetaDataManager.c" -mcpu=cortex-m4 -std=c99 -g3 -DSTM32L475xx -DUSE_HAL_DRIVER -DUSE_STM32L475E_IOT01 -DPRIORITY_RTOS -DARM_MATH_CM4 -D__FPU_PRESENT=1 -c -O2 -ffunction-sections -Wall -fstack-usage -MMD -MP -MF"Middlewares/MetaDataManager/MetaDataManager.d" -MT"Middlewares/MetaDataManager/MetaDataManager.o" --specs=nano.specs -mfpu=fpv4-sp-d16 -mfloat-abi=hard -mthumb -o "Middlewares/MetaDataManager/MetaDataManager.o" @"Middlewares/MetaDataManager/MetaDataManager.c_includes.args"
arm-none-eabi-gcc "C:/Users/invain/Desktop/e4ds-stm-cube-ai/quest01/en.fp-ai-sensing1/STM32CubeFunctionPack_SENSING1_V4.0.3/Middlewares/Third_Party/FreeRTOS/Source/portable/MemMang/heap_4.c" -mcpu=cortex-m4 -std=c99 -g3 -DSTM32L475xx -DUSE_HAL_DRIVER -DUSE_STM32L475E_IOT01 -DPRIORITY_RTOS -DARM_MATH_CM4 -D__FPU_PRESENT=1 -c -O2 -ffunction-sections -Wall -fstack-usage -MMD -MP -MF"Middlewares/FreeRTOS/Portable/heap_4.d" -MT"Middlewares/FreeRTOS/Portable/heap_4.o" --specs=nano.specs -mfpu=fpv4-sp-d16 -mfloat-abi=hard -mthumb -o "Middlewares/FreeRTOS/Portable/heap_4.o" @"Middlewares/FreeRTOS/Portable/heap_4.c_includes.args"
arm-none-eabi-gcc "C:/Users/invain/Desktop/e4ds-stm-cube-ai/quest01/en.fp-ai-sensing1/STM32CubeFunctionPack_SENSING1_V4.0.3/Middlewares/Third_Party/FreeRTOS/Source/portable/GCC/ARM_CM4F/port.c" -mcpu=cortex-m4 -std=c99 -g3 -DSTM32L475xx -DUSE_HAL_DRIVER -DUSE_STM32L475E_IOT01 -DPRIORITY_RTOS -DARM_MATH_CM4 -D__FPU_PRESENT=1 -c -O2 -ffunction-sections -Wall -fstack-usage -MMD -MP -MF"Middlewares/FreeRTOS/Portable/port.d" -MT"Middlewares/FreeRTOS/Portable/port.o" --specs=nano.specs -mfpu=fpv4-sp-d16 -mfloat-abi=hard -mthumb -o "Middlewares/FreeRTOS/Portable/port.o" @"Middlewares/FreeRTOS/Portable/port.c_includes.args"
arm-none-eabi-gcc "C:/Users/invain/Desktop/e4ds-stm-cube-ai/quest01/en.fp-ai-sensing1/STM32CubeFunctionPack_SENSING1_V4.0.3/Middlewares/Third_Party/FreeRTOS/Source/CMSIS_RTOS/cmsis_os.c" -mcpu=cortex-m4 -std=c99 -g3 -DSTM32L475xx -DUSE_HAL_DRIVER -DUSE_STM32L475E_IOT01 -DPRIORITY_RTOS -DARM_MATH_CM4 -D__FPU_PRESENT=1 -c -O2 -ffunction-sections -Wall -fstack-usage -MMD -MP -MF"Middlewares/FreeRTOS/CMSIS_RTOS/cmsis_os.d" -MT"Middlewares/FreeRTOS/CMSIS_RTOS/cmsis_os.o" --specs=nano.specs -mfpu=fpv4-sp-d16 -mfloat-abi=hard -mthumb -o "Middlewares/FreeRTOS/CMSIS_RTOS/cmsis_os.o" @"Middlewares/FreeRTOS/CMSIS_RTOS/cmsis_os.c_includes.args"
arm-none-eabi-gcc "C:/Users/invain/Desktop/e4ds-stm-cube-ai/quest01/en.fp-ai-sensing1/STM32CubeFunctionPack_SENSING1_V4.0.3/Middlewares/Third_Party/FreeRTOS/Source/list.c" -mcpu=cortex-m4 -std=c99 -g3 -DSTM32L475xx -DUSE_HAL_DRIVER -DUSE_STM32L475E_IOT01 -DPRIORITY_RTOS -DARM_MATH_CM4 -D__FPU_PRESENT=1 -c -O2 -ffunction-sections -Wall -fstack-usage -MMD -MP -MF"Middlewares/FreeRTOS/list.d" -MT"Middlewares/FreeRTOS/list.o" --specs=nano.specs -mfpu=fpv4-sp-d16 -mfloat-abi=hard -mthumb -o "Middlewares/FreeRTOS/list.o" @"Middlewares/FreeRTOS/list.c_includes.args"
arm-none-eabi-gcc "C:/Users/invain/Desktop/e4ds-stm-cube-ai/quest01/en.fp-ai-sensing1/STM32CubeFunctionPack_SENSING1_V4.0.3/Middlewares/Third_Party/FreeRTOS/Source/queue.c" -mcpu=cortex-m4 -std=c99 -g3 -DSTM32L475xx -DUSE_HAL_DRIVER -DUSE_STM32L475E_IOT01 -DPRIORITY_RTOS -DARM_MATH_CM4 -D__FPU_PRESENT=1 -c -O2 -ffunction-sections -Wall -fstack-usage -MMD -MP -MF"Middlewares/FreeRTOS/queue.d" -MT"Middlewares/FreeRTOS/queue.o" --specs=nano.specs -mfpu=fpv4-sp-d16 -mfloat-abi=hard -mthumb -o "Middlewares/FreeRTOS/queue.o" @"Middlewares/FreeRTOS/queue.c_includes.args"
arm-none-eabi-gcc "C:/Users/invain/Desktop/e4ds-stm-cube-ai/quest01/en.fp-ai-sensing1/STM32CubeFunctionPack_SENSING1_V4.0.3/Middlewares/Third_Party/FreeRTOS/Source/tasks.c" -mcpu=cortex-m4 -std=c99 -g3 -DSTM32L475xx -DUSE_HAL_DRIVER -DUSE_STM32L475E_IOT01 -DPRIORITY_RTOS -DARM_MATH_CM4 -D__FPU_PRESENT=1 -c -O2 -ffunction-sections -Wall -fstack-usage -MMD -MP -MF"Middlewares/FreeRTOS/tasks.d" -MT"Middlewares/FreeRTOS/tasks.o" --specs=nano.specs -mfpu=fpv4-sp-d16 -mfloat-abi=hard -mthumb -o "Middlewares/FreeRTOS/tasks.o" @"Middlewares/FreeRTOS/tasks.c_includes.args"
arm-none-eabi-gcc "C:/Users/invain/Desktop/e4ds-stm-cube-ai/quest01/en.fp-ai-sensing1/STM32CubeFunctionPack_SENSING1_V4.0.3/Middlewares/Third_Party/FreeRTOS/Source/timers.c" -mcpu=cortex-m4 -std=c99 -g3 -DSTM32L475xx -DUSE_HAL_DRIVER -DUSE_STM32L475E_IOT01 -DPRIORITY_RTOS -DARM_MATH_CM4 -D__FPU_PRESENT=1 -c -O2 -ffunction-sections -Wall -fstack-usage -MMD -MP -MF"Middlewares/FreeRTOS/timers.d" -MT"Middlewares/FreeRTOS/timers.o" --specs=nano.specs -mfpu=fpv4-sp-d16 -mfloat-abi=hard -mthumb -o "Middlewares/FreeRTOS/timers.o" @"Middlewares/FreeRTOS/timers.c_includes.args"
arm-none-eabi-gcc "C:/Users/invain/Desktop/e4ds-stm-cube-ai/quest01/en.fp-ai-sensing1/STM32CubeFunctionPack_SENSING1_V4.0.3/Middlewares/Third_Party/FatFs/src/option/syscall.c" -mcpu=cortex-m4 -std=c99 -g3 -DSTM32L475xx -DUSE_HAL_DRIVER -DUSE_STM32L475E_IOT01 -DPRIORITY_RTOS -DARM_MATH_CM4 -D__FPU_PRESENT=1 -c -O2 -ffunction-sections -Wall -fstack-usage -MMD -MP -MF"Middlewares/FatFs/Options/syscall.d" -MT"Middlewares/FatFs/Options/syscall.o" --specs=nano.specs -mfpu=fpv4-sp-d16 -mfloat-abi=hard -mthumb -o "Middlewares/FatFs/Options/syscall.o" @"Middlewares/FatFs/Options/syscall.c_includes.args"
arm-none-eabi-gcc "C:/Users/invain/Desktop/e4ds-stm-cube-ai/quest01/en.fp-ai-sensing1/STM32CubeFunctionPack_SENSING1_V4.0.3/Middlewares/Third_Party/FatFs/src/option/unicode.c" -mcpu=cortex-m4 -std=c99 -g3 -DSTM32L475xx -DUSE_HAL_DRIVER -DUSE_STM32L475E_IOT01 -DPRIORITY_RTOS -DARM_MATH_CM4 -D__FPU_PRESENT=1 -c -O2 -ffunction-sections -Wall -fstack-usage -MMD -MP -MF"Middlewares/FatFs/Options/unicode.d" -MT"Middlewares/FatFs/Options/unicode.o" --specs=nano.specs -mfpu=fpv4-sp-d16 -mfloat-abi=hard -mthumb -o "Middlewares/FatFs/Options/unicode.o" @"Middlewares/FatFs/Options/unicode.c_includes.args"
arm-none-eabi-gcc "C:/Users/invain/Desktop/e4ds-stm-cube-ai/quest01/en.fp-ai-sensing1/STM32CubeFunctionPack_SENSING1_V4.0.3/Middlewares/Third_Party/FatFs/src/diskio.c" -mcpu=cortex-m4 -std=c99 -g3 -DSTM32L475xx -DUSE_HAL_DRIVER -DUSE_STM32L475E_IOT01 -DPRIORITY_RTOS -DARM_MATH_CM4 -D__FPU_PRESENT=1 -c -O2 -ffunction-sections -Wall -fstack-usage -MMD -MP -MF"Middlewares/FatFs/Core/diskio.d" -MT"Middlewares/FatFs/Core/diskio.o" --specs=nano.specs -mfpu=fpv4-sp-d16 -mfloat-abi=hard -mthumb -o "Middlewares/FatFs/Core/diskio.o" @"Middlewares/FatFs/Core/diskio.c_includes.args"
arm-none-eabi-gcc "C:/Users/invain/Desktop/e4ds-stm-cube-ai/quest01/en.fp-ai-sensing1/STM32CubeFunctionPack_SENSING1_V4.0.3/Middlewares/Third_Party/FatFs/src/ff.c" -mcpu=cortex-m4 -std=c99 -g3 -DSTM32L475xx -DUSE_HAL_DRIVER -DUSE_STM32L475E_IOT01 -DPRIORITY_RTOS -DARM_MATH_CM4 -D__FPU_PRESENT=1 -c -O2 -ffunction-sections -Wall -fstack-usage -MMD -MP -MF"Middlewares/FatFs/Core/ff.d" -MT"Middlewares/FatFs/Core/ff.o" --specs=nano.specs -mfpu=fpv4-sp-d16 -mfloat-abi=hard -mthumb -o "Middlewares/FatFs/Core/ff.o" @"Middlewares/FatFs/Core/ff.c_includes.args"
arm-none-eabi-gcc "C:/Users/invain/Desktop/e4ds-stm-cube-ai/quest01/en.fp-ai-sensing1/STM32CubeFunctionPack_SENSING1_V4.0.3/Middlewares/Third_Party/FatFs/src/ff_gen_drv.c" -mcpu=cortex-m4 -std=c99 -g3 -DSTM32L475xx -DUSE_HAL_DRIVER -DUSE_STM32L475E_IOT01 -DPRIORITY_RTOS -DARM_MATH_CM4 -D__FPU_PRESENT=1 -c -O2 -ffunction-sections -Wall -fstack-usage -MMD -MP -MF"Middlewares/FatFs/Core/ff_gen_drv.d" -MT"Middlewares/FatFs/Core/ff_gen_drv.o" --specs=nano.specs -mfpu=fpv4-sp-d16 -mfloat-abi=hard -mthumb -o "Middlewares/FatFs/Core/ff_gen_drv.o" @"Middlewares/FatFs/Core/ff_gen_drv.c_includes.args"
arm-none-eabi-gcc "C:/Users/invain/Desktop/e4ds-stm-cube-ai/quest01/en.fp-ai-sensing1/STM32CubeFunctionPack_SENSING1_V4.0.3/Drivers/STM32L4xx_HAL_Driver/Src/stm32l4xx_hal.c" -mcpu=cortex-m4 -std=c99 -g3 -DSTM32L475xx -DUSE_HAL_DRIVER -DUSE_STM32L475E_IOT01 -DPRIORITY_RTOS -DARM_MATH_CM4 -D__FPU_PRESENT=1 -c -O2 -ffunction-sections -Wall -fstack-usage -MMD -MP -MF"Drivers/STM32L4xx_HAL_Driver/stm32l4xx_hal.d" -MT"Drivers/STM32L4xx_HAL_Driver/stm32l4xx_hal.o" --specs=nano.specs -mfpu=fpv4-sp-d16 -mfloat-abi=hard -mthumb -o "Drivers/STM32L4xx_HAL_Driver/stm32l4xx_hal.o" @"Drivers/STM32L4xx_HAL_Driver/stm32l4xx_hal.c_includes.args"
arm-none-eabi-gcc "C:/Users/invain/Desktop/e4ds-stm-cube-ai/quest01/en.fp-ai-sensing1/STM32CubeFunctionPack_SENSING1_V4.0.3/Drivers/STM32L4xx_HAL_Driver/Src/stm32l4xx_hal_cortex.c" -mcpu=cortex-m4 -std=c99 -g3 -DSTM32L475xx -DUSE_HAL_DRIVER -DUSE_STM32L475E_IOT01 -DPRIORITY_RTOS -DARM_MATH_CM4 -D__FPU_PRESENT=1 -c -O2 -ffunction-sections -Wall -fstack-usage -MMD -MP -MF"Drivers/STM32L4xx_HAL_Driver/stm32l4xx_hal_cortex.d" -MT"Drivers/STM32L4xx_HAL_Driver/stm32l4xx_hal_cortex.o" --specs=nano.specs -mfpu=fpv4-sp-d16 -mfloat-abi=hard -mthumb -o "Drivers/STM32L4xx_HAL_Driver/stm32l4xx_hal_cortex.o" @"Drivers/STM32L4xx_HAL_Driver/stm32l4xx_hal_cortex.c_includes.args"
arm-none-eabi-gcc "C:/Users/invain/Desktop/e4ds-stm-cube-ai/quest01/en.fp-ai-sensing1/STM32CubeFunctionPack_SENSING1_V4.0.3/Drivers/STM32L4xx_HAL_Driver/Src/stm32l4xx_hal_crc.c" -mcpu=cortex-m4 -std=c99 -g3 -DSTM32L475xx -DUSE_HAL_DRIVER -DUSE_STM32L475E_IOT01 -DPRIORITY_RTOS -DARM_MATH_CM4 -D__FPU_PRESENT=1 -c -O2 -ffunction-sections -Wall -fstack-usage -MMD -MP -MF"Drivers/STM32L4xx_HAL_Driver/stm32l4xx_hal_crc.d" -MT"Drivers/STM32L4xx_HAL_Driver/stm32l4xx_hal_crc.o" --specs=nano.specs -mfpu=fpv4-sp-d16 -mfloat-abi=hard -mthumb -o "Drivers/STM32L4xx_HAL_Driver/stm32l4xx_hal_crc.o" @"Drivers/STM32L4xx_HAL_Driver/stm32l4xx_hal_crc.c_includes.args"
arm-none-eabi-gcc "C:/Users/invain/Desktop/e4ds-stm-cube-ai/quest01/en.fp-ai-sensing1/STM32CubeFunctionPack_SENSING1_V4.0.3/Drivers/STM32L4xx_HAL_Driver/Src/stm32l4xx_hal_crc_ex.c" -mcpu=cortex-m4 -std=c99 -g3 -DSTM32L475xx -DUSE_HAL_DRIVER -DUSE_STM32L475E_IOT01 -DPRIORITY_RTOS -DARM_MATH_CM4 -D__FPU_PRESENT=1 -c -O2 -ffunction-sections -Wall -fstack-usage -MMD -MP -MF"Drivers/STM32L4xx_HAL_Driver/stm32l4xx_hal_crc_ex.d" -MT"Drivers/STM32L4xx_HAL_Driver/stm32l4xx_hal_crc_ex.o" --specs=nano.specs -mfpu=fpv4-sp-d16 -mfloat-abi=hard -mthumb -o "Drivers/STM32L4xx_HAL_Driver/stm32l4xx_hal_crc_ex.o" @"Drivers/STM32L4xx_HAL_Driver/stm32l4xx_hal_crc_ex.c_includes.args"
arm-none-eabi-gcc "C:/Users/invain/Desktop/e4ds-stm-cube-ai/quest01/en.fp-ai-sensing1/STM32CubeFunctionPack_SENSING1_V4.0.3/Drivers/STM32L4xx_HAL_Driver/Src/stm32l4xx_hal_dfsdm.c" -mcpu=cortex-m4 -std=c99 -g3 -DSTM32L475xx -DUSE_HAL_DRIVER -DUSE_STM32L475E_IOT01 -DPRIORITY_RTOS -DARM_MATH_CM4 -D__FPU_PRESENT=1 -c -O2 -ffunction-sections -Wall -fstack-usage -MMD -MP -MF"Drivers/STM32L4xx_HAL_Driver/stm32l4xx_hal_dfsdm.d" -MT"Drivers/STM32L4xx_HAL_Driver/stm32l4xx_hal_dfsdm.o" --specs=nano.specs -mfpu=fpv4-sp-d16 -mfloat-abi=hard -mthumb -o "Drivers/STM32L4xx_HAL_Driver/stm32l4xx_hal_dfsdm.o" @"Drivers/STM32L4xx_HAL_Driver/stm32l4xx_hal_dfsdm.c_includes.args"
arm-none-eabi-gcc "C:/Users/invain/Desktop/e4ds-stm-cube-ai/quest01/en.fp-ai-sensing1/STM32CubeFunctionPack_SENSING1_V4.0.3/Drivers/STM32L4xx_HAL_Driver/Src/stm32l4xx_hal_dfsdm_ex.c" -mcpu=cortex-m4 -std=c99 -g3 -DSTM32L475xx -DUSE_HAL_DRIVER -DUSE_STM32L475E_IOT01 -DPRIORITY_RTOS -DARM_MATH_CM4 -D__FPU_PRESENT=1 -c -O2 -ffunction-sections -Wall -fstack-usage -MMD -MP -MF"Drivers/STM32L4xx_HAL_Driver/stm32l4xx_hal_dfsdm_ex.d" -MT"Drivers/STM32L4xx_HAL_Driver/stm32l4xx_hal_dfsdm_ex.o" --specs=nano.specs -mfpu=fpv4-sp-d16 -mfloat-abi=hard -mthumb -o "Drivers/STM32L4xx_HAL_Driver/stm32l4xx_hal_dfsdm_ex.o" @"Drivers/STM32L4xx_HAL_Driver/stm32l4xx_hal_dfsdm_ex.c_includes.args"
arm-none-eabi-gcc "C:/Users/invain/Desktop/e4ds-stm-cube-ai/quest01/en.fp-ai-sensing1/STM32CubeFunctionPack_SENSING1_V4.0.3/Drivers/STM32L4xx_HAL_Driver/Src/stm32l4xx_hal_dma.c" -mcpu=cortex-m4 -std=c99 -g3 -DSTM32L475xx -DUSE_HAL_DRIVER -DUSE_STM32L475E_IOT01 -DPRIORITY_RTOS -DARM_MATH_CM4 -D__FPU_PRESENT=1 -c -O2 -ffunction-sections -Wall -fstack-usage -MMD -MP -MF"Drivers/STM32L4xx_HAL_Driver/stm32l4xx_hal_dma.d" -MT"Drivers/STM32L4xx_HAL_Driver/stm32l4xx_hal_dma.o" --specs=nano.specs -mfpu=fpv4-sp-d16 -mfloat-abi=hard -mthumb -o "Drivers/STM32L4xx_HAL_Driver/stm32l4xx_hal_dma.o" @"Drivers/STM32L4xx_HAL_Driver/stm32l4xx_hal_dma.c_includes.args"
arm-none-eabi-gcc "C:/Users/invain/Desktop/e4ds-stm-cube-ai/quest01/en.fp-ai-sensing1/STM32CubeFunctionPack_SENSING1_V4.0.3/Drivers/STM32L4xx_HAL_Driver/Src/stm32l4xx_hal_dma_ex.c" -mcpu=cortex-m4 -std=c99 -g3 -DSTM32L475xx -DUSE_HAL_DRIVER -DUSE_STM32L475E_IOT01 -DPRIORITY_RTOS -DARM_MATH_CM4 -D__FPU_PRESENT=1 -c -O2 -ffunction-sections -Wall -fstack-usage -MMD -MP -MF"Drivers/STM32L4xx_HAL_Driver/stm32l4xx_hal_dma_ex.d" -MT"Drivers/STM32L4xx_HAL_Driver/stm32l4xx_hal_dma_ex.o" --specs=nano.specs -mfpu=fpv4-sp-d16 -mfloat-abi=hard -mthumb -o "Drivers/STM32L4xx_HAL_Driver/stm32l4xx_hal_dma_ex.o" @"Drivers/STM32L4xx_HAL_Driver/stm32l4xx_hal_dma_ex.c_includes.args"
arm-none-eabi-gcc "C:/Users/invain/Desktop/e4ds-stm-cube-ai/quest01/en.fp-ai-sensing1/STM32CubeFunctionPack_SENSING1_V4.0.3/Drivers/STM32L4xx_HAL_Driver/Src/stm32l4xx_hal_exti.c" -mcpu=cortex-m4 -std=c99 -g3 -DSTM32L475xx -DUSE_HAL_DRIVER -DUSE_STM32L475E_IOT01 -DPRIORITY_RTOS -DARM_MATH_CM4 -D__FPU_PRESENT=1 -c -O2 -ffunction-sections -Wall -fstack-usage -MMD -MP -MF"Drivers/STM32L4xx_HAL_Driver/stm32l4xx_hal_exti.d" -MT"Drivers/STM32L4xx_HAL_Driver/stm32l4xx_hal_exti.o" --specs=nano.specs -mfpu=fpv4-sp-d16 -mfloat-abi=hard -mthumb -o "Drivers/STM32L4xx_HAL_Driver/stm32l4xx_hal_exti.o" @"Drivers/STM32L4xx_HAL_Driver/stm32l4xx_hal_exti.c_includes.args"
arm-none-eabi-gcc "C:/Users/invain/Desktop/e4ds-stm-cube-ai/quest01/en.fp-ai-sensing1/STM32CubeFunctionPack_SENSING1_V4.0.3/Drivers/STM32L4xx_HAL_Driver/Src/stm32l4xx_hal_flash.c" -mcpu=cortex-m4 -std=c99 -g3 -DSTM32L475xx -DUSE_HAL_DRIVER -DUSE_STM32L475E_IOT01 -DPRIORITY_RTOS -DARM_MATH_CM4 -D__FPU_PRESENT=1 -c -O2 -ffunction-sections -Wall -fstack-usage -MMD -MP -MF"Drivers/STM32L4xx_HAL_Driver/stm32l4xx_hal_flash.d" -MT"Drivers/STM32L4xx_HAL_Driver/stm32l4xx_hal_flash.o" --specs=nano.specs -mfpu=fpv4-sp-d16 -mfloat-abi=hard -mthumb -o "Drivers/STM32L4xx_HAL_Driver/stm32l4xx_hal_flash.o" @"Drivers/STM32L4xx_HAL_Driver/stm32l4xx_hal_flash.c_includes.args"
arm-none-eabi-gcc "C:/Users/invain/Desktop/e4ds-stm-cube-ai/quest01/en.fp-ai-sensing1/STM32CubeFunctionPack_SENSING1_V4.0.3/Drivers/STM32L4xx_HAL_Driver/Src/stm32l4xx_hal_flash_ex.c" -mcpu=cortex-m4 -std=c99 -g3 -DSTM32L475xx -DUSE_HAL_DRIVER -DUSE_STM32L475E_IOT01 -DPRIORITY_RTOS -DARM_MATH_CM4 -D__FPU_PRESENT=1 -c -O2 -ffunction-sections -Wall -fstack-usage -MMD -MP -MF"Drivers/STM32L4xx_HAL_Driver/stm32l4xx_hal_flash_ex.d" -MT"Drivers/STM32L4xx_HAL_Driver/stm32l4xx_hal_flash_ex.o" --specs=nano.specs -mfpu=fpv4-sp-d16 -mfloat-abi=hard -mthumb -o "Drivers/STM32L4xx_HAL_Driver/stm32l4xx_hal_flash_ex.o" @"Drivers/STM32L4xx_HAL_Driver/stm32l4xx_hal_flash_ex.c_includes.args"
arm-none-eabi-gcc "C:/Users/invain/Desktop/e4ds-stm-cube-ai/quest01/en.fp-ai-sensing1/STM32CubeFunctionPack_SENSING1_V4.0.3/Drivers/STM32L4xx_HAL_Driver/Src/stm32l4xx_hal_gpio.c" -mcpu=cortex-m4 -std=c99 -g3 -DSTM32L475xx -DUSE_HAL_DRIVER -DUSE_STM32L475E_IOT01 -DPRIORITY_RTOS -DARM_MATH_CM4 -D__FPU_PRESENT=1 -c -O2 -ffunction-sections -Wall -fstack-usage -MMD -MP -MF"Drivers/STM32L4xx_HAL_Driver/stm32l4xx_hal_gpio.d" -MT"Drivers/STM32L4xx_HAL_Driver/stm32l4xx_hal_gpio.o" --specs=nano.specs -mfpu=fpv4-sp-d16 -mfloat-abi=hard -mthumb -o "Drivers/STM32L4xx_HAL_Driver/stm32l4xx_hal_gpio.o" @"Drivers/STM32L4xx_HAL_Driver/stm32l4xx_hal_gpio.c_includes.args"
arm-none-eabi-gcc "C:/Users/invain/Desktop/e4ds-stm-cube-ai/quest01/en.fp-ai-sensing1/STM32CubeFunctionPack_SENSING1_V4.0.3/Drivers/STM32L4xx_HAL_Driver/Src/stm32l4xx_hal_i2c.c" -mcpu=cortex-m4 -std=c99 -g3 -DSTM32L475xx -DUSE_HAL_DRIVER -DUSE_STM32L475E_IOT01 -DPRIORITY_RTOS -DARM_MATH_CM4 -D__FPU_PRESENT=1 -c -O2 -ffunction-sections -Wall -fstack-usage -MMD -MP -MF"Drivers/STM32L4xx_HAL_Driver/stm32l4xx_hal_i2c.d" -MT"Drivers/STM32L4xx_HAL_Driver/stm32l4xx_hal_i2c.o" --specs=nano.specs -mfpu=fpv4-sp-d16 -mfloat-abi=hard -mthumb -o "Drivers/STM32L4xx_HAL_Driver/stm32l4xx_hal_i2c.o" @"Drivers/STM32L4xx_HAL_Driver/stm32l4xx_hal_i2c.c_includes.args"
arm-none-eabi-gcc "C:/Users/invain/Desktop/e4ds-stm-cube-ai/quest01/en.fp-ai-sensing1/STM32CubeFunctionPack_SENSING1_V4.0.3/Drivers/STM32L4xx_HAL_Driver/Src/stm32l4xx_hal_i2c_ex.c" -mcpu=cortex-m4 -std=c99 -g3 -DSTM32L475xx -DUSE_HAL_DRIVER -DUSE_STM32L475E_IOT01 -DPRIORITY_RTOS -DARM_MATH_CM4 -D__FPU_PRESENT=1 -c -O2 -ffunction-sections -Wall -fstack-usage -MMD -MP -MF"Drivers/STM32L4xx_HAL_Driver/stm32l4xx_hal_i2c_ex.d" -MT"Drivers/STM32L4xx_HAL_Driver/stm32l4xx_hal_i2c_ex.o" --specs=nano.specs -mfpu=fpv4-sp-d16 -mfloat-abi=hard -mthumb -o "Drivers/STM32L4xx_HAL_Driver/stm32l4xx_hal_i2c_ex.o" @"Drivers/STM32L4xx_HAL_Driver/stm32l4xx_hal_i2c_ex.c_includes.args"
arm-none-eabi-gcc "C:/Users/invain/Desktop/e4ds-stm-cube-ai/quest01/en.fp-ai-sensing1/STM32CubeFunctionPack_SENSING1_V4.0.3/Drivers/STM32L4xx_HAL_Driver/Src/stm32l4xx_hal_pcd.c" -mcpu=cortex-m4 -std=c99 -g3 -DSTM32L475xx -DUSE_HAL_DRIVER -DUSE_STM32L475E_IOT01 -DPRIORITY_RTOS -DARM_MATH_CM4 -D__FPU_PRESENT=1 -c -O2 -ffunction-sections -Wall -fstack-usage -MMD -MP -MF"Drivers/STM32L4xx_HAL_Driver/stm32l4xx_hal_pcd.d" -MT"Drivers/STM32L4xx_HAL_Driver/stm32l4xx_hal_pcd.o" --specs=nano.specs -mfpu=fpv4-sp-d16 -mfloat-abi=hard -mthumb -o "Drivers/STM32L4xx_HAL_Driver/stm32l4xx_hal_pcd.o" @"Drivers/STM32L4xx_HAL_Driver/stm32l4xx_hal_pcd.c_includes.args"
arm-none-eabi-gcc "C:/Users/invain/Desktop/e4ds-stm-cube-ai/quest01/en.fp-ai-sensing1/STM32CubeFunctionPack_SENSING1_V4.0.3/Drivers/STM32L4xx_HAL_Driver/Src/stm32l4xx_hal_pcd_ex.c" -mcpu=cortex-m4 -std=c99 -g3 -DSTM32L475xx -DUSE_HAL_DRIVER -DUSE_STM32L475E_IOT01 -DPRIORITY_RTOS -DARM_MATH_CM4 -D__FPU_PRESENT=1 -c -O2 -ffunction-sections -Wall -fstack-usage -MMD -MP -MF"Drivers/STM32L4xx_HAL_Driver/stm32l4xx_hal_pcd_ex.d" -MT"Drivers/STM32L4xx_HAL_Driver/stm32l4xx_hal_pcd_ex.o" --specs=nano.specs -mfpu=fpv4-sp-d16 -mfloat-abi=hard -mthumb -o "Drivers/STM32L4xx_HAL_Driver/stm32l4xx_hal_pcd_ex.o" @"Drivers/STM32L4xx_HAL_Driver/stm32l4xx_hal_pcd_ex.c_includes.args"
arm-none-eabi-gcc "C:/Users/invain/Desktop/e4ds-stm-cube-ai/quest01/en.fp-ai-sensing1/STM32CubeFunctionPack_SENSING1_V4.0.3/Drivers/STM32L4xx_HAL_Driver/Src/stm32l4xx_hal_pwr.c" -mcpu=cortex-m4 -std=c99 -g3 -DSTM32L475xx -DUSE_HAL_DRIVER -DUSE_STM32L475E_IOT01 -DPRIORITY_RTOS -DARM_MATH_CM4 -D__FPU_PRESENT=1 -c -O2 -ffunction-sections -Wall -fstack-usage -MMD -MP -MF"Drivers/STM32L4xx_HAL_Driver/stm32l4xx_hal_pwr.d" -MT"Drivers/STM32L4xx_HAL_Driver/stm32l4xx_hal_pwr.o" --specs=nano.specs -mfpu=fpv4-sp-d16 -mfloat-abi=hard -mthumb -o "Drivers/STM32L4xx_HAL_Driver/stm32l4xx_hal_pwr.o" @"Drivers/STM32L4xx_HAL_Driver/stm32l4xx_hal_pwr.c_includes.args"
arm-none-eabi-gcc "C:/Users/invain/Desktop/e4ds-stm-cube-ai/quest01/en.fp-ai-sensing1/STM32CubeFunctionPack_SENSING1_V4.0.3/Drivers/STM32L4xx_HAL_Driver/Src/stm32l4xx_hal_pwr_ex.c" -mcpu=cortex-m4 -std=c99 -g3 -DSTM32L475xx -DUSE_HAL_DRIVER -DUSE_STM32L475E_IOT01 -DPRIORITY_RTOS -DARM_MATH_CM4 -D__FPU_PRESENT=1 -c -O2 -ffunction-sections -Wall -fstack-usage -MMD -MP -MF"Drivers/STM32L4xx_HAL_Driver/stm32l4xx_hal_pwr_ex.d" -MT"Drivers/STM32L4xx_HAL_Driver/stm32l4xx_hal_pwr_ex.o" --specs=nano.specs -mfpu=fpv4-sp-d16 -mfloat-abi=hard -mthumb -o "Drivers/STM32L4xx_HAL_Driver/stm32l4xx_hal_pwr_ex.o" @"Drivers/STM32L4xx_HAL_Driver/stm32l4xx_hal_pwr_ex.c_includes.args"
arm-none-eabi-gcc "C:/Users/invain/Desktop/e4ds-stm-cube-ai/quest01/en.fp-ai-sensing1/STM32CubeFunctionPack_SENSING1_V4.0.3/Drivers/STM32L4xx_HAL_Driver/Src/stm32l4xx_hal_qspi.c" -mcpu=cortex-m4 -std=c99 -g3 -DSTM32L475xx -DUSE_HAL_DRIVER -DUSE_STM32L475E_IOT01 -DPRIORITY_RTOS -DARM_MATH_CM4 -D__FPU_PRESENT=1 -c -O2 -ffunction-sections -Wall -fstack-usage -MMD -MP -MF"Drivers/STM32L4xx_HAL_Driver/stm32l4xx_hal_qspi.d" -MT"Drivers/STM32L4xx_HAL_Driver/stm32l4xx_hal_qspi.o" --specs=nano.specs -mfpu=fpv4-sp-d16 -mfloat-abi=hard -mthumb -o "Drivers/STM32L4xx_HAL_Driver/stm32l4xx_hal_qspi.o" @"Drivers/STM32L4xx_HAL_Driver/stm32l4xx_hal_qspi.c_includes.args"
arm-none-eabi-gcc "C:/Users/invain/Desktop/e4ds-stm-cube-ai/quest01/en.fp-ai-sensing1/STM32CubeFunctionPack_SENSING1_V4.0.3/Drivers/STM32L4xx_HAL_Driver/Src/stm32l4xx_hal_rcc.c" -mcpu=cortex-m4 -std=c99 -g3 -DSTM32L475xx -DUSE_HAL_DRIVER -DUSE_STM32L475E_IOT01 -DPRIORITY_RTOS -DARM_MATH_CM4 -D__FPU_PRESENT=1 -c -O2 -ffunction-sections -Wall -fstack-usage -MMD -MP -MF"Drivers/STM32L4xx_HAL_Driver/stm32l4xx_hal_rcc.d" -MT"Drivers/STM32L4xx_HAL_Driver/stm32l4xx_hal_rcc.o" --specs=nano.specs -mfpu=fpv4-sp-d16 -mfloat-abi=hard -mthumb -o "Drivers/STM32L4xx_HAL_Driver/stm32l4xx_hal_rcc.o" @"Drivers/STM32L4xx_HAL_Driver/stm32l4xx_hal_rcc.c_includes.args"
arm-none-eabi-gcc "C:/Users/invain/Desktop/e4ds-stm-cube-ai/quest01/en.fp-ai-sensing1/STM32CubeFunctionPack_SENSING1_V4.0.3/Drivers/STM32L4xx_HAL_Driver/Src/stm32l4xx_hal_rcc_ex.c" -mcpu=cortex-m4 -std=c99 -g3 -DSTM32L475xx -DUSE_HAL_DRIVER -DUSE_STM32L475E_IOT01 -DPRIORITY_RTOS -DARM_MATH_CM4 -D__FPU_PRESENT=1 -c -O2 -ffunction-sections -Wall -fstack-usage -MMD -MP -MF"Drivers/STM32L4xx_HAL_Driver/stm32l4xx_hal_rcc_ex.d" -MT"Drivers/STM32L4xx_HAL_Driver/stm32l4xx_hal_rcc_ex.o" --specs=nano.specs -mfpu=fpv4-sp-d16 -mfloat-abi=hard -mthumb -o "Drivers/STM32L4xx_HAL_Driver/stm32l4xx_hal_rcc_ex.o" @"Drivers/STM32L4xx_HAL_Driver/stm32l4xx_hal_rcc_ex.c_includes.args"
arm-none-eabi-gcc "C:/Users/invain/Desktop/e4ds-stm-cube-ai/quest01/en.fp-ai-sensing1/STM32CubeFunctionPack_SENSING1_V4.0.3/Drivers/STM32L4xx_HAL_Driver/Src/stm32l4xx_hal_rtc.c" -mcpu=cortex-m4 -std=c99 -g3 -DSTM32L475xx -DUSE_HAL_DRIVER -DUSE_STM32L475E_IOT01 -DPRIORITY_RTOS -DARM_MATH_CM4 -D__FPU_PRESENT=1 -c -O2 -ffunction-sections -Wall -fstack-usage -MMD -MP -MF"Drivers/STM32L4xx_HAL_Driver/stm32l4xx_hal_rtc.d" -MT"Drivers/STM32L4xx_HAL_Driver/stm32l4xx_hal_rtc.o" --specs=nano.specs -mfpu=fpv4-sp-d16 -mfloat-abi=hard -mthumb -o "Drivers/STM32L4xx_HAL_Driver/stm32l4xx_hal_rtc.o" @"Drivers/STM32L4xx_HAL_Driver/stm32l4xx_hal_rtc.c_includes.args"
arm-none-eabi-gcc "C:/Users/invain/Desktop/e4ds-stm-cube-ai/quest01/en.fp-ai-sensing1/STM32CubeFunctionPack_SENSING1_V4.0.3/Drivers/STM32L4xx_HAL_Driver/Src/stm32l4xx_hal_rtc_ex.c" -mcpu=cortex-m4 -std=c99 -g3 -DSTM32L475xx -DUSE_HAL_DRIVER -DUSE_STM32L475E_IOT01 -DPRIORITY_RTOS -DARM_MATH_CM4 -D__FPU_PRESENT=1 -c -O2 -ffunction-sections -Wall -fstack-usage -MMD -MP -MF"Drivers/STM32L4xx_HAL_Driver/stm32l4xx_hal_rtc_ex.d" -MT"Drivers/STM32L4xx_HAL_Driver/stm32l4xx_hal_rtc_ex.o" --specs=nano.specs -mfpu=fpv4-sp-d16 -mfloat-abi=hard -mthumb -o "Drivers/STM32L4xx_HAL_Driver/stm32l4xx_hal_rtc_ex.o" @"Drivers/STM32L4xx_HAL_Driver/stm32l4xx_hal_rtc_ex.c_includes.args"
arm-none-eabi-gcc "C:/Users/invain/Desktop/e4ds-stm-cube-ai/quest01/en.fp-ai-sensing1/STM32CubeFunctionPack_SENSING1_V4.0.3/Drivers/STM32L4xx_HAL_Driver/Src/stm32l4xx_hal_spi.c" -mcpu=cortex-m4 -std=c99 -g3 -DSTM32L475xx -DUSE_HAL_DRIVER -DUSE_STM32L475E_IOT01 -DPRIORITY_RTOS -DARM_MATH_CM4 -D__FPU_PRESENT=1 -c -O2 -ffunction-sections -Wall -fstack-usage -MMD -MP -MF"Drivers/STM32L4xx_HAL_Driver/stm32l4xx_hal_spi.d" -MT"Drivers/STM32L4xx_HAL_Driver/stm32l4xx_hal_spi.o" --specs=nano.specs -mfpu=fpv4-sp-d16 -mfloat-abi=hard -mthumb -o "Drivers/STM32L4xx_HAL_Driver/stm32l4xx_hal_spi.o" @"Drivers/STM32L4xx_HAL_Driver/stm32l4xx_hal_spi.c_includes.args"
arm-none-eabi-gcc "C:/Users/invain/Desktop/e4ds-stm-cube-ai/quest01/en.fp-ai-sensing1/STM32CubeFunctionPack_SENSING1_V4.0.3/Drivers/STM32L4xx_HAL_Driver/Src/stm32l4xx_hal_spi_ex.c" -mcpu=cortex-m4 -std=c99 -g3 -DSTM32L475xx -DUSE_HAL_DRIVER -DUSE_STM32L475E_IOT01 -DPRIORITY_RTOS -DARM_MATH_CM4 -D__FPU_PRESENT=1 -c -O2 -ffunction-sections -Wall -fstack-usage -MMD -MP -MF"Drivers/STM32L4xx_HAL_Driver/stm32l4xx_hal_spi_ex.d" -MT"Drivers/STM32L4xx_HAL_Driver/stm32l4xx_hal_spi_ex.o" --specs=nano.specs -mfpu=fpv4-sp-d16 -mfloat-abi=hard -mthumb -o "Drivers/STM32L4xx_HAL_Driver/stm32l4xx_hal_spi_ex.o" @"Drivers/STM32L4xx_HAL_Driver/stm32l4xx_hal_spi_ex.c_includes.args"
arm-none-eabi-gcc "C:/Users/invain/Desktop/e4ds-stm-cube-ai/quest01/en.fp-ai-sensing1/STM32CubeFunctionPack_SENSING1_V4.0.3/Drivers/STM32L4xx_HAL_Driver/Src/stm32l4xx_hal_uart.c" -mcpu=cortex-m4 -std=c99 -g3 -DSTM32L475xx -DUSE_HAL_DRIVER -DUSE_STM32L475E_IOT01 -DPRIORITY_RTOS -DARM_MATH_CM4 -D__FPU_PRESENT=1 -c -O2 -ffunction-sections -Wall -fstack-usage -MMD -MP -MF"Drivers/STM32L4xx_HAL_Driver/stm32l4xx_hal_uart.d" -MT"Drivers/STM32L4xx_HAL_Driver/stm32l4xx_hal_uart.o" --specs=nano.specs -mfpu=fpv4-sp-d16 -mfloat-abi=hard -mthumb -o "Drivers/STM32L4xx_HAL_Driver/stm32l4xx_hal_uart.o" @"Drivers/STM32L4xx_HAL_Driver/stm32l4xx_hal_uart.c_includes.args"
arm-none-eabi-gcc "C:/Users/invain/Desktop/e4ds-stm-cube-ai/quest01/en.fp-ai-sensing1/STM32CubeFunctionPack_SENSING1_V4.0.3/Drivers/STM32L4xx_HAL_Driver/Src/stm32l4xx_hal_uart_ex.c" -mcpu=cortex-m4 -std=c99 -g3 -DSTM32L475xx -DUSE_HAL_DRIVER -DUSE_STM32L475E_IOT01 -DPRIORITY_RTOS -DARM_MATH_CM4 -D__FPU_PRESENT=1 -c -O2 -ffunction-sections -Wall -fstack-usage -MMD -MP -MF"Drivers/STM32L4xx_HAL_Driver/stm32l4xx_hal_uart_ex.d" -MT"Drivers/STM32L4xx_HAL_Driver/stm32l4xx_hal_uart_ex.o" --specs=nano.specs -mfpu=fpv4-sp-d16 -mfloat-abi=hard -mthumb -o "Drivers/STM32L4xx_HAL_Driver/stm32l4xx_hal_uart_ex.o" @"Drivers/STM32L4xx_HAL_Driver/stm32l4xx_hal_uart_ex.c_includes.args"
arm-none-eabi-gcc "C:/Users/invain/Desktop/e4ds-stm-cube-ai/quest01/en.fp-ai-sensing1/STM32CubeFunctionPack_SENSING1_V4.0.3/Drivers/STM32L4xx_HAL_Driver/Src/stm32l4xx_ll_usb.c" -mcpu=cortex-m4 -std=c99 -g3 -DSTM32L475xx -DUSE_HAL_DRIVER -DUSE_STM32L475E_IOT01 -DPRIORITY_RTOS -DARM_MATH_CM4 -D__FPU_PRESENT=1 -c -O2 -ffunction-sections -Wall -fstack-usage -MMD -MP -MF"Drivers/STM32L4xx_HAL_Driver/stm32l4xx_ll_usb.d" -MT"Drivers/STM32L4xx_HAL_Driver/stm32l4xx_ll_usb.o" --specs=nano.specs -mfpu=fpv4-sp-d16 -mfloat-abi=hard -mthumb -o "Drivers/STM32L4xx_HAL_Driver/stm32l4xx_ll_usb.o" @"Drivers/STM32L4xx_HAL_Driver/stm32l4xx_ll_usb.c_includes.args"
arm-none-eabi-gcc "C:/Users/invain/Desktop/e4ds-stm-cube-ai/quest01/en.fp-ai-sensing1/STM32CubeFunctionPack_SENSING1_V4.0.3/Projects/B-L475E-IOT01A/Applications/SENSING1/Src/system_stm32l4xx.c" -mcpu=cortex-m4 -std=c99 -g3 -DSTM32L475xx -DUSE_HAL_DRIVER -DUSE_STM32L475E_IOT01 -DPRIORITY_RTOS -DARM_MATH_CM4 -D__FPU_PRESENT=1 -c -O2 -ffunction-sections -Wall -fstack-usage -MMD -MP -MF"Drivers/CMSIS/system_stm32l4xx.d" -MT"Drivers/CMSIS/system_stm32l4xx.o" --specs=nano.specs -mfpu=fpv4-sp-d16 -mfloat-abi=hard -mthumb -o "Drivers/CMSIS/system_stm32l4xx.o" @"Drivers/CMSIS/system_stm32l4xx.c_includes.args"
arm-none-eabi-gcc "C:/Users/invain/Desktop/e4ds-stm-cube-ai/quest01/en.fp-ai-sensing1/STM32CubeFunctionPack_SENSING1_V4.0.3/Drivers/BSP/Components/hts221/hts221.c" -mcpu=cortex-m4 -std=c99 -g3 -DSTM32L475xx -DUSE_HAL_DRIVER -DUSE_STM32L475E_IOT01 -DPRIORITY_RTOS -DARM_MATH_CM4 -D__FPU_PRESENT=1 -c -O2 -ffunction-sections -Wall -fstack-usage -MMD -MP -MF"Drivers/BSP/Components/hts221.d" -MT"Drivers/BSP/Components/hts221.o" --specs=nano.specs -mfpu=fpv4-sp-d16 -mfloat-abi=hard -mthumb -o "Drivers/BSP/Components/hts221.o" @"Drivers/BSP/Components/hts221.c_includes.args"
arm-none-eabi-gcc "C:/Users/invain/Desktop/e4ds-stm-cube-ai/quest01/en.fp-ai-sensing1/STM32CubeFunctionPack_SENSING1_V4.0.3/Drivers/BSP/Components/hts221/hts221_reg.c" -mcpu=cortex-m4 -std=c99 -g3 -DSTM32L475xx -DUSE_HAL_DRIVER -DUSE_STM32L475E_IOT01 -DPRIORITY_RTOS -DARM_MATH_CM4 -D__FPU_PRESENT=1 -c -O2 -ffunction-sections -Wall -fstack-usage -MMD -MP -MF"Drivers/BSP/Components/hts221_reg.d" -MT"Drivers/BSP/Components/hts221_reg.o" --specs=nano.specs -mfpu=fpv4-sp-d16 -mfloat-abi=hard -mthumb -o "Drivers/BSP/Components/hts221_reg.o" @"Drivers/BSP/Components/hts221_reg.c_includes.args"
arm-none-eabi-gcc "C:/Users/invain/Desktop/e4ds-stm-cube-ai/quest01/en.fp-ai-sensing1/STM32CubeFunctionPack_SENSING1_V4.0.3/Drivers/BSP/Components/lis3mdl/lis3mdl.c" -mcpu=cortex-m4 -std=c99 -g3 -DSTM32L475xx -DUSE_HAL_DRIVER -DUSE_STM32L475E_IOT01 -DPRIORITY_RTOS -DARM_MATH_CM4 -D__FPU_PRESENT=1 -c -O2 -ffunction-sections -Wall -fstack-usage -MMD -MP -MF"Drivers/BSP/Components/lis3mdl.d" -MT"Drivers/BSP/Components/lis3mdl.o" --specs=nano.specs -mfpu=fpv4-sp-d16 -mfloat-abi=hard -mthumb -o "Drivers/BSP/Components/lis3mdl.o" @"Drivers/BSP/Components/lis3mdl.c_includes.args"
arm-none-eabi-gcc "C:/Users/invain/Desktop/e4ds-stm-cube-ai/quest01/en.fp-ai-sensing1/STM32CubeFunctionPack_SENSING1_V4.0.3/Drivers/BSP/Components/lis3mdl/lis3mdl_reg.c" -mcpu=cortex-m4 -std=c99 -g3 -DSTM32L475xx -DUSE_HAL_DRIVER -DUSE_STM32L475E_IOT01 -DPRIORITY_RTOS -DARM_MATH_CM4 -D__FPU_PRESENT=1 -c -O2 -ffunction-sections -Wall -fstack-usage -MMD -MP -MF"Drivers/BSP/Components/lis3mdl_reg.d" -MT"Drivers/BSP/Components/lis3mdl_reg.o" --specs=nano.specs -mfpu=fpv4-sp-d16 -mfloat-abi=hard -mthumb -o "Drivers/BSP/Components/lis3mdl_reg.o" @"Drivers/BSP/Components/lis3mdl_reg.c_includes.args"
arm-none-eabi-gcc "C:/Users/invain/Desktop/e4ds-stm-cube-ai/quest01/en.fp-ai-sensing1/STM32CubeFunctionPack_SENSING1_V4.0.3/Drivers/BSP/Components/lps22hb/lps22hb.c" -mcpu=cortex-m4 -std=c99 -g3 -DSTM32L475xx -DUSE_HAL_DRIVER -DUSE_STM32L475E_IOT01 -DPRIORITY_RTOS -DARM_MATH_CM4 -D__FPU_PRESENT=1 -c -O2 -ffunction-sections -Wall -fstack-usage -MMD -MP -MF"Drivers/BSP/Components/lps22hb.d" -MT"Drivers/BSP/Components/lps22hb.o" --specs=nano.specs -mfpu=fpv4-sp-d16 -mfloat-abi=hard -mthumb -o "Drivers/BSP/Components/lps22hb.o" @"Drivers/BSP/Components/lps22hb.c_includes.args"
arm-none-eabi-gcc "C:/Users/invain/Desktop/e4ds-stm-cube-ai/quest01/en.fp-ai-sensing1/STM32CubeFunctionPack_SENSING1_V4.0.3/Drivers/BSP/Components/lps22hb/lps22hb_reg.c" -mcpu=cortex-m4 -std=c99 -g3 -DSTM32L475xx -DUSE_HAL_DRIVER -DUSE_STM32L475E_IOT01 -DPRIORITY_RTOS -DARM_MATH_CM4 -D__FPU_PRESENT=1 -c -O2 -ffunction-sections -Wall -fstack-usage -MMD -MP -MF"Drivers/BSP/Components/lps22hb_reg.d" -MT"Drivers/BSP/Components/lps22hb_reg.o" --specs=nano.specs -mfpu=fpv4-sp-d16 -mfloat-abi=hard -mthumb -o "Drivers/BSP/Components/lps22hb_reg.o" @"Drivers/BSP/Components/lps22hb_reg.c_includes.args"
arm-none-eabi-gcc "C:/Users/invain/Desktop/e4ds-stm-cube-ai/quest01/en.fp-ai-sensing1/STM32CubeFunctionPack_SENSING1_V4.0.3/Drivers/BSP/Components/lsm6dsl/lsm6dsl.c" -mcpu=cortex-m4 -std=c99 -g3 -DSTM32L475xx -DUSE_HAL_DRIVER -DUSE_STM32L475E_IOT01 -DPRIORITY_RTOS -DARM_MATH_CM4 -D__FPU_PRESENT=1 -c -O2 -ffunction-sections -Wall -fstack-usage -MMD -MP -MF"Drivers/BSP/Components/lsm6dsl.d" -MT"Drivers/BSP/Components/lsm6dsl.o" --specs=nano.specs -mfpu=fpv4-sp-d16 -mfloat-abi=hard -mthumb -o "Drivers/BSP/Components/lsm6dsl.o" @"Drivers/BSP/Components/lsm6dsl.c_includes.args"
arm-none-eabi-gcc "C:/Users/invain/Desktop/e4ds-stm-cube-ai/quest01/en.fp-ai-sensing1/STM32CubeFunctionPack_SENSING1_V4.0.3/Drivers/BSP/Components/lsm6dsl/lsm6dsl_reg.c" -mcpu=cortex-m4 -std=c99 -g3 -DSTM32L475xx -DUSE_HAL_DRIVER -DUSE_STM32L475E_IOT01 -DPRIORITY_RTOS -DARM_MATH_CM4 -D__FPU_PRESENT=1 -c -O2 -ffunction-sections -Wall -fstack-usage -MMD -MP -MF"Drivers/BSP/Components/lsm6dsl_reg.d" -MT"Drivers/BSP/Components/lsm6dsl_reg.o" --specs=nano.specs -mfpu=fpv4-sp-d16 -mfloat-abi=hard -mthumb -o "Drivers/BSP/Components/lsm6dsl_reg.o" @"Drivers/BSP/Components/lsm6dsl_reg.c_includes.args"
arm-none-eabi-gcc "C:/Users/invain/Desktop/e4ds-stm-cube-ai/quest01/en.fp-ai-sensing1/STM32CubeFunctionPack_SENSING1_V4.0.3/Drivers/BSP/Components/mx25r6435f/mx25r6435f.c" -mcpu=cortex-m4 -std=c99 -g3 -DSTM32L475xx -DUSE_HAL_DRIVER -DUSE_STM32L475E_IOT01 -DPRIORITY_RTOS -DARM_MATH_CM4 -D__FPU_PRESENT=1 -c -O2 -ffunction-sections -Wall -fstack-usage -MMD -MP -MF"Drivers/BSP/Components/mx25r6435f.d" -MT"Drivers/BSP/Components/mx25r6435f.o" --specs=nano.specs -mfpu=fpv4-sp-d16 -mfloat-abi=hard -mthumb -o "Drivers/BSP/Components/mx25r6435f.o" @"Drivers/BSP/Components/mx25r6435f.c_includes.args"
arm-none-eabi-gcc "C:/Users/invain/Desktop/e4ds-stm-cube-ai/quest01/en.fp-ai-sensing1/STM32CubeFunctionPack_SENSING1_V4.0.3/Drivers/BSP/B-L475E-IOT01/stm32l475e_iot01.c" -mcpu=cortex-m4 -std=c99 -g3 -DSTM32L475xx -DUSE_HAL_DRIVER -DUSE_STM32L475E_IOT01 -DPRIORITY_RTOS -DARM_MATH_CM4 -D__FPU_PRESENT=1 -c -O2 -ffunction-sections -Wall -fstack-usage -MMD -MP -MF"Drivers/BSP/B-L475E-IOT01/stm32l475e_iot01.d" -MT"Drivers/BSP/B-L475E-IOT01/stm32l475e_iot01.o" --specs=nano.specs -mfpu=fpv4-sp-d16 -mfloat-abi=hard -mthumb -o "Drivers/BSP/B-L475E-IOT01/stm32l475e_iot01.o" @"Drivers/BSP/B-L475E-IOT01/stm32l475e_iot01.c_includes.args"
arm-none-eabi-gcc "C:/Users/invain/Desktop/e4ds-stm-cube-ai/quest01/en.fp-ai-sensing1/STM32CubeFunctionPack_SENSING1_V4.0.3/Drivers/BSP/B-L475E-IOT01/stm32l475e_iot01_audio.c" -mcpu=cortex-m4 -std=c99 -g3 -DSTM32L475xx -DUSE_HAL_DRIVER -DUSE_STM32L475E_IOT01 -DPRIORITY_RTOS -DARM_MATH_CM4 -D__FPU_PRESENT=1 -c -O2 -ffunction-sections -Wall -fstack-usage -MMD -MP -MF"Drivers/BSP/B-L475E-IOT01/stm32l475e_iot01_audio.d" -MT"Drivers/BSP/B-L475E-IOT01/stm32l475e_iot01_audio.o" --specs=nano.specs -mfpu=fpv4-sp-d16 -mfloat-abi=hard -mthumb -o "Drivers/BSP/B-L475E-IOT01/stm32l475e_iot01_audio.o" @"Drivers/BSP/B-L475E-IOT01/stm32l475e_iot01_audio.c_includes.args"
arm-none-eabi-gcc "C:/Users/invain/Desktop/e4ds-stm-cube-ai/quest01/en.fp-ai-sensing1/STM32CubeFunctionPack_SENSING1_V4.0.3/Drivers/BSP/B-L475E-IOT01/stm32l475e_iot01_bus.c" -mcpu=cortex-m4 -std=c99 -g3 -DSTM32L475xx -DUSE_HAL_DRIVER -DUSE_STM32L475E_IOT01 -DPRIORITY_RTOS -DARM_MATH_CM4 -D__FPU_PRESENT=1 -c -O2 -ffunction-sections -Wall -fstack-usage -MMD -MP -MF"Drivers/BSP/B-L475E-IOT01/stm32l475e_iot01_bus.d" -MT"Drivers/BSP/B-L475E-IOT01/stm32l475e_iot01_bus.o" --specs=nano.specs -mfpu=fpv4-sp-d16 -mfloat-abi=hard -mthumb -o "Drivers/BSP/B-L475E-IOT01/stm32l475e_iot01_bus.o" @"Drivers/BSP/B-L475E-IOT01/stm32l475e_iot01_bus.c_includes.args"
arm-none-eabi-gcc "C:/Users/invain/Desktop/e4ds-stm-cube-ai/quest01/en.fp-ai-sensing1/STM32CubeFunctionPack_SENSING1_V4.0.3/Drivers/BSP/B-L475E-IOT01/stm32l475e_iot01_env_sensors.c" -mcpu=cortex-m4 -std=c99 -g3 -DSTM32L475xx -DUSE_HAL_DRIVER -DUSE_STM32L475E_IOT01 -DPRIORITY_RTOS -DARM_MATH_CM4 -D__FPU_PRESENT=1 -c -O2 -ffunction-sections -Wall -fstack-usage -MMD -MP -MF"Drivers/BSP/B-L475E-IOT01/stm32l475e_iot01_env_sensors.d" -MT"Drivers/BSP/B-L475E-IOT01/stm32l475e_iot01_env_sensors.o" --specs=nano.specs -mfpu=fpv4-sp-d16 -mfloat-abi=hard -mthumb -o "Drivers/BSP/B-L475E-IOT01/stm32l475e_iot01_env_sensors.o" @"Drivers/BSP/B-L475E-IOT01/stm32l475e_iot01_env_sensors.c_includes.args"
arm-none-eabi-gcc "C:/Users/invain/Desktop/e4ds-stm-cube-ai/quest01/en.fp-ai-sensing1/STM32CubeFunctionPack_SENSING1_V4.0.3/Drivers/BSP/B-L475E-IOT01/stm32l475e_iot01_motion_sensors.c" -mcpu=cortex-m4 -std=c99 -g3 -DSTM32L475xx -DUSE_HAL_DRIVER -DUSE_STM32L475E_IOT01 -DPRIORITY_RTOS -DARM_MATH_CM4 -D__FPU_PRESENT=1 -c -O2 -ffunction-sections -Wall -fstack-usage -MMD -MP -MF"Drivers/BSP/B-L475E-IOT01/stm32l475e_iot01_motion_sensors.d" -MT"Drivers/BSP/B-L475E-IOT01/stm32l475e_iot01_motion_sensors.o" --specs=nano.specs -mfpu=fpv4-sp-d16 -mfloat-abi=hard -mthumb -o "Drivers/BSP/B-L475E-IOT01/stm32l475e_iot01_motion_sensors.o" @"Drivers/BSP/B-L475E-IOT01/stm32l475e_iot01_motion_sensors.c_includes.args"
arm-none-eabi-gcc "C:/Users/invain/Desktop/e4ds-stm-cube-ai/quest01/en.fp-ai-sensing1/STM32CubeFunctionPack_SENSING1_V4.0.3/Drivers/BSP/B-L475E-IOT01/stm32l475e_iot01_qspi.c" -mcpu=cortex-m4 -std=c99 -g3 -DSTM32L475xx -DUSE_HAL_DRIVER -DUSE_STM32L475E_IOT01 -DPRIORITY_RTOS -DARM_MATH_CM4 -D__FPU_PRESENT=1 -c -O2 -ffunction-sections -Wall -fstack-usage -MMD -MP -MF"Drivers/BSP/B-L475E-IOT01/stm32l475e_iot01_qspi.d" -MT"Drivers/BSP/B-L475E-IOT01/stm32l475e_iot01_qspi.o" --specs=nano.specs -mfpu=fpv4-sp-d16 -mfloat-abi=hard -mthumb -o "Drivers/BSP/B-L475E-IOT01/stm32l475e_iot01_qspi.o" @"Drivers/BSP/B-L475E-IOT01/stm32l475e_iot01_qspi.c_includes.args"
arm-none-eabi-gcc -o "B-L475E-IOT01A.elf" @"objects.list"  -l:NetworkRuntime410_CM4_GCC.a -larm_cortexM4lf_math -mcpu=cortex-m4 -T"../LinkerScript.ld" --specs=nosys.specs -Wl,-Map="B-L475E-IOT01A.map" -Wl,--gc-sections -static -L../../../../../../../Middlewares/ST/STM32_AI_Library/lib -L../../../../../../../Drivers/CMSIS/Lib/GCC --specs=nano.specs -mfpu=fpv4-sp-d16 -mfloat-abi=hard -mthumb -u _printf_float -Wl,--start-group -lc -lm -Wl,--end-group
Finished building target: B-L475E-IOT01A.elf
 
arm-none-eabi-size   B-L475E-IOT01A.elf 
   text	   data	    bss	    dec	    hex	filename
 344520	   8696	  83424	 436640	  6a9a0	B-L475E-IOT01A.elf
Finished building: default.size.stdout
 
arm-none-eabi-objdump -h -S  B-L475E-IOT01A.elf  > "B-L475E-IOT01A.list"
Finished building: B-L475E-IOT01A.list
 
arm-none-eabi-objcopy -O binary "B-L475E-IOT01A.elf" "../../SENSING1.bin"
arm-none-eabi-size "B-L475E-IOT01A.elf"
   text	   data	    bss	    dec	    hex	filename
 344520	   8696	  83424	 436640	  6a9a0	B-L475E-IOT01A.elf
 
23:13:03 **** Incremental Build of configuration B-L475E-IOT01A for project B-L475E-IOT01A ****
make all 
arm-none-eabi-gcc "C:/Users/invain/Desktop/e4ds-stm-cube-ai/quest01/en.fp-ai-sensing1/STM32CubeFunctionPack_SENSING1_V4.0.3/Projects/B-L475E-IOT01A/Applications/SENSING1/Src/asc_data.c" -mcpu=cortex-m4 -std=c99 -g3 -DSTM32L475xx -DUSE_HAL_DRIVER -DUSE_STM32L475E_IOT01 -DPRIORITY_RTOS -DARM_MATH_CM4 -D__FPU_PRESENT=1 -c -O2 -ffunction-sections -Wall -fstack-usage -MMD -MP -MF"SENSING1/User/ASC/asc_data.d" -MT"SENSING1/User/ASC/asc_data.o" --specs=nano.specs -mfpu=fpv4-sp-d16 -mfloat-abi=hard -mthumb -o "SENSING1/User/ASC/asc_data.o" @"SENSING1/User/ASC/asc_data.c_includes.args"
arm-none-eabi-gcc -o "B-L475E-IOT01A.elf" @"objects.list"  -l:NetworkRuntime410_CM4_GCC.a -larm_cortexM4lf_math -mcpu=cortex-m4 -T"../LinkerScript.ld" --specs=nosys.specs -Wl,-Map="B-L475E-IOT01A.map" -Wl,--gc-sections -static -L../../../../../../../Middlewares/ST/STM32_AI_Library/lib -L../../../../../../../Drivers/CMSIS/Lib/GCC --specs=nano.specs -mfpu=fpv4-sp-d16 -mfloat-abi=hard -mthumb -u _printf_float -Wl,--start-group -lc -lm -Wl,--end-group
Finished building target: B-L475E-IOT01A.elf
 
arm-none-eabi-size   B-L475E-IOT01A.elf 
   text	   data	    bss	    dec	    hex	filename
 344520	   8696	  83424	 436640	  6a9a0	B-L475E-IOT01A.elf
Finished building: default.size.stdout
 
arm-none-eabi-objdump -h -S  B-L475E-IOT01A.elf  > "B-L475E-IOT01A.list"
Finished building: B-L475E-IOT01A.list
 
arm-none-eabi-objcopy -O binary "B-L475E-IOT01A.elf" "../../SENSING1.bin"
arm-none-eabi-size "B-L475E-IOT01A.elf"
   text	   data	    bss	    dec	    hex	filename
 344520	   8696	  83424	 436640	  6a9a0	B-L475E-IOT01A.elf
 
23:14:55 **** Incremental Build of configuration B-L475E-IOT01A for project B-L475E-IOT01A ****
make all 
arm-none-eabi-gcc "C:/Users/invain/Desktop/e4ds-stm-cube-ai/quest01/en.fp-ai-sensing1/STM32CubeFunctionPack_SENSING1_V4.0.3/Projects/B-L475E-IOT01A/Applications/SENSING1/Src/har_Postprocessing.c" -mcpu=cortex-m4 -std=c99 -g3 -DSTM32L475xx -DUSE_HAL_DRIVER -DUSE_STM32L475E_IOT01 -DPRIORITY_RTOS -DARM_MATH_CM4 -D__FPU_PRESENT=1 -c -O2 -ffunction-sections -Wall -fstack-usage -MMD -MP -MF"SENSING1/User/HAR/har_Postprocessing.d" -MT"SENSING1/User/HAR/har_Postprocessing.o" --specs=nano.specs -mfpu=fpv4-sp-d16 -mfloat-abi=hard -mthumb -o "SENSING1/User/HAR/har_Postprocessing.o" @"SENSING1/User/HAR/har_Postprocessing.c_includes.args"
arm-none-eabi-gcc "C:/Users/invain/Desktop/e4ds-stm-cube-ai/quest01/en.fp-ai-sensing1/STM32CubeFunctionPack_SENSING1_V4.0.3/Projects/B-L475E-IOT01A/Applications/SENSING1/Src/har_Preprocessing.c" -mcpu=cortex-m4 -std=c99 -g3 -DSTM32L475xx -DUSE_HAL_DRIVER -DUSE_STM32L475E_IOT01 -DPRIORITY_RTOS -DARM_MATH_CM4 -D__FPU_PRESENT=1 -c -O2 -ffunction-sections -Wall -fstack-usage -MMD -MP -MF"SENSING1/User/HAR/har_Preprocessing.d" -MT"SENSING1/User/HAR/har_Preprocessing.o" --specs=nano.specs -mfpu=fpv4-sp-d16 -mfloat-abi=hard -mthumb -o "SENSING1/User/HAR/har_Preprocessing.o" @"SENSING1/User/HAR/har_Preprocessing.c_includes.args"
arm-none-eabi-gcc "C:/Users/invain/Desktop/e4ds-stm-cube-ai/quest01/en.fp-ai-sensing1/STM32CubeFunctionPack_SENSING1_V4.0.3/Projects/B-L475E-IOT01A/Applications/SENSING1/Src/har_Processing.c" -mcpu=cortex-m4 -std=c99 -g3 -DSTM32L475xx -DUSE_HAL_DRIVER -DUSE_STM32L475E_IOT01 -DPRIORITY_RTOS -DARM_MATH_CM4 -D__FPU_PRESENT=1 -c -O2 -ffunction-sections -Wall -fstack-usage -MMD -MP -MF"SENSING1/User/HAR/har_Processing.d" -MT"SENSING1/User/HAR/har_Processing.o" --specs=nano.specs -mfpu=fpv4-sp-d16 -mfloat-abi=hard -mthumb -o "SENSING1/User/HAR/har_Processing.o" @"SENSING1/User/HAR/har_Processing.c_includes.args"
arm-none-eabi-gcc "C:/Users/invain/Desktop/e4ds-stm-cube-ai/quest01/en.fp-ai-sensing1/STM32CubeFunctionPack_SENSING1_V4.0.3/Projects/B-L475E-IOT01A/Applications/SENSING1/Src/har_ProcessingTest.c" -mcpu=cortex-m4 -std=c99 -g3 -DSTM32L475xx -DUSE_HAL_DRIVER -DUSE_STM32L475E_IOT01 -DPRIORITY_RTOS -DARM_MATH_CM4 -D__FPU_PRESENT=1 -c -O2 -ffunction-sections -Wall -fstack-usage -MMD -MP -MF"SENSING1/User/HAR/har_ProcessingTest.d" -MT"SENSING1/User/HAR/har_ProcessingTest.o" --specs=nano.specs -mfpu=fpv4-sp-d16 -mfloat-abi=hard -mthumb -o "SENSING1/User/HAR/har_ProcessingTest.o" @"SENSING1/User/HAR/har_ProcessingTest.c_includes.args"
arm-none-eabi-gcc "C:/Users/invain/Desktop/e4ds-stm-cube-ai/quest01/en.fp-ai-sensing1/STM32CubeFunctionPack_SENSING1_V4.0.3/Projects/B-L475E-IOT01A/Applications/SENSING1/Src/asc_data.c" -mcpu=cortex-m4 -std=c99 -g3 -DSTM32L475xx -DUSE_HAL_DRIVER -DUSE_STM32L475E_IOT01 -DPRIORITY_RTOS -DARM_MATH_CM4 -D__FPU_PRESENT=1 -c -O2 -ffunction-sections -Wall -fstack-usage -MMD -MP -MF"SENSING1/User/ASC/asc_data.d" -MT"SENSING1/User/ASC/asc_data.o" --specs=nano.specs -mfpu=fpv4-sp-d16 -mfloat-abi=hard -mthumb -o "SENSING1/User/ASC/asc_data.o" @"SENSING1/User/ASC/asc_data.c_includes.args"
arm-none-eabi-gcc "C:/Users/invain/Desktop/e4ds-stm-cube-ai/quest01/en.fp-ai-sensing1/STM32CubeFunctionPack_SENSING1_V4.0.3/Projects/B-L475E-IOT01A/Applications/SENSING1/Src/asc_postprocessing.c" -mcpu=cortex-m4 -std=c99 -g3 -DSTM32L475xx -DUSE_HAL_DRIVER -DUSE_STM32L475E_IOT01 -DPRIORITY_RTOS -DARM_MATH_CM4 -D__FPU_PRESENT=1 -c -O2 -ffunction-sections -Wall -fstack-usage -MMD -MP -MF"SENSING1/User/ASC/asc_postprocessing.d" -MT"SENSING1/User/ASC/asc_postprocessing.o" --specs=nano.specs -mfpu=fpv4-sp-d16 -mfloat-abi=hard -mthumb -o "SENSING1/User/ASC/asc_postprocessing.o" @"SENSING1/User/ASC/asc_postprocessing.c_includes.args"
arm-none-eabi-gcc "C:/Users/invain/Desktop/e4ds-stm-cube-ai/quest01/en.fp-ai-sensing1/STM32CubeFunctionPack_SENSING1_V4.0.3/Projects/B-L475E-IOT01A/Applications/SENSING1/Src/asc_processing.c" -mcpu=cortex-m4 -std=c99 -g3 -DSTM32L475xx -DUSE_HAL_DRIVER -DUSE_STM32L475E_IOT01 -DPRIORITY_RTOS -DARM_MATH_CM4 -D__FPU_PRESENT=1 -c -O2 -ffunction-sections -Wall -fstack-usage -MMD -MP -MF"SENSING1/User/ASC/asc_processing.d" -MT"SENSING1/User/ASC/asc_processing.o" --specs=nano.specs -mfpu=fpv4-sp-d16 -mfloat-abi=hard -mthumb -o "SENSING1/User/ASC/asc_processing.o" @"SENSING1/User/ASC/asc_processing.c_includes.args"
arm-none-eabi-gcc "C:/Users/invain/Desktop/e4ds-stm-cube-ai/quest01/en.fp-ai-sensing1/STM32CubeFunctionPack_SENSING1_V4.0.3/Projects/B-L475E-IOT01A/Applications/SENSING1/Src/DataLog_Manager.c" -mcpu=cortex-m4 -std=c99 -g3 -DSTM32L475xx -DUSE_HAL_DRIVER -DUSE_STM32L475E_IOT01 -DPRIORITY_RTOS -DARM_MATH_CM4 -D__FPU_PRESENT=1 -c -O2 -ffunction-sections -Wall -fstack-usage -MMD -MP -MF"SENSING1/User/DataLog_Manager.d" -MT"SENSING1/User/DataLog_Manager.o" --specs=nano.specs -mfpu=fpv4-sp-d16 -mfloat-abi=hard -mthumb -o "SENSING1/User/DataLog_Manager.o" @"SENSING1/User/DataLog_Manager.c_includes.args"
arm-none-eabi-gcc "C:/Users/invain/Desktop/e4ds-stm-cube-ai/quest01/en.fp-ai-sensing1/STM32CubeFunctionPack_SENSING1_V4.0.3/Projects/B-L475E-IOT01A/Applications/SENSING1/Src/OTA.c" -mcpu=cortex-m4 -std=c99 -g3 -DSTM32L475xx -DUSE_HAL_DRIVER -DUSE_STM32L475E_IOT01 -DPRIORITY_RTOS -DARM_MATH_CM4 -D__FPU_PRESENT=1 -c -O2 -ffunction-sections -Wall -fstack-usage -MMD -MP -MF"SENSING1/User/OTA.d" -MT"SENSING1/User/OTA.o" --specs=nano.specs -mfpu=fpv4-sp-d16 -mfloat-abi=hard -mthumb -o "SENSING1/User/OTA.o" @"SENSING1/User/OTA.c_includes.args"
arm-none-eabi-gcc "C:/Users/invain/Desktop/e4ds-stm-cube-ai/quest01/en.fp-ai-sensing1/STM32CubeFunctionPack_SENSING1_V4.0.3/Projects/B-L475E-IOT01A/Applications/SENSING1/Src/PowerControl.c" -mcpu=cortex-m4 -std=c99 -g3 -DSTM32L475xx -DUSE_HAL_DRIVER -DUSE_STM32L475E_IOT01 -DPRIORITY_RTOS -DARM_MATH_CM4 -D__FPU_PRESENT=1 -c -O2 -ffunction-sections -Wall -fstack-usage -MMD -MP -MF"SENSING1/User/PowerControl.d" -MT"SENSING1/User/PowerControl.o" --specs=nano.specs -mfpu=fpv4-sp-d16 -mfloat-abi=hard -mthumb -o "SENSING1/User/PowerControl.o" @"SENSING1/User/PowerControl.c_includes.args"
arm-none-eabi-gcc "C:/Users/invain/Desktop/e4ds-stm-cube-ai/quest01/en.fp-ai-sensing1/STM32CubeFunctionPack_SENSING1_V4.0.3/Projects/B-L475E-IOT01A/Applications/SENSING1/Src/TargetPlatform.c" -mcpu=cortex-m4 -std=c99 -g3 -DSTM32L475xx -DUSE_HAL_DRIVER -DUSE_STM32L475E_IOT01 -DPRIORITY_RTOS -DARM_MATH_CM4 -D__FPU_PRESENT=1 -c -O2 -ffunction-sections -Wall -fstack-usage -MMD -MP -MF"SENSING1/User/TargetPlatform.d" -MT"SENSING1/User/TargetPlatform.o" --specs=nano.specs -mfpu=fpv4-sp-d16 -mfloat-abi=hard -mthumb -o "SENSING1/User/TargetPlatform.o" @"SENSING1/User/TargetPlatform.c_includes.args"
arm-none-eabi-gcc "C:/Users/invain/Desktop/e4ds-stm-cube-ai/quest01/en.fp-ai-sensing1/STM32CubeFunctionPack_SENSING1_V4.0.3/Projects/B-L475E-IOT01A/Applications/SENSING1/Src/ai_common.c" -mcpu=cortex-m4 -std=c99 -g3 -DSTM32L475xx -DUSE_HAL_DRIVER -DUSE_STM32L475E_IOT01 -DPRIORITY_RTOS -DARM_MATH_CM4 -D__FPU_PRESENT=1 -c -O2 -ffunction-sections -Wall -fstack-usage -MMD -MP -MF"SENSING1/User/ai_common.d" -MT"SENSING1/User/ai_common.o" --specs=nano.specs -mfpu=fpv4-sp-d16 -mfloat-abi=hard -mthumb -o "SENSING1/User/ai_common.o" @"SENSING1/User/ai_common.c_includes.args"
arm-none-eabi-gcc "C:/Users/invain/Desktop/e4ds-stm-cube-ai/quest01/en.fp-ai-sensing1/STM32CubeFunctionPack_SENSING1_V4.0.3/Projects/B-L475E-IOT01A/Applications/SENSING1/Src/cli_commands.c" -mcpu=cortex-m4 -std=c99 -g3 -DSTM32L475xx -DUSE_HAL_DRIVER -DUSE_STM32L475E_IOT01 -DPRIORITY_RTOS -DARM_MATH_CM4 -D__FPU_PRESENT=1 -c -O2 -ffunction-sections -Wall -fstack-usage -MMD -MP -MF"SENSING1/User/cli_commands.d" -MT"SENSING1/User/cli_commands.o" --specs=nano.specs -mfpu=fpv4-sp-d16 -mfloat-abi=hard -mthumb -o "SENSING1/User/cli_commands.o" @"SENSING1/User/cli_commands.c_includes.args"
arm-none-eabi-gcc "C:/Users/invain/Desktop/e4ds-stm-cube-ai/quest01/en.fp-ai-sensing1/STM32CubeFunctionPack_SENSING1_V4.0.3/Projects/B-L475E-IOT01A/Applications/SENSING1/Src/console.c" -mcpu=cortex-m4 -std=c99 -g3 -DSTM32L475xx -DUSE_HAL_DRIVER -DUSE_STM32L475E_IOT01 -DPRIORITY_RTOS -DARM_MATH_CM4 -D__FPU_PRESENT=1 -c -O2 -ffunction-sections -Wall -fstack-usage -MMD -MP -MF"SENSING1/User/console.d" -MT"SENSING1/User/console.o" --specs=nano.specs -mfpu=fpv4-sp-d16 -mfloat-abi=hard -mthumb -o "SENSING1/User/console.o" @"SENSING1/User/console.c_includes.args"
arm-none-eabi-gcc "C:/Users/invain/Desktop/e4ds-stm-cube-ai/quest01/en.fp-ai-sensing1/STM32CubeFunctionPack_SENSING1_V4.0.3/Projects/B-L475E-IOT01A/Applications/SENSING1/Src/main.c" -mcpu=cortex-m4 -std=c99 -g3 -DSTM32L475xx -DUSE_HAL_DRIVER -DUSE_STM32L475E_IOT01 -DPRIORITY_RTOS -DARM_MATH_CM4 -D__FPU_PRESENT=1 -c -O2 -ffunction-sections -Wall -fstack-usage -MMD -MP -MF"SENSING1/User/main.d" -MT"SENSING1/User/main.o" --specs=nano.specs -mfpu=fpv4-sp-d16 -mfloat-abi=hard -mthumb -o "SENSING1/User/main.o" @"SENSING1/User/main.c_includes.args"
arm-none-eabi-gcc "C:/Users/invain/Desktop/e4ds-stm-cube-ai/quest01/en.fp-ai-sensing1/STM32CubeFunctionPack_SENSING1_V4.0.3/Projects/B-L475E-IOT01A/Applications/SENSING1/Src/qspi_diskio_iot01.c" -mcpu=cortex-m4 -std=c99 -g3 -DSTM32L475xx -DUSE_HAL_DRIVER -DUSE_STM32L475E_IOT01 -DPRIORITY_RTOS -DARM_MATH_CM4 -D__FPU_PRESENT=1 -c -O2 -ffunction-sections -Wall -fstack-usage -MMD -MP -MF"SENSING1/User/qspi_diskio_iot01.d" -MT"SENSING1/User/qspi_diskio_iot01.o" --specs=nano.specs -mfpu=fpv4-sp-d16 -mfloat-abi=hard -mthumb -o "SENSING1/User/qspi_diskio_iot01.o" @"SENSING1/User/qspi_diskio_iot01.c_includes.args"
arm-none-eabi-gcc "C:/Users/invain/Desktop/e4ds-stm-cube-ai/quest01/en.fp-ai-sensing1/STM32CubeFunctionPack_SENSING1_V4.0.3/Projects/B-L475E-IOT01A/Applications/SENSING1/Src/sensor_service.c" -mcpu=cortex-m4 -std=c99 -g3 -DSTM32L475xx -DUSE_HAL_DRIVER -DUSE_STM32L475E_IOT01 -DPRIORITY_RTOS -DARM_MATH_CM4 -D__FPU_PRESENT=1 -c -O2 -ffunction-sections -Wall -fstack-usage -MMD -MP -MF"SENSING1/User/sensor_service.d" -MT"SENSING1/User/sensor_service.o" --specs=nano.specs -mfpu=fpv4-sp-d16 -mfloat-abi=hard -mthumb -o "SENSING1/User/sensor_service.o" @"SENSING1/User/sensor_service.c_includes.args"
arm-none-eabi-gcc "C:/Users/invain/Desktop/e4ds-stm-cube-ai/quest01/en.fp-ai-sensing1/STM32CubeFunctionPack_SENSING1_V4.0.3/Projects/B-L475E-IOT01A/Applications/SENSING1/Src/stm32l4xx_it.c" -mcpu=cortex-m4 -std=c99 -g3 -DSTM32L475xx -DUSE_HAL_DRIVER -DUSE_STM32L475E_IOT01 -DPRIORITY_RTOS -DARM_MATH_CM4 -D__FPU_PRESENT=1 -c -O2 -ffunction-sections -Wall -fstack-usage -MMD -MP -MF"SENSING1/User/stm32l4xx_it.d" -MT"SENSING1/User/stm32l4xx_it.o" --specs=nano.specs -mfpu=fpv4-sp-d16 -mfloat-abi=hard -mthumb -o "SENSING1/User/stm32l4xx_it.o" @"SENSING1/User/stm32l4xx_it.c_includes.args"
arm-none-eabi-gcc "C:/Users/invain/Desktop/e4ds-stm-cube-ai/quest01/en.fp-ai-sensing1/STM32CubeFunctionPack_SENSING1_V4.0.3/Projects/B-L475E-IOT01A/Applications/SENSING1/Src/usbd_audio_if.c" -mcpu=cortex-m4 -std=c99 -g3 -DSTM32L475xx -DUSE_HAL_DRIVER -DUSE_STM32L475E_IOT01 -DPRIORITY_RTOS -DARM_MATH_CM4 -D__FPU_PRESENT=1 -c -O2 -ffunction-sections -Wall -fstack-usage -MMD -MP -MF"SENSING1/User/usbd_audio_if.d" -MT"SENSING1/User/usbd_audio_if.o" --specs=nano.specs -mfpu=fpv4-sp-d16 -mfloat-abi=hard -mthumb -o "SENSING1/User/usbd_audio_if.o" @"SENSING1/User/usbd_audio_if.c_includes.args"
arm-none-eabi-gcc "C:/Users/invain/Desktop/e4ds-stm-cube-ai/quest01/en.fp-ai-sensing1/STM32CubeFunctionPack_SENSING1_V4.0.3/Projects/B-L475E-IOT01A/Applications/SENSING1/Src/usbd_desc.c" -mcpu=cortex-m4 -std=c99 -g3 -DSTM32L475xx -DUSE_HAL_DRIVER -DUSE_STM32L475E_IOT01 -DPRIORITY_RTOS -DARM_MATH_CM4 -D__FPU_PRESENT=1 -c -O2 -ffunction-sections -Wall -fstack-usage -MMD -MP -MF"SENSING1/User/usbd_desc.d" -MT"SENSING1/User/usbd_desc.o" --specs=nano.specs -mfpu=fpv4-sp-d16 -mfloat-abi=hard -mthumb -o "SENSING1/User/usbd_desc.o" @"SENSING1/User/usbd_desc.c_includes.args"
arm-none-eabi-gcc "C:/Users/invain/Desktop/e4ds-stm-cube-ai/quest01/en.fp-ai-sensing1/STM32CubeFunctionPack_SENSING1_V4.0.3/Middlewares/Third_Party/FatFs/src/option/syscall.c" -mcpu=cortex-m4 -std=c99 -g3 -DSTM32L475xx -DUSE_HAL_DRIVER -DUSE_STM32L475E_IOT01 -DPRIORITY_RTOS -DARM_MATH_CM4 -D__FPU_PRESENT=1 -c -O2 -ffunction-sections -Wall -fstack-usage -MMD -MP -MF"Middlewares/FatFs/Options/syscall.d" -MT"Middlewares/FatFs/Options/syscall.o" --specs=nano.specs -mfpu=fpv4-sp-d16 -mfloat-abi=hard -mthumb -o "Middlewares/FatFs/Options/syscall.o" @"Middlewares/FatFs/Options/syscall.c_includes.args"
arm-none-eabi-gcc "C:/Users/invain/Desktop/e4ds-stm-cube-ai/quest01/en.fp-ai-sensing1/STM32CubeFunctionPack_SENSING1_V4.0.3/Middlewares/Third_Party/FatFs/src/option/unicode.c" -mcpu=cortex-m4 -std=c99 -g3 -DSTM32L475xx -DUSE_HAL_DRIVER -DUSE_STM32L475E_IOT01 -DPRIORITY_RTOS -DARM_MATH_CM4 -D__FPU_PRESENT=1 -c -O2 -ffunction-sections -Wall -fstack-usage -MMD -MP -MF"Middlewares/FatFs/Options/unicode.d" -MT"Middlewares/FatFs/Options/unicode.o" --specs=nano.specs -mfpu=fpv4-sp-d16 -mfloat-abi=hard -mthumb -o "Middlewares/FatFs/Options/unicode.o" @"Middlewares/FatFs/Options/unicode.c_includes.args"
arm-none-eabi-gcc "C:/Users/invain/Desktop/e4ds-stm-cube-ai/quest01/en.fp-ai-sensing1/STM32CubeFunctionPack_SENSING1_V4.0.3/Middlewares/Third_Party/FatFs/src/diskio.c" -mcpu=cortex-m4 -std=c99 -g3 -DSTM32L475xx -DUSE_HAL_DRIVER -DUSE_STM32L475E_IOT01 -DPRIORITY_RTOS -DARM_MATH_CM4 -D__FPU_PRESENT=1 -c -O2 -ffunction-sections -Wall -fstack-usage -MMD -MP -MF"Middlewares/FatFs/Core/diskio.d" -MT"Middlewares/FatFs/Core/diskio.o" --specs=nano.specs -mfpu=fpv4-sp-d16 -mfloat-abi=hard -mthumb -o "Middlewares/FatFs/Core/diskio.o" @"Middlewares/FatFs/Core/diskio.c_includes.args"
arm-none-eabi-gcc "C:/Users/invain/Desktop/e4ds-stm-cube-ai/quest01/en.fp-ai-sensing1/STM32CubeFunctionPack_SENSING1_V4.0.3/Middlewares/Third_Party/FatFs/src/ff.c" -mcpu=cortex-m4 -std=c99 -g3 -DSTM32L475xx -DUSE_HAL_DRIVER -DUSE_STM32L475E_IOT01 -DPRIORITY_RTOS -DARM_MATH_CM4 -D__FPU_PRESENT=1 -c -O2 -ffunction-sections -Wall -fstack-usage -MMD -MP -MF"Middlewares/FatFs/Core/ff.d" -MT"Middlewares/FatFs/Core/ff.o" --specs=nano.specs -mfpu=fpv4-sp-d16 -mfloat-abi=hard -mthumb -o "Middlewares/FatFs/Core/ff.o" @"Middlewares/FatFs/Core/ff.c_includes.args"
arm-none-eabi-gcc "C:/Users/invain/Desktop/e4ds-stm-cube-ai/quest01/en.fp-ai-sensing1/STM32CubeFunctionPack_SENSING1_V4.0.3/Middlewares/Third_Party/FatFs/src/ff_gen_drv.c" -mcpu=cortex-m4 -std=c99 -g3 -DSTM32L475xx -DUSE_HAL_DRIVER -DUSE_STM32L475E_IOT01 -DPRIORITY_RTOS -DARM_MATH_CM4 -D__FPU_PRESENT=1 -c -O2 -ffunction-sections -Wall -fstack-usage -MMD -MP -MF"Middlewares/FatFs/Core/ff_gen_drv.d" -MT"Middlewares/FatFs/Core/ff_gen_drv.o" --specs=nano.specs -mfpu=fpv4-sp-d16 -mfloat-abi=hard -mthumb -o "Middlewares/FatFs/Core/ff_gen_drv.o" @"Middlewares/FatFs/Core/ff_gen_drv.c_includes.args"
arm-none-eabi-gcc -o "B-L475E-IOT01A.elf" @"objects.list"  -l:NetworkRuntime410_CM4_GCC.a -larm_cortexM4lf_math -mcpu=cortex-m4 -T"../LinkerScript.ld" --specs=nosys.specs -Wl,-Map="B-L475E-IOT01A.map" -Wl,--gc-sections -static -L../../../../../../../Middlewares/ST/STM32_AI_Library/lib -L../../../../../../../Drivers/CMSIS/Lib/GCC --specs=nano.specs -mfpu=fpv4-sp-d16 -mfloat-abi=hard -mthumb -u _printf_float -Wl,--start-group -lc -lm -Wl,--end-group
Finished building target: B-L475E-IOT01A.elf
 
arm-none-eabi-size   B-L475E-IOT01A.elf 
   text	   data	    bss	    dec	    hex	filename
 344528	   8696	  83424	 436648	  6a9a8	B-L475E-IOT01A.elf
Finished building: default.size.stdout
 
arm-none-eabi-objdump -h -S  B-L475E-IOT01A.elf  > "B-L475E-IOT01A.list"
Finished building: B-L475E-IOT01A.list
 
arm-none-eabi-objcopy -O binary "B-L475E-IOT01A.elf" "../../SENSING1.bin"
arm-none-eabi-size "B-L475E-IOT01A.elf"
   text	   data	    bss	    dec	    hex	filename
 344528	   8696	  83424	 436648	  6a9a8	B-L475E-IOT01A.elf
 
