C:/Users/invain/Desktop/e4ds-stm-cube-ai/quest01/en.fp-ai-sensing1/STM32CubeFunctionPack_SENSING1_V4.0.3/Projects/B-L475E-IOT01A/Applications/SENSING1/Src/har_ProcessingTest.c:1125:6:HAR_GetTestSamples	8	static
C:/Users/invain/Desktop/e4ds-stm-cube-ai/quest01/en.fp-ai-sensing1/STM32CubeFunctionPack_SENSING1_V4.0.3/Projects/B-L475E-IOT01A/Applications/SENSING1/Src/har_ProcessingTest.c:1176:6:HAR_GetTestSamples_Init	0	static
C:/Users/invain/Desktop/e4ds-stm-cube-ai/quest01/en.fp-ai-sensing1/STM32CubeFunctionPack_SENSING1_V4.0.3/Projects/B-L475E-IOT01A/Applications/SENSING1/Src/har_ProcessingTest.c:1187:6:HAR_GetTestSamples_DeInit	0	static
